

================================================================
== Vitis HLS Report for 'top_kernel'
================================================================
* Date:           Wed Jan 28 22:49:46 2026

* Version:        2025.1.1 (Build 6214317 on Sep 11 2025)
* Project:        project_1
* Solution:       hls (Vivado IP Flow Target)
* Product family: zynquplus
* Target device:  xczu3eg-sbva484-1-e


================================================================
== Performance Estimates
================================================================
+ Timing: 
    * Summary: 
    +--------+----------+----------+------------+
    |  Clock |  Target  | Estimated| Uncertainty|
    +--------+----------+----------+------------+
    |ap_clk  |  10.00 ns|  7.277 ns|     2.70 ns|
    +--------+----------+----------+------------+

+ Latency: 
    * Summary: 
    +---------+---------+----------+----------+-------+-------+---------+
    |  Latency (cycles) |  Latency (absolute) |    Interval   | Pipeline|
    |   min   |   max   |    min   |    max   |  min  |  max  |   Type  |
    +---------+---------+----------+----------+-------+-------+---------+
    |    62213|    62213|  0.622 ms|  0.622 ms|  62214|  62214|       no|
    +---------+---------+----------+----------+-------+-------+---------+

    + Detail: 
        * Instance: 
        +----------------------------------------------------------------+-----------------------------------------------------+---------+---------+----------+----------+-------+-------+------------------------------------------------+
        |                                                                |                                                     |  Latency (cycles) |  Latency (absolute) |    Interval   |                    Pipeline                    |
        |                            Instance                            |                        Module                       |   min   |   max   |    min   |    max   |  min  |  max  |                      Type                      |
        +----------------------------------------------------------------+-----------------------------------------------------+---------+---------+----------+----------+-------+-------+------------------------------------------------+
        |grp_top_kernel_Pipeline_Loop_Read_Sum_fu_348                    |top_kernel_Pipeline_Loop_Read_Sum                    |       66|       66|  0.660 us|  0.660 us|     65|     65|  loop auto-rewind stp (delay=0 clock cycles(s))|
        |grp_top_kernel_Pipeline_Loop_Scale_Rows_Loop_Scale_Cols_fu_357  |top_kernel_Pipeline_Loop_Scale_Rows_Loop_Scale_Cols  |    16387|    16387|  0.164 ms|  0.164 ms|  16385|  16385|  loop auto-rewind stp (delay=0 clock cycles(s))|
        |grp_top_kernel_Pipeline_Loop_Norm_Accum_fu_443                  |top_kernel_Pipeline_Loop_Norm_Accum                  |      109|      109|  1.090 us|  1.090 us|     65|     65|  loop auto-rewind stp (delay=0 clock cycles(s))|
        +----------------------------------------------------------------+-----------------------------------------------------+---------+---------+----------+----------+-------+-------+------------------------------------------------+

        * Loop: 
        +-----------------------+---------+---------+----------+-----------+-----------+------+----------+
        |                       |  Latency (cycles) | Iteration|  Initiation Interval  | Trip |          |
        |       Loop Name       |   min   |   max   |  Latency |  achieved |   target  | Count| Pipelined|
        +-----------------------+---------+---------+----------+-----------+-----------+------+----------+
        |- Loop_Row_Processing  |    45824|    45824|       179|          -|          -|   256|        no|
        +-----------------------+---------+---------+----------+-----------+-----------+------+----------+



================================================================
== Utilization Estimates
================================================================
* Summary: 
+-----------------+---------+-----+--------+-------+-----+
|       Name      | BRAM_18K| DSP |   FF   |  LUT  | URAM|
+-----------------+---------+-----+--------+-------+-----+
|DSP              |        -|    -|       -|      -|    -|
|Expression       |        -|    -|       0|    119|    -|
|FIFO             |        -|    -|       -|      -|    -|
|Instance         |        -|    1|    3919|   6122|    -|
|Memory           |       25|    -|       0|      0|    0|
|Multiplexer      |        -|    -|       0|    955|    -|
|Register         |        -|    -|    1594|      -|    -|
+-----------------+---------+-----+--------+-------+-----+
|Total            |       25|    1|    5513|   7196|    0|
+-----------------+---------+-----+--------+-------+-----+
|Available        |      432|  360|  141120|  70560|    0|
+-----------------+---------+-----+--------+-------+-----+
|Utilization (%)  |        5|   ~0|       3|     10|    0|
+-----------------+---------+-----+--------+-------+-----+

+ Detail: 
    * Instance: 
    +----------------------------------------------------------------+-----------------------------------------------------+---------+----+------+------+-----+
    |                            Instance                            |                        Module                       | BRAM_18K| DSP|  FF  |  LUT | URAM|
    +----------------------------------------------------------------+-----------------------------------------------------+---------+----+------+------+-----+
    |grp_top_kernel_Pipeline_Loop_Norm_Accum_fu_443                  |top_kernel_Pipeline_Loop_Norm_Accum                  |        0|   0|  3753|  5127|    0|
    |grp_top_kernel_Pipeline_Loop_Read_Sum_fu_348                    |top_kernel_Pipeline_Loop_Read_Sum                    |        0|   0|    41|   214|    0|
    |grp_top_kernel_Pipeline_Loop_Scale_Rows_Loop_Scale_Cols_fu_357  |top_kernel_Pipeline_Loop_Scale_Rows_Loop_Scale_Cols  |        0|   1|   125|   781|    0|
    +----------------------------------------------------------------+-----------------------------------------------------+---------+----+------+------+-----+
    |Total                                                           |                                                     |        0|   1|  3919|  6122|    0|
    +----------------------------------------------------------------+-----------------------------------------------------+---------+----+------+------+-----+

    * DSP: 
    N/A

    * Memory: 
    +--------------------------------------------------------+--------------------------------------------------------------------+---------+---+----+-----+------+-----+------+-------------+
    |                         Memory                         |                               Module                               | BRAM_18K| FF| LUT| URAM| Words| Bits| Banks| W*Bits*Banks|
    +--------------------------------------------------------+--------------------------------------------------------------------+---------+---+----+-----+------+-----+------+-------------+
    |row_buf_U                                               |row_buf_RAM_AUTO_1R1W                                               |        1|  0|   0|    0|    64|   24|     1|         1536|
    |top_kernel_ap_fixed_64_ap_fixed_24_10_0_0_0_64_tmp_7_U  |top_kernel_ap_fixed_64_ap_fixed_24_10_0_0_0_64_tmp_7_RAM_AUTO_1R1W  |        3|  0|   0|    0|  2048|   24|     1|        49152|
    |top_kernel_ap_fixed_64_ap_fixed_24_10_0_0_0_64_tmp_6_U  |top_kernel_ap_fixed_64_ap_fixed_24_10_0_0_0_64_tmp_7_RAM_AUTO_1R1W  |        3|  0|   0|    0|  2048|   24|     1|        49152|
    |top_kernel_ap_fixed_64_ap_fixed_24_10_0_0_0_64_tmp_5_U  |top_kernel_ap_fixed_64_ap_fixed_24_10_0_0_0_64_tmp_7_RAM_AUTO_1R1W  |        3|  0|   0|    0|  2048|   24|     1|        49152|
    |top_kernel_ap_fixed_64_ap_fixed_24_10_0_0_0_64_tmp_4_U  |top_kernel_ap_fixed_64_ap_fixed_24_10_0_0_0_64_tmp_7_RAM_AUTO_1R1W  |        3|  0|   0|    0|  2048|   24|     1|        49152|
    |top_kernel_ap_fixed_64_ap_fixed_24_10_0_0_0_64_tmp_3_U  |top_kernel_ap_fixed_64_ap_fixed_24_10_0_0_0_64_tmp_7_RAM_AUTO_1R1W  |        3|  0|   0|    0|  2048|   24|     1|        49152|
    |top_kernel_ap_fixed_64_ap_fixed_24_10_0_0_0_64_tmp_2_U  |top_kernel_ap_fixed_64_ap_fixed_24_10_0_0_0_64_tmp_7_RAM_AUTO_1R1W  |        3|  0|   0|    0|  2048|   24|     1|        49152|
    |top_kernel_ap_fixed_64_ap_fixed_24_10_0_0_0_64_tmp_1_U  |top_kernel_ap_fixed_64_ap_fixed_24_10_0_0_0_64_tmp_7_RAM_AUTO_1R1W  |        3|  0|   0|    0|  2048|   24|     1|        49152|
    |top_kernel_ap_fixed_64_ap_fixed_24_10_0_0_0_64_tmp_U    |top_kernel_ap_fixed_64_ap_fixed_24_10_0_0_0_64_tmp_7_RAM_AUTO_1R1W  |        3|  0|   0|    0|  2048|   24|     1|        49152|
    +--------------------------------------------------------+--------------------------------------------------------------------+---------+---+----+-----+------+-----+------+-------------+
    |Total                                                   |                                                                    |       25|  0|   0|    0| 16448|  216|     9|       394752|
    +--------------------------------------------------------+--------------------------------------------------------------------+---------+---+----+-----+------+-----+------+-------------+

    * FIFO: 
    N/A

    * Expression: 
    +------------------------+----------+----+---+----+------------+------------+
    |      Variable Name     | Operation| DSP| FF| LUT| Bitwidth P0| Bitwidth P1|
    +------------------------+----------+----+---+----+------------+------------+
    |add_ln42_fu_864_p2      |         +|   0|  0|  16|           9|           1|
    |add_ln57_fu_1151_p2     |         +|   0|  0|  32|          25|          15|
    |and_ln57_fu_1183_p2     |       and|   0|  0|   2|           1|           1|
    |icmp_ln42_fu_858_p2     |      icmp|   0|  0|  17|           9|          10|
    |denom_1_fu_1203_p3      |    select|   0|  0|  24|           1|          24|
    |select_ln57_fu_1195_p3  |    select|   0|  0|  24|           1|          23|
    |xor_ln57_1_fu_1189_p2   |       xor|   0|  0|   2|           1|           1|
    |xor_ln57_fu_1177_p2     |       xor|   0|  0|   2|           1|           2|
    +------------------------+----------+----+---+----+------------+------------+
    |Total                   |          |   0|  0| 119|          48|          77|
    +------------------------+----------+----+---+----+------------+------------+

    * Multiplexer: 
    +---------------------------------------------------------------+----+-----------+-----+-----------+
    |                              Name                             | LUT| Input Size| Bits| Total Bits|
    +---------------------------------------------------------------+----+-----------+-----+-----------+
    |ap_NS_fsm                                                      |  37|          7|    1|          7|
    |col_sums_10_fu_128                                             |   9|          2|   24|         48|
    |col_sums_11_fu_132                                             |   9|          2|   24|         48|
    |col_sums_12_fu_136                                             |   9|          2|   24|         48|
    |col_sums_13_fu_140                                             |   9|          2|   24|         48|
    |col_sums_14_fu_144                                             |   9|          2|   24|         48|
    |col_sums_15_fu_148                                             |   9|          2|   24|         48|
    |col_sums_16_fu_152                                             |   9|          2|   24|         48|
    |col_sums_17_fu_156                                             |   9|          2|   24|         48|
    |col_sums_18_fu_160                                             |   9|          2|   24|         48|
    |col_sums_19_fu_164                                             |   9|          2|   24|         48|
    |col_sums_1_fu_92                                               |   9|          2|   24|         48|
    |col_sums_20_fu_168                                             |   9|          2|   24|         48|
    |col_sums_21_fu_172                                             |   9|          2|   24|         48|
    |col_sums_22_fu_176                                             |   9|          2|   24|         48|
    |col_sums_23_fu_180                                             |   9|          2|   24|         48|
    |col_sums_24_fu_184                                             |   9|          2|   24|         48|
    |col_sums_25_fu_188                                             |   9|          2|   24|         48|
    |col_sums_26_fu_192                                             |   9|          2|   24|         48|
    |col_sums_27_fu_196                                             |   9|          2|   24|         48|
    |col_sums_28_fu_200                                             |   9|          2|   24|         48|
    |col_sums_29_fu_204                                             |   9|          2|   24|         48|
    |col_sums_2_fu_96                                               |   9|          2|   24|         48|
    |col_sums_30_fu_208                                             |   9|          2|   24|         48|
    |col_sums_31_fu_212                                             |   9|          2|   24|         48|
    |col_sums_32_fu_216                                             |   9|          2|   24|         48|
    |col_sums_33_fu_220                                             |   9|          2|   24|         48|
    |col_sums_34_fu_224                                             |   9|          2|   24|         48|
    |col_sums_35_fu_228                                             |   9|          2|   24|         48|
    |col_sums_36_fu_232                                             |   9|          2|   24|         48|
    |col_sums_37_fu_236                                             |   9|          2|   24|         48|
    |col_sums_38_fu_240                                             |   9|          2|   24|         48|
    |col_sums_39_fu_244                                             |   9|          2|   24|         48|
    |col_sums_3_fu_100                                              |   9|          2|   24|         48|
    |col_sums_40_fu_248                                             |   9|          2|   24|         48|
    |col_sums_41_fu_252                                             |   9|          2|   24|         48|
    |col_sums_42_fu_256                                             |   9|          2|   24|         48|
    |col_sums_43_fu_260                                             |   9|          2|   24|         48|
    |col_sums_44_fu_264                                             |   9|          2|   24|         48|
    |col_sums_45_fu_268                                             |   9|          2|   24|         48|
    |col_sums_46_fu_272                                             |   9|          2|   24|         48|
    |col_sums_47_fu_276                                             |   9|          2|   24|         48|
    |col_sums_48_fu_280                                             |   9|          2|   24|         48|
    |col_sums_49_fu_284                                             |   9|          2|   24|         48|
    |col_sums_4_fu_104                                              |   9|          2|   24|         48|
    |col_sums_50_fu_288                                             |   9|          2|   24|         48|
    |col_sums_51_fu_292                                             |   9|          2|   24|         48|
    |col_sums_52_fu_296                                             |   9|          2|   24|         48|
    |col_sums_53_fu_300                                             |   9|          2|   24|         48|
    |col_sums_54_fu_304                                             |   9|          2|   24|         48|
    |col_sums_55_fu_308                                             |   9|          2|   24|         48|
    |col_sums_56_fu_312                                             |   9|          2|   24|         48|
    |col_sums_57_fu_316                                             |   9|          2|   24|         48|
    |col_sums_58_fu_320                                             |   9|          2|   24|         48|
    |col_sums_59_fu_324                                             |   9|          2|   24|         48|
    |col_sums_5_fu_108                                              |   9|          2|   24|         48|
    |col_sums_60_fu_328                                             |   9|          2|   24|         48|
    |col_sums_61_fu_332                                             |   9|          2|   24|         48|
    |col_sums_62_fu_336                                             |   9|          2|   24|         48|
    |col_sums_63_fu_340                                             |   9|          2|   24|         48|
    |col_sums_6_fu_112                                              |   9|          2|   24|         48|
    |col_sums_7_fu_116                                              |   9|          2|   24|         48|
    |col_sums_8_fu_120                                              |   9|          2|   24|         48|
    |col_sums_9_fu_124                                              |   9|          2|   24|         48|
    |col_sums_fu_88                                                 |   9|          2|   24|         48|
    |i_fu_80                                                        |   9|          2|    9|         18|
    |row_buf_address0                                               |  14|          3|    6|         18|
    |row_buf_ce0                                                    |  14|          3|    1|          3|
    |row_buf_we0                                                    |   9|          2|    1|          2|
    |top_kernel_ap_fixed_64_ap_fixed_24_10_0_0_0_64_tmp_1_address0  |  14|          3|   11|         33|
    |top_kernel_ap_fixed_64_ap_fixed_24_10_0_0_0_64_tmp_1_ce0       |  14|          3|    1|          3|
    |top_kernel_ap_fixed_64_ap_fixed_24_10_0_0_0_64_tmp_1_we0       |   9|          2|    1|          2|
    |top_kernel_ap_fixed_64_ap_fixed_24_10_0_0_0_64_tmp_2_address0  |  14|          3|   11|         33|
    |top_kernel_ap_fixed_64_ap_fixed_24_10_0_0_0_64_tmp_2_ce0       |  14|          3|    1|          3|
    |top_kernel_ap_fixed_64_ap_fixed_24_10_0_0_0_64_tmp_2_we0       |   9|          2|    1|          2|
    |top_kernel_ap_fixed_64_ap_fixed_24_10_0_0_0_64_tmp_3_address0  |  14|          3|   11|         33|
    |top_kernel_ap_fixed_64_ap_fixed_24_10_0_0_0_64_tmp_3_ce0       |  14|          3|    1|          3|
    |top_kernel_ap_fixed_64_ap_fixed_24_10_0_0_0_64_tmp_3_we0       |   9|          2|    1|          2|
    |top_kernel_ap_fixed_64_ap_fixed_24_10_0_0_0_64_tmp_4_address0  |  14|          3|   11|         33|
    |top_kernel_ap_fixed_64_ap_fixed_24_10_0_0_0_64_tmp_4_ce0       |  14|          3|    1|          3|
    |top_kernel_ap_fixed_64_ap_fixed_24_10_0_0_0_64_tmp_4_we0       |   9|          2|    1|          2|
    |top_kernel_ap_fixed_64_ap_fixed_24_10_0_0_0_64_tmp_5_address0  |  14|          3|   11|         33|
    |top_kernel_ap_fixed_64_ap_fixed_24_10_0_0_0_64_tmp_5_ce0       |  14|          3|    1|          3|
    |top_kernel_ap_fixed_64_ap_fixed_24_10_0_0_0_64_tmp_5_we0       |   9|          2|    1|          2|
    |top_kernel_ap_fixed_64_ap_fixed_24_10_0_0_0_64_tmp_6_address0  |  14|          3|   11|         33|
    |top_kernel_ap_fixed_64_ap_fixed_24_10_0_0_0_64_tmp_6_ce0       |  14|          3|    1|          3|
    |top_kernel_ap_fixed_64_ap_fixed_24_10_0_0_0_64_tmp_6_we0       |   9|          2|    1|          2|
    |top_kernel_ap_fixed_64_ap_fixed_24_10_0_0_0_64_tmp_7_address0  |  14|          3|   11|         33|
    |top_kernel_ap_fixed_64_ap_fixed_24_10_0_0_0_64_tmp_7_ce0       |  14|          3|    1|          3|
    |top_kernel_ap_fixed_64_ap_fixed_24_10_0_0_0_64_tmp_7_we0       |   9|          2|    1|          2|
    |top_kernel_ap_fixed_64_ap_fixed_24_10_0_0_0_64_tmp_address0    |  14|          3|   11|         33|
    |top_kernel_ap_fixed_64_ap_fixed_24_10_0_0_0_64_tmp_ce0         |  14|          3|    1|          3|
    |top_kernel_ap_fixed_64_ap_fixed_24_10_0_0_0_64_tmp_we0         |   9|          2|    1|          2|
    +---------------------------------------------------------------+----+-----------+-----+-----------+
    |Total                                                          | 955|        209| 1658|       3424|
    +---------------------------------------------------------------+----+-----------+-----+-----------+

    * Register: 
    +-----------------------------------------------------------------------------+----+----+-----+-----------+
    |                                     Name                                    | FF | LUT| Bits| Const Bits|
    +-----------------------------------------------------------------------------+----+----+-----+-----------+
    |ap_CS_fsm                                                                    |   6|   0|    6|          0|
    |col_sums_10_fu_128                                                           |  24|   0|   24|          0|
    |col_sums_11_fu_132                                                           |  24|   0|   24|          0|
    |col_sums_12_fu_136                                                           |  24|   0|   24|          0|
    |col_sums_13_fu_140                                                           |  24|   0|   24|          0|
    |col_sums_14_fu_144                                                           |  24|   0|   24|          0|
    |col_sums_15_fu_148                                                           |  24|   0|   24|          0|
    |col_sums_16_fu_152                                                           |  24|   0|   24|          0|
    |col_sums_17_fu_156                                                           |  24|   0|   24|          0|
    |col_sums_18_fu_160                                                           |  24|   0|   24|          0|
    |col_sums_19_fu_164                                                           |  24|   0|   24|          0|
    |col_sums_1_fu_92                                                             |  24|   0|   24|          0|
    |col_sums_20_fu_168                                                           |  24|   0|   24|          0|
    |col_sums_21_fu_172                                                           |  24|   0|   24|          0|
    |col_sums_22_fu_176                                                           |  24|   0|   24|          0|
    |col_sums_23_fu_180                                                           |  24|   0|   24|          0|
    |col_sums_24_fu_184                                                           |  24|   0|   24|          0|
    |col_sums_25_fu_188                                                           |  24|   0|   24|          0|
    |col_sums_26_fu_192                                                           |  24|   0|   24|          0|
    |col_sums_27_fu_196                                                           |  24|   0|   24|          0|
    |col_sums_28_fu_200                                                           |  24|   0|   24|          0|
    |col_sums_29_fu_204                                                           |  24|   0|   24|          0|
    |col_sums_2_fu_96                                                             |  24|   0|   24|          0|
    |col_sums_30_fu_208                                                           |  24|   0|   24|          0|
    |col_sums_31_fu_212                                                           |  24|   0|   24|          0|
    |col_sums_32_fu_216                                                           |  24|   0|   24|          0|
    |col_sums_33_fu_220                                                           |  24|   0|   24|          0|
    |col_sums_34_fu_224                                                           |  24|   0|   24|          0|
    |col_sums_35_fu_228                                                           |  24|   0|   24|          0|
    |col_sums_36_fu_232                                                           |  24|   0|   24|          0|
    |col_sums_37_fu_236                                                           |  24|   0|   24|          0|
    |col_sums_38_fu_240                                                           |  24|   0|   24|          0|
    |col_sums_39_fu_244                                                           |  24|   0|   24|          0|
    |col_sums_3_fu_100                                                            |  24|   0|   24|          0|
    |col_sums_40_fu_248                                                           |  24|   0|   24|          0|
    |col_sums_41_fu_252                                                           |  24|   0|   24|          0|
    |col_sums_42_fu_256                                                           |  24|   0|   24|          0|
    |col_sums_43_fu_260                                                           |  24|   0|   24|          0|
    |col_sums_44_fu_264                                                           |  24|   0|   24|          0|
    |col_sums_45_fu_268                                                           |  24|   0|   24|          0|
    |col_sums_46_fu_272                                                           |  24|   0|   24|          0|
    |col_sums_47_fu_276                                                           |  24|   0|   24|          0|
    |col_sums_48_fu_280                                                           |  24|   0|   24|          0|
    |col_sums_49_fu_284                                                           |  24|   0|   24|          0|
    |col_sums_4_fu_104                                                            |  24|   0|   24|          0|
    |col_sums_50_fu_288                                                           |  24|   0|   24|          0|
    |col_sums_51_fu_292                                                           |  24|   0|   24|          0|
    |col_sums_52_fu_296                                                           |  24|   0|   24|          0|
    |col_sums_53_fu_300                                                           |  24|   0|   24|          0|
    |col_sums_54_fu_304                                                           |  24|   0|   24|          0|
    |col_sums_55_fu_308                                                           |  24|   0|   24|          0|
    |col_sums_56_fu_312                                                           |  24|   0|   24|          0|
    |col_sums_57_fu_316                                                           |  24|   0|   24|          0|
    |col_sums_58_fu_320                                                           |  24|   0|   24|          0|
    |col_sums_59_fu_324                                                           |  24|   0|   24|          0|
    |col_sums_5_fu_108                                                            |  24|   0|   24|          0|
    |col_sums_60_fu_328                                                           |  24|   0|   24|          0|
    |col_sums_61_fu_332                                                           |  24|   0|   24|          0|
    |col_sums_62_fu_336                                                           |  24|   0|   24|          0|
    |col_sums_63_fu_340                                                           |  24|   0|   24|          0|
    |col_sums_6_fu_112                                                            |  24|   0|   24|          0|
    |col_sums_7_fu_116                                                            |  24|   0|   24|          0|
    |col_sums_8_fu_120                                                            |  24|   0|   24|          0|
    |col_sums_9_fu_124                                                            |  24|   0|   24|          0|
    |col_sums_fu_88                                                               |  24|   0|   24|          0|
    |denom_1_reg_2006                                                             |  24|   0|   24|          0|
    |grp_top_kernel_Pipeline_Loop_Norm_Accum_fu_443_ap_start_reg                  |   1|   0|    1|          0|
    |grp_top_kernel_Pipeline_Loop_Read_Sum_fu_348_ap_start_reg                    |   1|   0|    1|          0|
    |grp_top_kernel_Pipeline_Loop_Scale_Rows_Loop_Scale_Cols_fu_357_ap_start_reg  |   1|   0|    1|          0|
    |i_fu_80                                                                      |   9|   0|    9|          0|
    |tmp_5_reg_1681                                                               |   8|   0|   14|          6|
    |trunc_ln42_reg_1676                                                          |   8|   0|    8|          0|
    +-----------------------------------------------------------------------------+----+----+-----+-----------+
    |Total                                                                        |1594|   0| 1600|          6|
    +-----------------------------------------------------------------------------+----+----+-----+-----------+



================================================================
== Interface
================================================================
* Summary: 
+------------+-----+-----+------------+--------------+--------------+
|  RTL Ports | Dir | Bits|  Protocol  | Source Object|    C Type    |
+------------+-----+-----+------------+--------------+--------------+
|ap_clk      |   in|    1|  ap_ctrl_hs|    top_kernel|  return value|
|ap_rst      |   in|    1|  ap_ctrl_hs|    top_kernel|  return value|
|ap_start    |   in|    1|  ap_ctrl_hs|    top_kernel|  return value|
|ap_done     |  out|    1|  ap_ctrl_hs|    top_kernel|  return value|
|ap_idle     |  out|    1|  ap_ctrl_hs|    top_kernel|  return value|
|ap_ready    |  out|    1|  ap_ctrl_hs|    top_kernel|  return value|
|A_address0  |  out|   14|   ap_memory|             A|         array|
|A_ce0       |  out|    1|   ap_memory|             A|         array|
|A_q0        |   in|   24|   ap_memory|             A|         array|
|C_address0  |  out|   14|   ap_memory|             C|         array|
|C_ce0       |  out|    1|   ap_memory|             C|         array|
|C_we0       |  out|    1|   ap_memory|             C|         array|
|C_d0        |  out|   24|   ap_memory|             C|         array|
+------------+-----+-----+------------+--------------+--------------+

