

Implementation tool: Xilinx Vivado v.2025.1.1
Project:             project_1
Solution:            hls
Device target:       xczu3eg-sbva484-1-e
Report date:         Wed Jan 28 23:02:26 EST 2026

#=== Post-Implementation Resource usage ===
SLICE:            0
LUT:           5243
FF:            4401
DSP:              1
BRAM:            24
URAM:             0
LATCH:            0
SRL:             78
CLB:           1051

#=== Final timing ===
CP required:                     10.000
CP achieved post-synthesis:      4.042
CP achieved post-implementation: 6.287
Timing met
