

================================================================
== Synthesis Summary Report of 'top_kernel'
================================================================
+ General Information: 
    * Date:           Wed Jan 28 21:53:24 2026
    * Version:        2025.1.1 (Build 6214317 on Sep 11 2025)
    * Project:        project_1
    * Solution:       hls (Vivado IP Flow Target)
    * Product family: zynquplus
    * Target device:  xczu3eg-sbva484-1-e
    

+ Performance & Resource Estimates: 
    
    PS: '+' for module; 'o' for loop; '*' for dataflow
    +----------------------+------+------+---------+-----------+----------+---------+------+----------+----------+---------+-----------+-----------+-----+
    |        Modules       | Issue|      |       Latency       | Iteration|         | Trip |          |          |         |           |           |     |
    |        & Loops       | Type | Slack| (cycles)|    (ns)   |  Latency | Interval| Count| Pipelined|   BRAM   |   DSP   |     FF    |    LUT    | URAM|
    +----------------------+------+------+---------+-----------+----------+---------+------+----------+----------+---------+-----------+-----------+-----+
    |+ top_kernel          |     -|  0.00|   919506|  9.195e+06|         -|   919507|     -|        no|  68 (15%)|  1 (~0%)|  2623 (1%)|  3616 (5%)|    -|
    | o VITIS_LOOP_15_1    |     -|  7.30|    49664|  4.966e+05|       194|        -|   256|        no|         -|        -|          -|          -|    -|
    |  o VITIS_LOOP_16_2   |     -|  7.30|      192|  1.920e+03|         3|        -|    64|        no|         -|        -|          -|          -|    -|
    | o VITIS_LOOP_25_3    |     -|  7.30|   738048|  7.380e+06|      2883|        -|   256|        no|         -|        -|          -|          -|    -|
    |  o VITIS_LOOP_29_4   |     -|  7.30|      128|  1.280e+03|         2|        -|    64|        no|         -|        -|          -|          -|    -|
    |  o VITIS_LOOP_37_5   |     -|  7.30|     2752|  2.752e+04|        43|        -|    64|        no|         -|        -|          -|          -|    -|
    | o VITIS_LOOP_43_6    |     -|  7.30|    82112|  8.211e+05|      1283|        -|    64|        no|         -|        -|          -|          -|    -|
    |  o VITIS_LOOP_47_7   |     -|  7.30|      512|  5.120e+03|         2|        -|   256|        no|         -|        -|          -|          -|    -|
    |  o VITIS_LOOP_55_8   |     -|  7.30|      768|  7.680e+03|         3|        -|   256|        no|         -|        -|          -|          -|    -|
    | o VITIS_LOOP_60_9    |     -|  7.30|    49664|  4.966e+05|       194|        -|   256|        no|         -|        -|          -|          -|    -|
    |  o VITIS_LOOP_61_10  |     -|  7.30|      192|  1.920e+03|         3|        -|    64|        no|         -|        -|          -|          -|    -|
    +----------------------+------+------+---------+-----------+----------+---------+------+----------+----------+---------+-----------+-----------+-----+


================================================================
== HW Interfaces
================================================================
* M_AXI
+-----------+------------+------------+---------------+---------+--------+----------+-----------+--------------+--------------+-------------+-------------+-------------------+
| Interface | Read/Write | Data Width | Address Width | Latency | Offset | Register | Max Widen | Max Read     | Max Write    | Num Read    | Num Write   | Resource Estimate |
|           |            | (SW->HW)   |               |         |        |          | Bitwidth  | Burst Length | Burst Length | Outstanding | Outstanding |                   |
+-----------+------------+------------+---------------+---------+--------+----------+-----------+--------------+--------------+-------------+-------------+-------------------+
| m_axi_A   | READ_ONLY  | 32 -> 32   | 64            | 0       | slave  | 0        | 0         | 16           | 16           | 16          | 16          | BRAM=2            |
| m_axi_C   | WRITE_ONLY | 32 -> 32   | 64            | 0       | slave  | 0        | 0         | 16           | 16           | 16          | 16          |                   |
+-----------+------------+------------+---------------+---------+--------+----------+-----------+--------------+--------------+-------------+-------------+-------------------+

* S_AXILITE Interfaces
+---------------+------------+---------------+--------+----------+
| Interface     | Data Width | Address Width | Offset | Register |
+---------------+------------+---------------+--------+----------+
| s_axi_control | 32         | 6             | 16     | 0        |
+---------------+------------+---------------+--------+----------+

* S_AXILITE Registers
+---------------+----------+--------+-------+--------+----------------------------------+----------------------------------------------------------------------+
| Interface     | Register | Offset | Width | Access | Description                      | Bit Fields                                                           |
+---------------+----------+--------+-------+--------+----------------------------------+----------------------------------------------------------------------+
| s_axi_control | CTRL     | 0x00   | 32    | RW     | Control signals                  | 0=AP_START 1=AP_DONE 2=AP_IDLE 3=AP_READY 7=AUTO_RESTART 9=INTERRUPT |
| s_axi_control | GIER     | 0x04   | 32    | RW     | Global Interrupt Enable Register | 0=Enable                                                             |
| s_axi_control | IP_IER   | 0x08   | 32    | RW     | IP Interrupt Enable Register     | 0=CHAN0_INT_EN 1=CHAN1_INT_EN                                        |
| s_axi_control | IP_ISR   | 0x0c   | 32    | RW     | IP Interrupt Status Register     | 0=CHAN0_INT_ST 1=CHAN1_INT_ST                                        |
| s_axi_control | A_DRAM_1 | 0x10   | 32    | W      | Data signal of A_DRAM            |                                                                      |
| s_axi_control | A_DRAM_2 | 0x14   | 32    | W      | Data signal of A_DRAM            |                                                                      |
| s_axi_control | C_DRAM_1 | 0x1c   | 32    | W      | Data signal of C_DRAM            |                                                                      |
| s_axi_control | C_DRAM_2 | 0x20   | 32    | W      | Data signal of C_DRAM            |                                                                      |
+---------------+----------+--------+-------+--------+----------------------------------+----------------------------------------------------------------------+

* TOP LEVEL CONTROL
+-----------+------------+-----------+
| Interface | Type       | Ports     |
+-----------+------------+-----------+
| ap_clk    | clock      | ap_clk    |
| ap_rst_n  | reset      | ap_rst_n  |
| interrupt | interrupt  | interrupt |
| ap_ctrl   | ap_ctrl_hs |           |
+-----------+------------+-----------+


================================================================
== SW I/O Information
================================================================
* Top Function Arguments
+----------+-----------+--------------------------------------+
| Argument | Direction | Datatype                             |
+----------+-----------+--------------------------------------+
| A_DRAM   | in        | ap_fixed<24, 10, AP_RND, AP_SAT, 0>* |
| C_DRAM   | out       | ap_fixed<24, 10, AP_RND, AP_SAT, 0>* |
+----------+-----------+--------------------------------------+

* SW-to-HW Mapping
+----------+---------------+-----------+----------+------------------------------------+
| Argument | HW Interface  | HW Type   | HW Usage | HW Info                            |
+----------+---------------+-----------+----------+------------------------------------+
| A_DRAM   | m_axi_A       | interface |          | channel=0                          |
| A_DRAM   | s_axi_control | register  | offset   | name=A_DRAM_1 offset=0x10 range=32 |
| A_DRAM   | s_axi_control | register  | offset   | name=A_DRAM_2 offset=0x14 range=32 |
| C_DRAM   | m_axi_C       | interface |          | channel=0                          |
| C_DRAM   | s_axi_control | register  | offset   | name=C_DRAM_1 offset=0x1c range=32 |
| C_DRAM   | s_axi_control | register  | offset   | name=C_DRAM_2 offset=0x20 range=32 |
+----------+---------------+-----------+----------+------------------------------------+


================================================================
== M_AXI Burst Information
================================================================
 Note: All burst requests might be further partitioned into multiple requests during RTL generation based on max_read_burst_length or max_write_burst_length settings.

* Inferred Burst Summary
+--------------+-----------+--------+-------+-----------------+---------------+
| HW Interface | Direction | Length | Width | Loop            | Loop Location |
+--------------+-----------+--------+-------+-----------------+---------------+
| m_axi_A      | read      | 16384  | 32    | VITIS_LOOP_15_1 | top.cpp:15:22 |
| m_axi_C      | write     | 16384  | 32    | VITIS_LOOP_60_9 | top.cpp:60:22 |
+--------------+-----------+--------+-------+-----------------+---------------+

* All M_AXI Variable Accesses
+--------------+----------+-----------------+-----------+--------------+--------+------------------+---------------+------------+-------------------------------------------------------------------------------------------------------+
| HW Interface | Variable | Access Location | Direction | Burst Status | Length | Loop             | Loop Location | Resolution | Problem                                                                                               |
+--------------+----------+-----------------+-----------+--------------+--------+------------------+---------------+------------+-------------------------------------------------------------------------------------------------------+
| m_axi_A      | A_DRAM   | top.cpp:17:21   | read      | Widen Fail   |        | VITIS_LOOP_16_2  | top.cpp:16:26 | 214-353    | Could not widen since type i32 size is greater than or equal to the max_widen_bitwidth threshold of 0 |
| m_axi_A      | A_DRAM   | top.cpp:17:21   | read      | Inferred     | 16384  | VITIS_LOOP_15_1  | top.cpp:15:22 |            |                                                                                                       |
| m_axi_C      | C_DRAM   | top.cpp:62:26   | write     | Widen Fail   |        | VITIS_LOOP_61_10 | top.cpp:61:27 | 214-353    | Could not widen since type i32 size is greater than or equal to the max_widen_bitwidth threshold of 0 |
| m_axi_C      | C_DRAM   | top.cpp:62:26   | write     | Inferred     | 16384  | VITIS_LOOP_60_9  | top.cpp:60:22 |            |                                                                                                       |
+--------------+----------+-----------------+-----------+--------------+--------+------------------+---------------+------------+-------------------------------------------------------------------------------------------------------+

    * Resolution URL: docs.xilinx.com/access/sources/dita/topic?Doc_Version=2025.1%20English&url=ug1448-hls-guidance&resourceid=XXX-YYY.html (replace XXX-YYY with column value)

================================================================
== Bind Op Report
================================================================
+--------------------------------+-----+--------+---------------+--------+----------+---------+
| Name                           | DSP | Pragma | Variable      | Op     | Impl     | Latency |
+--------------------------------+-----+--------+---------------+--------+----------+---------+
| + top_kernel                   | 1   |        |               |        |          |         |
|   icmp_ln15_fu_445_p2          |     |        | icmp_ln15     | seteq  | auto     | 0       |
|   add_ln15_fu_451_p2           |     |        | add_ln15      | add    | fabric   | 0       |
|   icmp_ln16_fu_474_p2          |     |        | icmp_ln16     | seteq  | auto     | 0       |
|   add_ln16_fu_480_p2           |     |        | add_ln16      | add    | fabric   | 0       |
|   add_ln17_fu_490_p2           |     |        | add_ln17      | add    | fabric   | 0       |
|   icmp_ln25_fu_510_p2          |     |        | icmp_ln25     | seteq  | auto     | 0       |
|   add_ln25_fu_516_p2           |     |        | add_ln25      | add    | fabric   | 0       |
|   icmp_ln29_fu_539_p2          |     |        | icmp_ln29     | seteq  | auto     | 0       |
|   add_ln29_fu_545_p2           |     |        | add_ln29      | add    | fabric   | 0       |
|   add_ln30_2_fu_555_p2         |     |        | add_ln30_2    | add    | fabric   | 0       |
|   add_ln30_fu_641_p2           |     |        | add_ln30      | add    | fabric   | 0       |
|   add_ln30_1_fu_647_p2         |     |        | add_ln30_1    | add    | fabric   | 0       |
|   xor_ln30_fu_669_p2           |     |        | xor_ln30      | xor    | auto     | 0       |
|   and_ln30_fu_675_p2           |     |        | and_ln30      | and    | auto     | 0       |
|   xor_ln30_1_fu_681_p2         |     |        | xor_ln30_1    | xor    | auto     | 0       |
|   select_ln30_fu_687_p3        |     |        | select_ln30   | select | auto_sel | 0       |
|   row_sum_fu_695_p3            |     |        | row_sum       | select | auto_sel | 0       |
|   add_ln34_fu_569_p2           |     |        | add_ln34      | add    | fabric   | 0       |
|   xor_ln34_fu_595_p2           |     |        | xor_ln34      | xor    | auto     | 0       |
|   and_ln34_fu_601_p2           |     |        | and_ln34      | and    | auto     | 0       |
|   xor_ln34_1_fu_607_p2         |     |        | xor_ln34_1    | xor    | auto     | 0       |
|   select_ln34_fu_613_p3        |     |        | select_ln34   | select | auto_sel | 0       |
|   denom_1_fu_621_p3            |     |        | denom_1       | select | auto_sel | 0       |
|   icmp_ln37_fu_703_p2          |     |        | icmp_ln37     | seteq  | auto     | 0       |
|   add_ln37_fu_709_p2           |     |        | add_ln37      | add    | fabric   | 0       |
|   add_ln38_fu_719_p2           |     |        | add_ln38      | add    | fabric   | 0       |
|   sdiv_38ns_24s_38_42_seq_1_U1 |     |        | sdiv_ln38     | sdiv   | auto_seq | 41      |
|   icmp_ln38_fu_776_p2          |     |        | icmp_ln38     | setne  | auto     | 0       |
|   icmp_ln38_1_fu_782_p2        |     |        | icmp_ln38_1   | setne  | auto     | 0       |
|   or_ln38_fu_788_p2            |     |        | or_ln38       | or     | auto     | 0       |
|   xor_ln38_fu_794_p2           |     |        | xor_ln38      | xor    | auto     | 0       |
|   and_ln38_fu_800_p2           |     |        | and_ln38      | and    | auto     | 0       |
|   xor_ln38_1_fu_806_p2         |     |        | xor_ln38_1    | xor    | auto     | 0       |
|   or_ln38_1_fu_812_p2          |     |        | or_ln38_1     | or     | auto     | 0       |
|   and_ln38_1_fu_818_p2         |     |        | and_ln38_1    | and    | auto     | 0       |
|   select_ln38_fu_824_p3        |     |        | select_ln38   | select | auto_sel | 0       |
|   or_ln38_2_fu_832_p2          |     |        | or_ln38_2     | or     | auto     | 0       |
|   select_ln38_1_fu_838_p3      |     |        | select_ln38_1 | select | auto_sel | 0       |
|   icmp_ln43_fu_850_p2          |     |        | icmp_ln43     | seteq  | auto     | 0       |
|   add_ln43_fu_856_p2           |     |        | add_ln43      | add    | fabric   | 0       |
|   icmp_ln47_fu_890_p2          |     |        | icmp_ln47     | seteq  | auto     | 0       |
|   add_ln47_fu_896_p2           |     |        | add_ln47      | add    | fabric   | 0       |
|   add_ln48_2_fu_914_p2         |     |        | add_ln48_2    | add    | fabric   | 0       |
|   add_ln48_fu_1000_p2          |     |        | add_ln48      | add    | fabric   | 0       |
|   add_ln48_1_fu_1006_p2        |     |        | add_ln48_1    | add    | fabric   | 0       |
|   xor_ln48_fu_1028_p2          |     |        | xor_ln48      | xor    | auto     | 0       |
|   and_ln48_fu_1034_p2          |     |        | and_ln48      | and    | auto     | 0       |
|   xor_ln48_1_fu_1040_p2        |     |        | xor_ln48_1    | xor    | auto     | 0       |
|   select_ln48_fu_1046_p3       |     |        | select_ln48   | select | auto_sel | 0       |
|   col_sum_fu_1054_p3           |     |        | col_sum       | select | auto_sel | 0       |
|   sub_ln52_fu_940_p2           |     |        | sub_ln52      | sub    | fabric   | 0       |
|   sub_ln52_1_fu_960_p2         |     |        | sub_ln52_1    | sub    | fabric   | 0       |
|   scale_fu_980_p3              |     |        | scale         | select | auto_sel | 0       |
|   icmp_ln55_fu_1062_p2         |     |        | icmp_ln55     | seteq  | auto     | 0       |
|   add_ln55_fu_1068_p2          |     |        | add_ln55      | add    | fabric   | 0       |
|   add_ln56_1_fu_1086_p2        |     |        | add_ln56_1    | add    | fabric   | 0       |
|   mul_24s_17s_41_1_1_U2        | 1   |        | mul_ln56      | mul    | auto     | 0       |
|   add_ln56_fu_1151_p2          |     |        | add_ln56      | add    | fabric   | 0       |
|   xor_ln56_fu_1165_p2          |     |        | xor_ln56      | xor    | auto     | 0       |
|   and_ln56_fu_1171_p2          |     |        | and_ln56      | and    | auto     | 0       |
|   icmp_ln56_fu_1195_p2         |     |        | icmp_ln56     | seteq  | auto     | 0       |
|   icmp_ln56_1_fu_1211_p2       |     |        | icmp_ln56_1   | seteq  | auto     | 0       |
|   icmp_ln56_2_fu_1217_p2       |     |        | icmp_ln56_2   | seteq  | auto     | 0       |
|   select_ln56_fu_1223_p3       |     |        | select_ln56   | select | auto_sel | 0       |
|   xor_ln56_1_fu_1231_p2        |     |        | xor_ln56_1    | xor    | auto     | 0       |
|   and_ln56_1_fu_1237_p2        |     |        | and_ln56_1    | and    | auto     | 0       |
|   select_ln56_1_fu_1243_p3     |     |        | select_ln56_1 | select | auto_sel | 0       |
|   and_ln56_2_fu_1251_p2        |     |        | and_ln56_2    | and    | auto     | 0       |
|   xor_ln56_2_fu_1257_p2        |     |        | xor_ln56_2    | xor    | auto     | 0       |
|   or_ln56_fu_1263_p2           |     |        | or_ln56       | or     | auto     | 0       |
|   xor_ln56_3_fu_1269_p2        |     |        | xor_ln56_3    | xor    | auto     | 0       |
|   and_ln56_3_fu_1275_p2        |     |        | and_ln56_3    | and    | auto     | 0       |
|   and_ln56_4_fu_1281_p2        |     |        | and_ln56_4    | and    | auto     | 0       |
|   or_ln56_2_fu_1287_p2         |     |        | or_ln56_2     | or     | auto     | 0       |
|   xor_ln56_4_fu_1293_p2        |     |        | xor_ln56_4    | xor    | auto     | 0       |
|   and_ln56_5_fu_1299_p2        |     |        | and_ln56_5    | and    | auto     | 0       |
|   select_ln56_2_fu_1305_p3     |     |        | select_ln56_2 | select | auto_sel | 0       |
|   or_ln56_1_fu_1313_p2         |     |        | or_ln56_1     | or     | auto     | 0       |
|   select_ln56_3_fu_1319_p3     |     |        | select_ln56_3 | select | auto_sel | 0       |
|   icmp_ln60_fu_1330_p2         |     |        | icmp_ln60     | seteq  | auto     | 0       |
|   add_ln60_fu_1336_p2          |     |        | add_ln60      | add    | fabric   | 0       |
|   icmp_ln61_fu_1354_p2         |     |        | icmp_ln61     | seteq  | auto     | 0       |
|   add_ln61_fu_1360_p2          |     |        | add_ln61      | add    | fabric   | 0       |
|   add_ln62_fu_1370_p2          |     |        | add_ln62      | add    | fabric   | 0       |
+--------------------------------+-----+--------+---------------+--------+----------+---------+


================================================================
== Storage Report
================================================================
+-------------------+--------------+-----------+------+------+--------+----------+------+---------+------------------+
| Name              | Usage        | Type      | BRAM | URAM | Pragma | Variable | Impl | Latency | Bitwidth, Depth, |
|                   |              |           |      |      |        |          |      |         | Banks            |
+-------------------+--------------+-----------+------+------+--------+----------+------+---------+------------------+
| + top_kernel      |              |           | 68   | 0    |        |          |      |         |                  |
|   control_s_axi_U | interface    | s_axilite |      |      |        |          |      |         |                  |
|   A_m_axi_U       | interface    | m_axi     | 2    |      |        |          |      |         |                  |
|   C_m_axi_U       | interface    | m_axi     |      |      |        |          |      |         |                  |
|   A_1_U           | ram_1p array |           | 22   |      |        | A_1      | auto | 1       | 24, 16384, 1     |
|   C_1_U           | ram_1p array |           | 22   |      |        | C_1      | auto | 1       | 24, 16384, 1     |
|   tmp_U           | ram_1p array |           | 22   |      |        | tmp      | auto | 1       | 24, 16384, 1     |
+-------------------+--------------+-----------+------+------+--------+----------+------+---------+------------------+


================================================================
== Pragma Report
================================================================
* Valid Pragma Syntax
+-----------+-----------------------------------------+---------------------------------+
| Type      | Options                                 | Location                        |
+-----------+-----------------------------------------+---------------------------------+
| INTERFACE | m_axi port=A_DRAM offset=slave bundle=A | top.cpp:7 in top_kernel, A_DRAM |
| INTERFACE | m_axi port=C_DRAM offset=slave bundle=C | top.cpp:8 in top_kernel, C_DRAM |
| INTERFACE | s_axilite port=return                   | top.cpp:9 in top_kernel, return |
+-----------+-----------------------------------------+---------------------------------+


