

================================================================
== Synthesis Summary Report of 'top_kernel'
================================================================
+ General Information: 
    * Date:           Fri Jan 23 00:34:47 2026
    * Version:        2025.1.1 (Build 6214317 on Sep 11 2025)
    * Project:        project_1
    * Solution:       hls (Vivado IP Flow Target)
    * Product family: zynquplus
    * Target device:  xczu3eg-sbva484-1-e
    

+ Performance & Resource Estimates: 
    
    PS: '+' for module; 'o' for loop; '*' for dataflow
    +---------------------+------+------+---------+-----------+----------+---------+------+----------+---------+---------+-----------+-----------+-----+
    |       Modules       | Issue|      |       Latency       | Iteration|         | Trip |          |         |         |           |           |     |
    |       & Loops       | Type | Slack| (cycles)|    (ns)   |  Latency | Interval| Count| Pipelined|  BRAM   |   DSP   |     FF    |    LUT    | URAM|
    +---------------------+------+------+---------+-----------+----------+---------+------+----------+---------+---------+-----------+-----------+-----+
    |+ top_kernel         |     -|  0.02|   820162|  8.202e+06|         -|   820163|     -|        no|  22 (5%)|  1 (~0%)|  809 (~0%)|  1585 (2%)|    -|
    | o VITIS_LOOP_11_1   |     -|  7.30|   738048|  7.380e+06|      2883|        -|   256|        no|        -|        -|          -|          -|    -|
    |  o VITIS_LOOP_15_2  |     -|  7.30|      128|  1.280e+03|         2|        -|    64|        no|        -|        -|          -|          -|    -|
    |  o VITIS_LOOP_23_3  |     -|  7.30|     2752|  2.752e+04|        43|        -|    64|        no|        -|        -|          -|          -|    -|
    | o VITIS_LOOP_29_4   |     -|  7.30|    82112|  8.211e+05|      1283|        -|    64|        no|        -|        -|          -|          -|    -|
    |  o VITIS_LOOP_33_5  |     -|  7.30|      512|  5.120e+03|         2|        -|   256|        no|        -|        -|          -|          -|    -|
    |  o VITIS_LOOP_41_6  |     -|  7.30|      768|  7.680e+03|         3|        -|   256|        no|        -|        -|          -|          -|    -|
    +---------------------+------+------+---------+-----------+----------+---------+------+----------+---------+---------+-----------+-----------+-----+


================================================================
== HW Interfaces
================================================================
* AP_MEMORY
+------------+-----------+----------+
| Port       | Direction | Bitwidth |
+------------+-----------+----------+
| A_address0 | out       | 14       |
| A_q0       | in        | 24       |
| C_address0 | out       | 14       |
| C_d0       | out       | 24       |
+------------+-----------+----------+

* TOP LEVEL CONTROL
+-----------+------------+-----------------------------------+
| Interface | Type       | Ports                             |
+-----------+------------+-----------------------------------+
| ap_clk    | clock      | ap_clk                            |
| ap_rst    | reset      | ap_rst                            |
| ap_ctrl   | ap_ctrl_hs | ap_done ap_idle ap_ready ap_start |
+-----------+------------+-----------------------------------+


================================================================
== SW I/O Information
================================================================
* Top Function Arguments
+----------+-----------+--------------------------------------+
| Argument | Direction | Datatype                             |
+----------+-----------+--------------------------------------+
| A        | in        | ap_fixed<24, 10, AP_RND, AP_SAT, 0>* |
| C        | out       | ap_fixed<24, 10, AP_RND, AP_SAT, 0>* |
+----------+-----------+--------------------------------------+

* SW-to-HW Mapping
+----------+--------------+---------+----------+
| Argument | HW Interface | HW Type | HW Usage |
+----------+--------------+---------+----------+
| A        | A_address0   | port    | offset   |
| A        | A_ce0        | port    |          |
| A        | A_q0         | port    |          |
| C        | C_address0   | port    | offset   |
| C        | C_ce0        | port    |          |
| C        | C_we0        | port    |          |
| C        | C_d0         | port    |          |
+----------+--------------+---------+----------+


================================================================
== Bind Op Report
================================================================
+--------------------------------+-----+--------+---------------+--------+----------+---------+
| Name                           | DSP | Pragma | Variable      | Op     | Impl     | Latency |
+--------------------------------+-----+--------+---------------+--------+----------+---------+
| + top_kernel                   | 1   |        |               |        |          |         |
|   icmp_ln11_fu_277_p2          |     |        | icmp_ln11     | seteq  | auto     | 0       |
|   add_ln11_fu_283_p2           |     |        | add_ln11      | add    | fabric   | 0       |
|   icmp_ln15_fu_306_p2          |     |        | icmp_ln15     | seteq  | auto     | 0       |
|   add_ln15_fu_312_p2           |     |        | add_ln15      | add    | fabric   | 0       |
|   add_ln16_2_fu_322_p2         |     |        | add_ln16_2    | add    | fabric   | 0       |
|   add_ln16_fu_408_p2           |     |        | add_ln16      | add    | fabric   | 0       |
|   add_ln16_1_fu_414_p2         |     |        | add_ln16_1    | add    | fabric   | 0       |
|   xor_ln16_fu_436_p2           |     |        | xor_ln16      | xor    | auto     | 0       |
|   and_ln16_fu_442_p2           |     |        | and_ln16      | and    | auto     | 0       |
|   xor_ln16_1_fu_448_p2         |     |        | xor_ln16_1    | xor    | auto     | 0       |
|   select_ln16_fu_454_p3        |     |        | select_ln16   | select | auto_sel | 0       |
|   row_sum_fu_462_p3            |     |        | row_sum       | select | auto_sel | 0       |
|   add_ln20_fu_336_p2           |     |        | add_ln20      | add    | fabric   | 0       |
|   xor_ln20_fu_362_p2           |     |        | xor_ln20      | xor    | auto     | 0       |
|   and_ln20_fu_368_p2           |     |        | and_ln20      | and    | auto     | 0       |
|   xor_ln20_1_fu_374_p2         |     |        | xor_ln20_1    | xor    | auto     | 0       |
|   select_ln20_fu_380_p3        |     |        | select_ln20   | select | auto_sel | 0       |
|   denom_1_fu_388_p3            |     |        | denom_1       | select | auto_sel | 0       |
|   icmp_ln23_fu_470_p2          |     |        | icmp_ln23     | seteq  | auto     | 0       |
|   add_ln23_fu_476_p2           |     |        | add_ln23      | add    | fabric   | 0       |
|   add_ln24_fu_486_p2           |     |        | add_ln24      | add    | fabric   | 0       |
|   sdiv_38ns_24s_38_42_seq_1_U1 |     |        | sdiv_ln24     | sdiv   | auto_seq | 41      |
|   icmp_ln24_fu_543_p2          |     |        | icmp_ln24     | setne  | auto     | 0       |
|   icmp_ln24_1_fu_549_p2        |     |        | icmp_ln24_1   | setne  | auto     | 0       |
|   or_ln24_fu_555_p2            |     |        | or_ln24       | or     | auto     | 0       |
|   xor_ln24_fu_561_p2           |     |        | xor_ln24      | xor    | auto     | 0       |
|   and_ln24_fu_567_p2           |     |        | and_ln24      | and    | auto     | 0       |
|   xor_ln24_1_fu_573_p2         |     |        | xor_ln24_1    | xor    | auto     | 0       |
|   or_ln24_1_fu_579_p2          |     |        | or_ln24_1     | or     | auto     | 0       |
|   and_ln24_1_fu_585_p2         |     |        | and_ln24_1    | and    | auto     | 0       |
|   select_ln24_fu_591_p3        |     |        | select_ln24   | select | auto_sel | 0       |
|   or_ln24_2_fu_599_p2          |     |        | or_ln24_2     | or     | auto     | 0       |
|   select_ln24_1_fu_605_p3      |     |        | select_ln24_1 | select | auto_sel | 0       |
|   icmp_ln29_fu_617_p2          |     |        | icmp_ln29     | seteq  | auto     | 0       |
|   add_ln29_fu_623_p2           |     |        | add_ln29      | add    | fabric   | 0       |
|   icmp_ln33_fu_633_p2          |     |        | icmp_ln33     | seteq  | auto     | 0       |
|   add_ln33_fu_639_p2           |     |        | add_ln33      | add    | fabric   | 0       |
|   add_ln34_2_fu_657_p2         |     |        | add_ln34_2    | add    | fabric   | 0       |
|   add_ln34_fu_743_p2           |     |        | add_ln34      | add    | fabric   | 0       |
|   add_ln34_1_fu_749_p2         |     |        | add_ln34_1    | add    | fabric   | 0       |
|   xor_ln34_fu_771_p2           |     |        | xor_ln34      | xor    | auto     | 0       |
|   and_ln34_fu_777_p2           |     |        | and_ln34      | and    | auto     | 0       |
|   xor_ln34_1_fu_783_p2         |     |        | xor_ln34_1    | xor    | auto     | 0       |
|   select_ln34_fu_789_p3        |     |        | select_ln34   | select | auto_sel | 0       |
|   col_sum_fu_797_p3            |     |        | col_sum       | select | auto_sel | 0       |
|   sub_ln38_fu_683_p2           |     |        | sub_ln38      | sub    | fabric   | 0       |
|   sub_ln38_1_fu_703_p2         |     |        | sub_ln38_1    | sub    | fabric   | 0       |
|   scale_fu_723_p3              |     |        | scale         | select | auto_sel | 0       |
|   icmp_ln41_fu_805_p2          |     |        | icmp_ln41     | seteq  | auto     | 0       |
|   add_ln41_fu_811_p2           |     |        | add_ln41      | add    | fabric   | 0       |
|   add_ln42_1_fu_829_p2         |     |        | add_ln42_1    | add    | fabric   | 0       |
|   mul_24s_17s_41_1_1_U2        | 1   |        | mul_ln42      | mul    | auto     | 0       |
|   add_ln42_fu_894_p2           |     |        | add_ln42      | add    | fabric   | 0       |
|   xor_ln42_fu_908_p2           |     |        | xor_ln42      | xor    | auto     | 0       |
|   and_ln42_fu_914_p2           |     |        | and_ln42      | and    | auto     | 0       |
|   icmp_ln42_fu_938_p2          |     |        | icmp_ln42     | seteq  | auto     | 0       |
|   icmp_ln42_1_fu_954_p2        |     |        | icmp_ln42_1   | seteq  | auto     | 0       |
|   icmp_ln42_2_fu_960_p2        |     |        | icmp_ln42_2   | seteq  | auto     | 0       |
|   select_ln42_fu_966_p3        |     |        | select_ln42   | select | auto_sel | 0       |
|   xor_ln42_1_fu_974_p2         |     |        | xor_ln42_1    | xor    | auto     | 0       |
|   and_ln42_1_fu_980_p2         |     |        | and_ln42_1    | and    | auto     | 0       |
|   select_ln42_1_fu_986_p3      |     |        | select_ln42_1 | select | auto_sel | 0       |
|   and_ln42_2_fu_994_p2         |     |        | and_ln42_2    | and    | auto     | 0       |
|   xor_ln42_2_fu_1000_p2        |     |        | xor_ln42_2    | xor    | auto     | 0       |
|   or_ln42_fu_1006_p2           |     |        | or_ln42       | or     | auto     | 0       |
|   xor_ln42_3_fu_1012_p2        |     |        | xor_ln42_3    | xor    | auto     | 0       |
|   and_ln42_3_fu_1018_p2        |     |        | and_ln42_3    | and    | auto     | 0       |
|   and_ln42_4_fu_1024_p2        |     |        | and_ln42_4    | and    | auto     | 0       |
|   or_ln42_2_fu_1030_p2         |     |        | or_ln42_2     | or     | auto     | 0       |
|   xor_ln42_4_fu_1036_p2        |     |        | xor_ln42_4    | xor    | auto     | 0       |
|   and_ln42_5_fu_1042_p2        |     |        | and_ln42_5    | and    | auto     | 0       |
|   select_ln42_2_fu_1048_p3     |     |        | select_ln42_2 | select | auto_sel | 0       |
|   or_ln42_1_fu_1056_p2         |     |        | or_ln42_1     | or     | auto     | 0       |
|   select_ln42_3_fu_1062_p3     |     |        | select_ln42_3 | select | auto_sel | 0       |
+--------------------------------+-----+--------+---------------+--------+----------+---------+


================================================================
== Storage Report
================================================================
+--------------+--------+------+------+------+--------+----------+------+---------+------------------+
| Name         | Usage  | Type | BRAM | URAM | Pragma | Variable | Impl | Latency | Bitwidth, Depth, |
|              |        |      |      |      |        |          |      |         | Banks            |
+--------------+--------+------+------+------+--------+----------+------+---------+------------------+
| + top_kernel |        |      | 22   | 0    |        |          |      |         |                  |
|   tmp_U      | ram_1p |      | 22   |      |        | tmp      | auto | 1       | 24, 16384, 1     |
+--------------+--------+------+------+------+--------+----------+------+---------+------------------+


================================================================
== Pragma Report
================================================================
  No pragmas found

