================================================================
== Vivado Place & Route Results
================================================================
+ General Information:
    * Date:            Fri Jan 23 00:45:22 EST 2026
    * Version:         2025.1 (Build 6214317 on Sep 11 2025)
    * Project:         project_1
    * Solution:        hls (Vivado IP Flow Target)
    * Product family:  zynquplus
    * Target device:   xczu3eg-sbva484-1-e


================================================================
== Run Constraints & Options
================================================================
+ Design Constraints & Options:
    * Place & Route target clock:  10 ns
    * C-Synthesis target clock:    10 ns
    * C-Synthesis uncertainty:     27%

+ RTL Synthesis Options:
    * config_export -vivado_synth_strategy:     default
    * config_export -vivado_synth_design_args:  -directive sdx_optimization_effort_high

+ Place & Route Options:
    * config_export -vivado_impl_strategy:  default
    * config_export -vivado_phys_opt:       auto

+ Reporting Options:
    * config_export -vivado_report_level:      2
    * config_export -vivado_max_timing_paths:  10


================================================================
== Place & Route Resource Summary
================================================================
LUT:              530
FF:               503
DSP:              1
BRAM:             22
URAM:             0
SRL:              4


================================================================
== Place & Route Timing Summary
================================================================
* Timing was met
+----------------+-------------+
| Timing         | Period (ns) |
+----------------+-------------+
| Target         | 10.000      |
| Post-Synthesis | 6.637       |
| Post-Route     | 6.999       |
+----------------+-------------+


================================================================
== Place & Route Resources
================================================================
+--------------------------------+-----+-----+-----+------+------+-----+--------+------+---------+----------+--------+
| Name                           | LUT | FF  | DSP | BRAM | URAM | SRL | Pragma | Impl | Latency | Variable | Source |
+--------------------------------+-----+-----+-----+------+------+-----+--------+------+---------+----------+--------+
| inst                           | 530 | 503 | 1   | 22   |      |     |        |      |         |          |        |
|   (inst)                       | 144 | 289 |     |      |      |     |        |      |         |          |        |
|   mul_24s_17s_41_1_1_U2        | 59  |     | 1   |      |      |     |        |      |         |          |        |
|   sdiv_38ns_24s_38_42_seq_1_U1 | 229 | 214 |     |      |      |     |        |      |         |          |        |
|   tmp_U                        | 99  |     |     | 22   |      |     |        |      |         |          |        |
+--------------------------------+-----+-----+-----+------+------+-----+--------+------+---------+----------+--------+


================================================================
== Place & Route Fail Fast
================================================================
+-----------------------------------------------------------+-----------+--------+--------+
| Criteria                                                  | Guideline | Actual | Status |
+-----------------------------------------------------------+-----------+--------+--------+
| LUT                                                       | 70%       | 0.75%  | OK     |
| FD                                                        | 50%       | 0.36%  | OK     |
| LUTRAM+SRL                                                | 25%       | 0.01%  | OK     |
| CARRY8                                                    | 25%       | 0.48%  | OK     |
| MUXF7                                                     | 15%       | 0.00%  | OK     |
| DSP                                                       | 80%       | 0.28%  | OK     |
| RAMB/FIFO                                                 | 80%       | 5.09%  | OK     |
| DSP+RAMB+URAM (Avg)                                       | 70%       | 2.69%  | OK     |
| BUFGCE* + BUFGCTRL                                        | 24        | 0      | OK     |
| DONT_TOUCH (cells/nets)                                   | 0         | 0      | OK     |
| MARK_DEBUG (nets)                                         | 0         | 0      | OK     |
| Control Sets                                              | 1323      | 19     | OK     |
| Average Fanout for modules > 100k cells                   | 4         | 1.75   | OK     |
| Max Average Fanout for modules > 100k cells               | 4         | 0      | OK     |
| Non-FD high fanout nets > 10k loads                       | 0         | 0      | OK     |
+-----------------------------------------------------------+-----------+--------+--------+
| TIMING-6 (No common primary clock between related clocks) | 0         | 0      | OK     |
| TIMING-7 (No common node between related clocks)          | 0         | 0      | OK     |
| TIMING-8 (No common period between related clocks)        | 0         | 0      | OK     |
| TIMING-14 (LUT on the clock tree)                         | 0         | 0      | OK     |
| TIMING-35 (No common node in paths with the same clock)   | 0         | 0      | OK     |
+-----------------------------------------------------------+-----------+--------+--------+
| Number of paths above max LUT budgeting (0.350ns)         | 0         | 0      | OK     |
| Number of paths above max Net budgeting (0.239ns)         | 0         | 0      | OK     |
+-----------------------------------------------------------+-----------+--------+--------+


================================================================
== Place & Route Timing Paths
================================================================
* Timing was met
+-------+-------+--------------------------------+---------------------------------+--------------+------------+----------------+----------------+--------------+
| Path  | SLACK | STARTPOINT PIN                 | ENDPOINT PIN                    | LOGIC LEVELS | MAX FANOUT | DATAPATH DELAY | DATAPATH LOGIC | DATAPATH NET |
|       |       |                                |                                 |              |            |                |          DELAY |        DELAY |
+-------+-------+--------------------------------+---------------------------------+--------------+------------+----------------+----------------+--------------+
| Path1 | 3.001 | tmp_U/ram_reg_bram_0/CLKARDCLK | select_ln42_3_reg_1199_reg[0]/S |           18 |         24 |          6.835 |          5.148 |        1.687 |
| Path2 | 3.001 | tmp_U/ram_reg_bram_0/CLKARDCLK | select_ln42_3_reg_1199_reg[1]/S |           18 |         24 |          6.835 |          5.148 |        1.687 |
| Path3 | 3.001 | tmp_U/ram_reg_bram_0/CLKARDCLK | select_ln42_3_reg_1199_reg[6]/S |           18 |         24 |          6.835 |          5.148 |        1.687 |
| Path4 | 3.001 | tmp_U/ram_reg_bram_0/CLKARDCLK | select_ln42_3_reg_1199_reg[7]/S |           18 |         24 |          6.835 |          5.148 |        1.687 |
| Path5 | 3.002 | tmp_U/ram_reg_bram_0/CLKARDCLK | select_ln42_3_reg_1199_reg[2]/S |           18 |         24 |          6.835 |          5.148 |        1.687 |
+-------+-------+--------------------------------+---------------------------------+--------------+------------+----------------+----------------+--------------+

    +----------------------------------------------------------+------------------------+
    | Path1 Cells                                              | Primitive Type         |
    +----------------------------------------------------------+------------------------+
    | tmp_U/ram_reg_bram_0                                     | BLOCKRAM.BRAM.RAMB36E2 |
    | tmp_U/ram_reg_bram_1                                     | BLOCKRAM.BRAM.RAMB36E2 |
    | tmp_U/ram_reg_bram_2                                     | BLOCKRAM.BRAM.RAMB36E2 |
    | tmp_U/ram_reg_bram_3                                     | BLOCKRAM.BRAM.RAMB36E2 |
    | tmp_U/ram_reg_bram_4                                     | BLOCKRAM.BRAM.RAMB36E2 |
    | tmp_U/ram_reg_bram_5                                     | BLOCKRAM.BRAM.RAMB36E2 |
    | tmp_U/ram_reg_bram_6                                     | BLOCKRAM.BRAM.RAMB36E2 |
    | tmp_U/ram_reg_bram_7                                     | BLOCKRAM.BRAM.RAMB36E2 |
    | mul_24s_17s_41_1_1_U2/tmp_product/DSP_A_B_DATA_INST      | ARITHMETIC.DSP.DSP48E2 |
    | mul_24s_17s_41_1_1_U2/tmp_product/DSP_PREADD_DATA_INST   | ARITHMETIC.DSP.DSP48E2 |
    | mul_24s_17s_41_1_1_U2/tmp_product/DSP_MULTIPLIER_INST    | ARITHMETIC.DSP.DSP48E2 |
    | mul_24s_17s_41_1_1_U2/tmp_product/DSP_M_DATA_INST        | ARITHMETIC.DSP.DSP48E2 |
    | mul_24s_17s_41_1_1_U2/tmp_product/DSP_ALU_INST           | ARITHMETIC.DSP.DSP48E2 |
    | mul_24s_17s_41_1_1_U2/tmp_product/DSP_OUTPUT_INST        | ARITHMETIC.DSP.DSP48E2 |
    | mul_24s_17s_41_1_1_U2/select_ln42_3_reg_1199[7]_i_3      | CLB.LUT.LUT2           |
    | mul_24s_17s_41_1_1_U2/select_ln42_3_reg_1199_reg[7]_i_2  | CLB.CARRY.CARRY8       |
    | mul_24s_17s_41_1_1_U2/select_ln42_3_reg_1199_reg[15]_i_2 | CLB.CARRY.CARRY8       |
    | mul_24s_17s_41_1_1_U2/select_ln42_3_reg_1199_reg[23]_i_3 | CLB.CARRY.CARRY8       |
    | mul_24s_17s_41_1_1_U2/select_ln42_3_reg_1199[23]_i_1     | CLB.LUT.LUT6           |
    | select_ln42_3_reg_1199_reg[0]                            | REGISTER.SDR.FDSE      |
    | tmp_U/ram_reg_bram_0                                     | BLOCKRAM.BRAM.RAMB36E2 |
    | tmp_U/ram_reg_bram_1                                     | BLOCKRAM.BRAM.RAMB36E2 |
    | tmp_U/ram_reg_bram_2                                     | BLOCKRAM.BRAM.RAMB36E2 |
    | tmp_U/ram_reg_bram_3                                     | BLOCKRAM.BRAM.RAMB36E2 |
    | tmp_U/ram_reg_bram_4                                     | BLOCKRAM.BRAM.RAMB36E2 |
    | tmp_U/ram_reg_bram_5                                     | BLOCKRAM.BRAM.RAMB36E2 |
    | tmp_U/ram_reg_bram_6                                     | BLOCKRAM.BRAM.RAMB36E2 |
    | tmp_U/ram_reg_bram_7                                     | BLOCKRAM.BRAM.RAMB36E2 |
    | mul_24s_17s_41_1_1_U2/tmp_product/DSP_A_B_DATA_INST      | ARITHMETIC.DSP.DSP48E2 |
    | mul_24s_17s_41_1_1_U2/tmp_product/DSP_PREADD_DATA_INST   | ARITHMETIC.DSP.DSP48E2 |
    | mul_24s_17s_41_1_1_U2/tmp_product/DSP_MULTIPLIER_INST    | ARITHMETIC.DSP.DSP48E2 |
    | mul_24s_17s_41_1_1_U2/tmp_product/DSP_M_DATA_INST        | ARITHMETIC.DSP.DSP48E2 |
    | mul_24s_17s_41_1_1_U2/tmp_product/DSP_ALU_INST           | ARITHMETIC.DSP.DSP48E2 |
    | mul_24s_17s_41_1_1_U2/tmp_product/DSP_OUTPUT_INST        | ARITHMETIC.DSP.DSP48E2 |
    | mul_24s_17s_41_1_1_U2/select_ln42_3_reg_1199[7]_i_3      | CLB.LUT.LUT2           |
    | mul_24s_17s_41_1_1_U2/select_ln42_3_reg_1199_reg[7]_i_2  | CLB.CARRY.CARRY8       |
    | mul_24s_17s_41_1_1_U2/select_ln42_3_reg_1199_reg[15]_i_2 | CLB.CARRY.CARRY8       |
    | mul_24s_17s_41_1_1_U2/select_ln42_3_reg_1199_reg[23]_i_3 | CLB.CARRY.CARRY8       |
    | mul_24s_17s_41_1_1_U2/select_ln42_3_reg_1199[23]_i_1     | CLB.LUT.LUT6           |
    | select_ln42_3_reg_1199_reg[1]                            | REGISTER.SDR.FDSE      |
    | tmp_U/ram_reg_bram_0                                     | BLOCKRAM.BRAM.RAMB36E2 |
    | tmp_U/ram_reg_bram_1                                     | BLOCKRAM.BRAM.RAMB36E2 |
    | tmp_U/ram_reg_bram_2                                     | BLOCKRAM.BRAM.RAMB36E2 |
    | tmp_U/ram_reg_bram_3                                     | BLOCKRAM.BRAM.RAMB36E2 |
    | tmp_U/ram_reg_bram_4                                     | BLOCKRAM.BRAM.RAMB36E2 |
    | tmp_U/ram_reg_bram_5                                     | BLOCKRAM.BRAM.RAMB36E2 |
    | tmp_U/ram_reg_bram_6                                     | BLOCKRAM.BRAM.RAMB36E2 |
    | tmp_U/ram_reg_bram_7                                     | BLOCKRAM.BRAM.RAMB36E2 |
    | mul_24s_17s_41_1_1_U2/tmp_product/DSP_A_B_DATA_INST      | ARITHMETIC.DSP.DSP48E2 |
    | mul_24s_17s_41_1_1_U2/tmp_product/DSP_PREADD_DATA_INST   | ARITHMETIC.DSP.DSP48E2 |
    | mul_24s_17s_41_1_1_U2/tmp_product/DSP_MULTIPLIER_INST    | ARITHMETIC.DSP.DSP48E2 |
    | mul_24s_17s_41_1_1_U2/tmp_product/DSP_M_DATA_INST        | ARITHMETIC.DSP.DSP48E2 |
    | mul_24s_17s_41_1_1_U2/tmp_product/DSP_ALU_INST           | ARITHMETIC.DSP.DSP48E2 |
    | mul_24s_17s_41_1_1_U2/tmp_product/DSP_OUTPUT_INST        | ARITHMETIC.DSP.DSP48E2 |
    | mul_24s_17s_41_1_1_U2/select_ln42_3_reg_1199[7]_i_3      | CLB.LUT.LUT2           |
    | mul_24s_17s_41_1_1_U2/select_ln42_3_reg_1199_reg[7]_i_2  | CLB.CARRY.CARRY8       |
    | mul_24s_17s_41_1_1_U2/select_ln42_3_reg_1199_reg[15]_i_2 | CLB.CARRY.CARRY8       |
    | mul_24s_17s_41_1_1_U2/select_ln42_3_reg_1199_reg[23]_i_3 | CLB.CARRY.CARRY8       |
    | mul_24s_17s_41_1_1_U2/select_ln42_3_reg_1199[23]_i_1     | CLB.LUT.LUT6           |
    | select_ln42_3_reg_1199_reg[6]                            | REGISTER.SDR.FDSE      |
    | tmp_U/ram_reg_bram_0                                     | BLOCKRAM.BRAM.RAMB36E2 |
    | tmp_U/ram_reg_bram_1                                     | BLOCKRAM.BRAM.RAMB36E2 |
    | tmp_U/ram_reg_bram_2                                     | BLOCKRAM.BRAM.RAMB36E2 |
    | tmp_U/ram_reg_bram_3                                     | BLOCKRAM.BRAM.RAMB36E2 |
    | tmp_U/ram_reg_bram_4                                     | BLOCKRAM.BRAM.RAMB36E2 |
    | tmp_U/ram_reg_bram_5                                     | BLOCKRAM.BRAM.RAMB36E2 |
    | tmp_U/ram_reg_bram_6                                     | BLOCKRAM.BRAM.RAMB36E2 |
    | tmp_U/ram_reg_bram_7                                     | BLOCKRAM.BRAM.RAMB36E2 |
    | mul_24s_17s_41_1_1_U2/tmp_product/DSP_A_B_DATA_INST      | ARITHMETIC.DSP.DSP48E2 |
    | mul_24s_17s_41_1_1_U2/tmp_product/DSP_PREADD_DATA_INST   | ARITHMETIC.DSP.DSP48E2 |
    | mul_24s_17s_41_1_1_U2/tmp_product/DSP_MULTIPLIER_INST    | ARITHMETIC.DSP.DSP48E2 |
    | mul_24s_17s_41_1_1_U2/tmp_product/DSP_M_DATA_INST        | ARITHMETIC.DSP.DSP48E2 |
    | mul_24s_17s_41_1_1_U2/tmp_product/DSP_ALU_INST           | ARITHMETIC.DSP.DSP48E2 |
    | mul_24s_17s_41_1_1_U2/tmp_product/DSP_OUTPUT_INST        | ARITHMETIC.DSP.DSP48E2 |
    | mul_24s_17s_41_1_1_U2/select_ln42_3_reg_1199[7]_i_3      | CLB.LUT.LUT2           |
    | mul_24s_17s_41_1_1_U2/select_ln42_3_reg_1199_reg[7]_i_2  | CLB.CARRY.CARRY8       |
    | mul_24s_17s_41_1_1_U2/select_ln42_3_reg_1199_reg[15]_i_2 | CLB.CARRY.CARRY8       |
    | mul_24s_17s_41_1_1_U2/select_ln42_3_reg_1199_reg[23]_i_3 | CLB.CARRY.CARRY8       |
    | mul_24s_17s_41_1_1_U2/select_ln42_3_reg_1199[23]_i_1     | CLB.LUT.LUT6           |
    | select_ln42_3_reg_1199_reg[7]                            | REGISTER.SDR.FDSE      |
    | tmp_U/ram_reg_bram_0                                     | BLOCKRAM.BRAM.RAMB36E2 |
    | tmp_U/ram_reg_bram_1                                     | BLOCKRAM.BRAM.RAMB36E2 |
    | tmp_U/ram_reg_bram_2                                     | BLOCKRAM.BRAM.RAMB36E2 |
    | tmp_U/ram_reg_bram_3                                     | BLOCKRAM.BRAM.RAMB36E2 |
    | tmp_U/ram_reg_bram_4                                     | BLOCKRAM.BRAM.RAMB36E2 |
    | tmp_U/ram_reg_bram_5                                     | BLOCKRAM.BRAM.RAMB36E2 |
    | tmp_U/ram_reg_bram_6                                     | BLOCKRAM.BRAM.RAMB36E2 |
    | tmp_U/ram_reg_bram_7                                     | BLOCKRAM.BRAM.RAMB36E2 |
    | mul_24s_17s_41_1_1_U2/tmp_product/DSP_A_B_DATA_INST      | ARITHMETIC.DSP.DSP48E2 |
    | mul_24s_17s_41_1_1_U2/tmp_product/DSP_PREADD_DATA_INST   | ARITHMETIC.DSP.DSP48E2 |
    | mul_24s_17s_41_1_1_U2/tmp_product/DSP_MULTIPLIER_INST    | ARITHMETIC.DSP.DSP48E2 |
    | mul_24s_17s_41_1_1_U2/tmp_product/DSP_M_DATA_INST        | ARITHMETIC.DSP.DSP48E2 |
    | mul_24s_17s_41_1_1_U2/tmp_product/DSP_ALU_INST           | ARITHMETIC.DSP.DSP48E2 |
    | mul_24s_17s_41_1_1_U2/tmp_product/DSP_OUTPUT_INST        | ARITHMETIC.DSP.DSP48E2 |
    | mul_24s_17s_41_1_1_U2/select_ln42_3_reg_1199[7]_i_3      | CLB.LUT.LUT2           |
    | mul_24s_17s_41_1_1_U2/select_ln42_3_reg_1199_reg[7]_i_2  | CLB.CARRY.CARRY8       |
    | mul_24s_17s_41_1_1_U2/select_ln42_3_reg_1199_reg[15]_i_2 | CLB.CARRY.CARRY8       |
    | mul_24s_17s_41_1_1_U2/select_ln42_3_reg_1199_reg[23]_i_3 | CLB.CARRY.CARRY8       |
    | mul_24s_17s_41_1_1_U2/select_ln42_3_reg_1199[23]_i_1     | CLB.LUT.LUT6           |
    | select_ln42_3_reg_1199_reg[2]                            | REGISTER.SDR.FDSE      |
    +----------------------------------------------------------+------------------------+

    +----------------------------------------------------------+------------------------+
    | Path2 Cells                                              | Primitive Type         |
    +----------------------------------------------------------+------------------------+
    | tmp_U/ram_reg_bram_0                                     | BLOCKRAM.BRAM.RAMB36E2 |
    | tmp_U/ram_reg_bram_1                                     | BLOCKRAM.BRAM.RAMB36E2 |
    | tmp_U/ram_reg_bram_2                                     | BLOCKRAM.BRAM.RAMB36E2 |
    | tmp_U/ram_reg_bram_3                                     | BLOCKRAM.BRAM.RAMB36E2 |
    | tmp_U/ram_reg_bram_4                                     | BLOCKRAM.BRAM.RAMB36E2 |
    | tmp_U/ram_reg_bram_5                                     | BLOCKRAM.BRAM.RAMB36E2 |
    | tmp_U/ram_reg_bram_6                                     | BLOCKRAM.BRAM.RAMB36E2 |
    | tmp_U/ram_reg_bram_7                                     | BLOCKRAM.BRAM.RAMB36E2 |
    | mul_24s_17s_41_1_1_U2/tmp_product/DSP_A_B_DATA_INST      | ARITHMETIC.DSP.DSP48E2 |
    | mul_24s_17s_41_1_1_U2/tmp_product/DSP_PREADD_DATA_INST   | ARITHMETIC.DSP.DSP48E2 |
    | mul_24s_17s_41_1_1_U2/tmp_product/DSP_MULTIPLIER_INST    | ARITHMETIC.DSP.DSP48E2 |
    | mul_24s_17s_41_1_1_U2/tmp_product/DSP_M_DATA_INST        | ARITHMETIC.DSP.DSP48E2 |
    | mul_24s_17s_41_1_1_U2/tmp_product/DSP_ALU_INST           | ARITHMETIC.DSP.DSP48E2 |
    | mul_24s_17s_41_1_1_U2/tmp_product/DSP_OUTPUT_INST        | ARITHMETIC.DSP.DSP48E2 |
    | mul_24s_17s_41_1_1_U2/select_ln42_3_reg_1199[7]_i_3      | CLB.LUT.LUT2           |
    | mul_24s_17s_41_1_1_U2/select_ln42_3_reg_1199_reg[7]_i_2  | CLB.CARRY.CARRY8       |
    | mul_24s_17s_41_1_1_U2/select_ln42_3_reg_1199_reg[15]_i_2 | CLB.CARRY.CARRY8       |
    | mul_24s_17s_41_1_1_U2/select_ln42_3_reg_1199_reg[23]_i_3 | CLB.CARRY.CARRY8       |
    | mul_24s_17s_41_1_1_U2/select_ln42_3_reg_1199[23]_i_1     | CLB.LUT.LUT6           |
    | select_ln42_3_reg_1199_reg[0]                            | REGISTER.SDR.FDSE      |
    | tmp_U/ram_reg_bram_0                                     | BLOCKRAM.BRAM.RAMB36E2 |
    | tmp_U/ram_reg_bram_1                                     | BLOCKRAM.BRAM.RAMB36E2 |
    | tmp_U/ram_reg_bram_2                                     | BLOCKRAM.BRAM.RAMB36E2 |
    | tmp_U/ram_reg_bram_3                                     | BLOCKRAM.BRAM.RAMB36E2 |
    | tmp_U/ram_reg_bram_4                                     | BLOCKRAM.BRAM.RAMB36E2 |
    | tmp_U/ram_reg_bram_5                                     | BLOCKRAM.BRAM.RAMB36E2 |
    | tmp_U/ram_reg_bram_6                                     | BLOCKRAM.BRAM.RAMB36E2 |
    | tmp_U/ram_reg_bram_7                                     | BLOCKRAM.BRAM.RAMB36E2 |
    | mul_24s_17s_41_1_1_U2/tmp_product/DSP_A_B_DATA_INST      | ARITHMETIC.DSP.DSP48E2 |
    | mul_24s_17s_41_1_1_U2/tmp_product/DSP_PREADD_DATA_INST   | ARITHMETIC.DSP.DSP48E2 |
    | mul_24s_17s_41_1_1_U2/tmp_product/DSP_MULTIPLIER_INST    | ARITHMETIC.DSP.DSP48E2 |
    | mul_24s_17s_41_1_1_U2/tmp_product/DSP_M_DATA_INST        | ARITHMETIC.DSP.DSP48E2 |
    | mul_24s_17s_41_1_1_U2/tmp_product/DSP_ALU_INST           | ARITHMETIC.DSP.DSP48E2 |
    | mul_24s_17s_41_1_1_U2/tmp_product/DSP_OUTPUT_INST        | ARITHMETIC.DSP.DSP48E2 |
    | mul_24s_17s_41_1_1_U2/select_ln42_3_reg_1199[7]_i_3      | CLB.LUT.LUT2           |
    | mul_24s_17s_41_1_1_U2/select_ln42_3_reg_1199_reg[7]_i_2  | CLB.CARRY.CARRY8       |
    | mul_24s_17s_41_1_1_U2/select_ln42_3_reg_1199_reg[15]_i_2 | CLB.CARRY.CARRY8       |
    | mul_24s_17s_41_1_1_U2/select_ln42_3_reg_1199_reg[23]_i_3 | CLB.CARRY.CARRY8       |
    | mul_24s_17s_41_1_1_U2/select_ln42_3_reg_1199[23]_i_1     | CLB.LUT.LUT6           |
    | select_ln42_3_reg_1199_reg[1]                            | REGISTER.SDR.FDSE      |
    | tmp_U/ram_reg_bram_0                                     | BLOCKRAM.BRAM.RAMB36E2 |
    | tmp_U/ram_reg_bram_1                                     | BLOCKRAM.BRAM.RAMB36E2 |
    | tmp_U/ram_reg_bram_2                                     | BLOCKRAM.BRAM.RAMB36E2 |
    | tmp_U/ram_reg_bram_3                                     | BLOCKRAM.BRAM.RAMB36E2 |
    | tmp_U/ram_reg_bram_4                                     | BLOCKRAM.BRAM.RAMB36E2 |
    | tmp_U/ram_reg_bram_5                                     | BLOCKRAM.BRAM.RAMB36E2 |
    | tmp_U/ram_reg_bram_6                                     | BLOCKRAM.BRAM.RAMB36E2 |
    | tmp_U/ram_reg_bram_7                                     | BLOCKRAM.BRAM.RAMB36E2 |
    | mul_24s_17s_41_1_1_U2/tmp_product/DSP_A_B_DATA_INST      | ARITHMETIC.DSP.DSP48E2 |
    | mul_24s_17s_41_1_1_U2/tmp_product/DSP_PREADD_DATA_INST   | ARITHMETIC.DSP.DSP48E2 |
    | mul_24s_17s_41_1_1_U2/tmp_product/DSP_MULTIPLIER_INST    | ARITHMETIC.DSP.DSP48E2 |
    | mul_24s_17s_41_1_1_U2/tmp_product/DSP_M_DATA_INST        | ARITHMETIC.DSP.DSP48E2 |
    | mul_24s_17s_41_1_1_U2/tmp_product/DSP_ALU_INST           | ARITHMETIC.DSP.DSP48E2 |
    | mul_24s_17s_41_1_1_U2/tmp_product/DSP_OUTPUT_INST        | ARITHMETIC.DSP.DSP48E2 |
    | mul_24s_17s_41_1_1_U2/select_ln42_3_reg_1199[7]_i_3      | CLB.LUT.LUT2           |
    | mul_24s_17s_41_1_1_U2/select_ln42_3_reg_1199_reg[7]_i_2  | CLB.CARRY.CARRY8       |
    | mul_24s_17s_41_1_1_U2/select_ln42_3_reg_1199_reg[15]_i_2 | CLB.CARRY.CARRY8       |
    | mul_24s_17s_41_1_1_U2/select_ln42_3_reg_1199_reg[23]_i_3 | CLB.CARRY.CARRY8       |
    | mul_24s_17s_41_1_1_U2/select_ln42_3_reg_1199[23]_i_1     | CLB.LUT.LUT6           |
    | select_ln42_3_reg_1199_reg[6]                            | REGISTER.SDR.FDSE      |
    | tmp_U/ram_reg_bram_0                                     | BLOCKRAM.BRAM.RAMB36E2 |
    | tmp_U/ram_reg_bram_1                                     | BLOCKRAM.BRAM.RAMB36E2 |
    | tmp_U/ram_reg_bram_2                                     | BLOCKRAM.BRAM.RAMB36E2 |
    | tmp_U/ram_reg_bram_3                                     | BLOCKRAM.BRAM.RAMB36E2 |
    | tmp_U/ram_reg_bram_4                                     | BLOCKRAM.BRAM.RAMB36E2 |
    | tmp_U/ram_reg_bram_5                                     | BLOCKRAM.BRAM.RAMB36E2 |
    | tmp_U/ram_reg_bram_6                                     | BLOCKRAM.BRAM.RAMB36E2 |
    | tmp_U/ram_reg_bram_7                                     | BLOCKRAM.BRAM.RAMB36E2 |
    | mul_24s_17s_41_1_1_U2/tmp_product/DSP_A_B_DATA_INST      | ARITHMETIC.DSP.DSP48E2 |
    | mul_24s_17s_41_1_1_U2/tmp_product/DSP_PREADD_DATA_INST   | ARITHMETIC.DSP.DSP48E2 |
    | mul_24s_17s_41_1_1_U2/tmp_product/DSP_MULTIPLIER_INST    | ARITHMETIC.DSP.DSP48E2 |
    | mul_24s_17s_41_1_1_U2/tmp_product/DSP_M_DATA_INST        | ARITHMETIC.DSP.DSP48E2 |
    | mul_24s_17s_41_1_1_U2/tmp_product/DSP_ALU_INST           | ARITHMETIC.DSP.DSP48E2 |
    | mul_24s_17s_41_1_1_U2/tmp_product/DSP_OUTPUT_INST        | ARITHMETIC.DSP.DSP48E2 |
    | mul_24s_17s_41_1_1_U2/select_ln42_3_reg_1199[7]_i_3      | CLB.LUT.LUT2           |
    | mul_24s_17s_41_1_1_U2/select_ln42_3_reg_1199_reg[7]_i_2  | CLB.CARRY.CARRY8       |
    | mul_24s_17s_41_1_1_U2/select_ln42_3_reg_1199_reg[15]_i_2 | CLB.CARRY.CARRY8       |
    | mul_24s_17s_41_1_1_U2/select_ln42_3_reg_1199_reg[23]_i_3 | CLB.CARRY.CARRY8       |
    | mul_24s_17s_41_1_1_U2/select_ln42_3_reg_1199[23]_i_1     | CLB.LUT.LUT6           |
    | select_ln42_3_reg_1199_reg[7]                            | REGISTER.SDR.FDSE      |
    | tmp_U/ram_reg_bram_0                                     | BLOCKRAM.BRAM.RAMB36E2 |
    | tmp_U/ram_reg_bram_1                                     | BLOCKRAM.BRAM.RAMB36E2 |
    | tmp_U/ram_reg_bram_2                                     | BLOCKRAM.BRAM.RAMB36E2 |
    | tmp_U/ram_reg_bram_3                                     | BLOCKRAM.BRAM.RAMB36E2 |
    | tmp_U/ram_reg_bram_4                                     | BLOCKRAM.BRAM.RAMB36E2 |
    | tmp_U/ram_reg_bram_5                                     | BLOCKRAM.BRAM.RAMB36E2 |
    | tmp_U/ram_reg_bram_6                                     | BLOCKRAM.BRAM.RAMB36E2 |
    | tmp_U/ram_reg_bram_7                                     | BLOCKRAM.BRAM.RAMB36E2 |
    | mul_24s_17s_41_1_1_U2/tmp_product/DSP_A_B_DATA_INST      | ARITHMETIC.DSP.DSP48E2 |
    | mul_24s_17s_41_1_1_U2/tmp_product/DSP_PREADD_DATA_INST   | ARITHMETIC.DSP.DSP48E2 |
    | mul_24s_17s_41_1_1_U2/tmp_product/DSP_MULTIPLIER_INST    | ARITHMETIC.DSP.DSP48E2 |
    | mul_24s_17s_41_1_1_U2/tmp_product/DSP_M_DATA_INST        | ARITHMETIC.DSP.DSP48E2 |
    | mul_24s_17s_41_1_1_U2/tmp_product/DSP_ALU_INST           | ARITHMETIC.DSP.DSP48E2 |
    | mul_24s_17s_41_1_1_U2/tmp_product/DSP_OUTPUT_INST        | ARITHMETIC.DSP.DSP48E2 |
    | mul_24s_17s_41_1_1_U2/select_ln42_3_reg_1199[7]_i_3      | CLB.LUT.LUT2           |
    | mul_24s_17s_41_1_1_U2/select_ln42_3_reg_1199_reg[7]_i_2  | CLB.CARRY.CARRY8       |
    | mul_24s_17s_41_1_1_U2/select_ln42_3_reg_1199_reg[15]_i_2 | CLB.CARRY.CARRY8       |
    | mul_24s_17s_41_1_1_U2/select_ln42_3_reg_1199_reg[23]_i_3 | CLB.CARRY.CARRY8       |
    | mul_24s_17s_41_1_1_U2/select_ln42_3_reg_1199[23]_i_1     | CLB.LUT.LUT6           |
    | select_ln42_3_reg_1199_reg[2]                            | REGISTER.SDR.FDSE      |
    +----------------------------------------------------------+------------------------+

    +----------------------------------------------------------+------------------------+
    | Path3 Cells                                              | Primitive Type         |
    +----------------------------------------------------------+------------------------+
    | tmp_U/ram_reg_bram_0                                     | BLOCKRAM.BRAM.RAMB36E2 |
    | tmp_U/ram_reg_bram_1                                     | BLOCKRAM.BRAM.RAMB36E2 |
    | tmp_U/ram_reg_bram_2                                     | BLOCKRAM.BRAM.RAMB36E2 |
    | tmp_U/ram_reg_bram_3                                     | BLOCKRAM.BRAM.RAMB36E2 |
    | tmp_U/ram_reg_bram_4                                     | BLOCKRAM.BRAM.RAMB36E2 |
    | tmp_U/ram_reg_bram_5                                     | BLOCKRAM.BRAM.RAMB36E2 |
    | tmp_U/ram_reg_bram_6                                     | BLOCKRAM.BRAM.RAMB36E2 |
    | tmp_U/ram_reg_bram_7                                     | BLOCKRAM.BRAM.RAMB36E2 |
    | mul_24s_17s_41_1_1_U2/tmp_product/DSP_A_B_DATA_INST      | ARITHMETIC.DSP.DSP48E2 |
    | mul_24s_17s_41_1_1_U2/tmp_product/DSP_PREADD_DATA_INST   | ARITHMETIC.DSP.DSP48E2 |
    | mul_24s_17s_41_1_1_U2/tmp_product/DSP_MULTIPLIER_INST    | ARITHMETIC.DSP.DSP48E2 |
    | mul_24s_17s_41_1_1_U2/tmp_product/DSP_M_DATA_INST        | ARITHMETIC.DSP.DSP48E2 |
    | mul_24s_17s_41_1_1_U2/tmp_product/DSP_ALU_INST           | ARITHMETIC.DSP.DSP48E2 |
    | mul_24s_17s_41_1_1_U2/tmp_product/DSP_OUTPUT_INST        | ARITHMETIC.DSP.DSP48E2 |
    | mul_24s_17s_41_1_1_U2/select_ln42_3_reg_1199[7]_i_3      | CLB.LUT.LUT2           |
    | mul_24s_17s_41_1_1_U2/select_ln42_3_reg_1199_reg[7]_i_2  | CLB.CARRY.CARRY8       |
    | mul_24s_17s_41_1_1_U2/select_ln42_3_reg_1199_reg[15]_i_2 | CLB.CARRY.CARRY8       |
    | mul_24s_17s_41_1_1_U2/select_ln42_3_reg_1199_reg[23]_i_3 | CLB.CARRY.CARRY8       |
    | mul_24s_17s_41_1_1_U2/select_ln42_3_reg_1199[23]_i_1     | CLB.LUT.LUT6           |
    | select_ln42_3_reg_1199_reg[0]                            | REGISTER.SDR.FDSE      |
    | tmp_U/ram_reg_bram_0                                     | BLOCKRAM.BRAM.RAMB36E2 |
    | tmp_U/ram_reg_bram_1                                     | BLOCKRAM.BRAM.RAMB36E2 |
    | tmp_U/ram_reg_bram_2                                     | BLOCKRAM.BRAM.RAMB36E2 |
    | tmp_U/ram_reg_bram_3                                     | BLOCKRAM.BRAM.RAMB36E2 |
    | tmp_U/ram_reg_bram_4                                     | BLOCKRAM.BRAM.RAMB36E2 |
    | tmp_U/ram_reg_bram_5                                     | BLOCKRAM.BRAM.RAMB36E2 |
    | tmp_U/ram_reg_bram_6                                     | BLOCKRAM.BRAM.RAMB36E2 |
    | tmp_U/ram_reg_bram_7                                     | BLOCKRAM.BRAM.RAMB36E2 |
    | mul_24s_17s_41_1_1_U2/tmp_product/DSP_A_B_DATA_INST      | ARITHMETIC.DSP.DSP48E2 |
    | mul_24s_17s_41_1_1_U2/tmp_product/DSP_PREADD_DATA_INST   | ARITHMETIC.DSP.DSP48E2 |
    | mul_24s_17s_41_1_1_U2/tmp_product/DSP_MULTIPLIER_INST    | ARITHMETIC.DSP.DSP48E2 |
    | mul_24s_17s_41_1_1_U2/tmp_product/DSP_M_DATA_INST        | ARITHMETIC.DSP.DSP48E2 |
    | mul_24s_17s_41_1_1_U2/tmp_product/DSP_ALU_INST           | ARITHMETIC.DSP.DSP48E2 |
    | mul_24s_17s_41_1_1_U2/tmp_product/DSP_OUTPUT_INST        | ARITHMETIC.DSP.DSP48E2 |
    | mul_24s_17s_41_1_1_U2/select_ln42_3_reg_1199[7]_i_3      | CLB.LUT.LUT2           |
    | mul_24s_17s_41_1_1_U2/select_ln42_3_reg_1199_reg[7]_i_2  | CLB.CARRY.CARRY8       |
    | mul_24s_17s_41_1_1_U2/select_ln42_3_reg_1199_reg[15]_i_2 | CLB.CARRY.CARRY8       |
    | mul_24s_17s_41_1_1_U2/select_ln42_3_reg_1199_reg[23]_i_3 | CLB.CARRY.CARRY8       |
    | mul_24s_17s_41_1_1_U2/select_ln42_3_reg_1199[23]_i_1     | CLB.LUT.LUT6           |
    | select_ln42_3_reg_1199_reg[1]                            | REGISTER.SDR.FDSE      |
    | tmp_U/ram_reg_bram_0                                     | BLOCKRAM.BRAM.RAMB36E2 |
    | tmp_U/ram_reg_bram_1                                     | BLOCKRAM.BRAM.RAMB36E2 |
    | tmp_U/ram_reg_bram_2                                     | BLOCKRAM.BRAM.RAMB36E2 |
    | tmp_U/ram_reg_bram_3                                     | BLOCKRAM.BRAM.RAMB36E2 |
    | tmp_U/ram_reg_bram_4                                     | BLOCKRAM.BRAM.RAMB36E2 |
    | tmp_U/ram_reg_bram_5                                     | BLOCKRAM.BRAM.RAMB36E2 |
    | tmp_U/ram_reg_bram_6                                     | BLOCKRAM.BRAM.RAMB36E2 |
    | tmp_U/ram_reg_bram_7                                     | BLOCKRAM.BRAM.RAMB36E2 |
    | mul_24s_17s_41_1_1_U2/tmp_product/DSP_A_B_DATA_INST      | ARITHMETIC.DSP.DSP48E2 |
    | mul_24s_17s_41_1_1_U2/tmp_product/DSP_PREADD_DATA_INST   | ARITHMETIC.DSP.DSP48E2 |
    | mul_24s_17s_41_1_1_U2/tmp_product/DSP_MULTIPLIER_INST    | ARITHMETIC.DSP.DSP48E2 |
    | mul_24s_17s_41_1_1_U2/tmp_product/DSP_M_DATA_INST        | ARITHMETIC.DSP.DSP48E2 |
    | mul_24s_17s_41_1_1_U2/tmp_product/DSP_ALU_INST           | ARITHMETIC.DSP.DSP48E2 |
    | mul_24s_17s_41_1_1_U2/tmp_product/DSP_OUTPUT_INST        | ARITHMETIC.DSP.DSP48E2 |
    | mul_24s_17s_41_1_1_U2/select_ln42_3_reg_1199[7]_i_3      | CLB.LUT.LUT2           |
    | mul_24s_17s_41_1_1_U2/select_ln42_3_reg_1199_reg[7]_i_2  | CLB.CARRY.CARRY8       |
    | mul_24s_17s_41_1_1_U2/select_ln42_3_reg_1199_reg[15]_i_2 | CLB.CARRY.CARRY8       |
    | mul_24s_17s_41_1_1_U2/select_ln42_3_reg_1199_reg[23]_i_3 | CLB.CARRY.CARRY8       |
    | mul_24s_17s_41_1_1_U2/select_ln42_3_reg_1199[23]_i_1     | CLB.LUT.LUT6           |
    | select_ln42_3_reg_1199_reg[6]                            | REGISTER.SDR.FDSE      |
    | tmp_U/ram_reg_bram_0                                     | BLOCKRAM.BRAM.RAMB36E2 |
    | tmp_U/ram_reg_bram_1                                     | BLOCKRAM.BRAM.RAMB36E2 |
    | tmp_U/ram_reg_bram_2                                     | BLOCKRAM.BRAM.RAMB36E2 |
    | tmp_U/ram_reg_bram_3                                     | BLOCKRAM.BRAM.RAMB36E2 |
    | tmp_U/ram_reg_bram_4                                     | BLOCKRAM.BRAM.RAMB36E2 |
    | tmp_U/ram_reg_bram_5                                     | BLOCKRAM.BRAM.RAMB36E2 |
    | tmp_U/ram_reg_bram_6                                     | BLOCKRAM.BRAM.RAMB36E2 |
    | tmp_U/ram_reg_bram_7                                     | BLOCKRAM.BRAM.RAMB36E2 |
    | mul_24s_17s_41_1_1_U2/tmp_product/DSP_A_B_DATA_INST      | ARITHMETIC.DSP.DSP48E2 |
    | mul_24s_17s_41_1_1_U2/tmp_product/DSP_PREADD_DATA_INST   | ARITHMETIC.DSP.DSP48E2 |
    | mul_24s_17s_41_1_1_U2/tmp_product/DSP_MULTIPLIER_INST    | ARITHMETIC.DSP.DSP48E2 |
    | mul_24s_17s_41_1_1_U2/tmp_product/DSP_M_DATA_INST        | ARITHMETIC.DSP.DSP48E2 |
    | mul_24s_17s_41_1_1_U2/tmp_product/DSP_ALU_INST           | ARITHMETIC.DSP.DSP48E2 |
    | mul_24s_17s_41_1_1_U2/tmp_product/DSP_OUTPUT_INST        | ARITHMETIC.DSP.DSP48E2 |
    | mul_24s_17s_41_1_1_U2/select_ln42_3_reg_1199[7]_i_3      | CLB.LUT.LUT2           |
    | mul_24s_17s_41_1_1_U2/select_ln42_3_reg_1199_reg[7]_i_2  | CLB.CARRY.CARRY8       |
    | mul_24s_17s_41_1_1_U2/select_ln42_3_reg_1199_reg[15]_i_2 | CLB.CARRY.CARRY8       |
    | mul_24s_17s_41_1_1_U2/select_ln42_3_reg_1199_reg[23]_i_3 | CLB.CARRY.CARRY8       |
    | mul_24s_17s_41_1_1_U2/select_ln42_3_reg_1199[23]_i_1     | CLB.LUT.LUT6           |
    | select_ln42_3_reg_1199_reg[7]                            | REGISTER.SDR.FDSE      |
    | tmp_U/ram_reg_bram_0                                     | BLOCKRAM.BRAM.RAMB36E2 |
    | tmp_U/ram_reg_bram_1                                     | BLOCKRAM.BRAM.RAMB36E2 |
    | tmp_U/ram_reg_bram_2                                     | BLOCKRAM.BRAM.RAMB36E2 |
    | tmp_U/ram_reg_bram_3                                     | BLOCKRAM.BRAM.RAMB36E2 |
    | tmp_U/ram_reg_bram_4                                     | BLOCKRAM.BRAM.RAMB36E2 |
    | tmp_U/ram_reg_bram_5                                     | BLOCKRAM.BRAM.RAMB36E2 |
    | tmp_U/ram_reg_bram_6                                     | BLOCKRAM.BRAM.RAMB36E2 |
    | tmp_U/ram_reg_bram_7                                     | BLOCKRAM.BRAM.RAMB36E2 |
    | mul_24s_17s_41_1_1_U2/tmp_product/DSP_A_B_DATA_INST      | ARITHMETIC.DSP.DSP48E2 |
    | mul_24s_17s_41_1_1_U2/tmp_product/DSP_PREADD_DATA_INST   | ARITHMETIC.DSP.DSP48E2 |
    | mul_24s_17s_41_1_1_U2/tmp_product/DSP_MULTIPLIER_INST    | ARITHMETIC.DSP.DSP48E2 |
    | mul_24s_17s_41_1_1_U2/tmp_product/DSP_M_DATA_INST        | ARITHMETIC.DSP.DSP48E2 |
    | mul_24s_17s_41_1_1_U2/tmp_product/DSP_ALU_INST           | ARITHMETIC.DSP.DSP48E2 |
    | mul_24s_17s_41_1_1_U2/tmp_product/DSP_OUTPUT_INST        | ARITHMETIC.DSP.DSP48E2 |
    | mul_24s_17s_41_1_1_U2/select_ln42_3_reg_1199[7]_i_3      | CLB.LUT.LUT2           |
    | mul_24s_17s_41_1_1_U2/select_ln42_3_reg_1199_reg[7]_i_2  | CLB.CARRY.CARRY8       |
    | mul_24s_17s_41_1_1_U2/select_ln42_3_reg_1199_reg[15]_i_2 | CLB.CARRY.CARRY8       |
    | mul_24s_17s_41_1_1_U2/select_ln42_3_reg_1199_reg[23]_i_3 | CLB.CARRY.CARRY8       |
    | mul_24s_17s_41_1_1_U2/select_ln42_3_reg_1199[23]_i_1     | CLB.LUT.LUT6           |
    | select_ln42_3_reg_1199_reg[2]                            | REGISTER.SDR.FDSE      |
    +----------------------------------------------------------+------------------------+

    +----------------------------------------------------------+------------------------+
    | Path4 Cells                                              | Primitive Type         |
    +----------------------------------------------------------+------------------------+
    | tmp_U/ram_reg_bram_0                                     | BLOCKRAM.BRAM.RAMB36E2 |
    | tmp_U/ram_reg_bram_1                                     | BLOCKRAM.BRAM.RAMB36E2 |
    | tmp_U/ram_reg_bram_2                                     | BLOCKRAM.BRAM.RAMB36E2 |
    | tmp_U/ram_reg_bram_3                                     | BLOCKRAM.BRAM.RAMB36E2 |
    | tmp_U/ram_reg_bram_4                                     | BLOCKRAM.BRAM.RAMB36E2 |
    | tmp_U/ram_reg_bram_5                                     | BLOCKRAM.BRAM.RAMB36E2 |
    | tmp_U/ram_reg_bram_6                                     | BLOCKRAM.BRAM.RAMB36E2 |
    | tmp_U/ram_reg_bram_7                                     | BLOCKRAM.BRAM.RAMB36E2 |
    | mul_24s_17s_41_1_1_U2/tmp_product/DSP_A_B_DATA_INST      | ARITHMETIC.DSP.DSP48E2 |
    | mul_24s_17s_41_1_1_U2/tmp_product/DSP_PREADD_DATA_INST   | ARITHMETIC.DSP.DSP48E2 |
    | mul_24s_17s_41_1_1_U2/tmp_product/DSP_MULTIPLIER_INST    | ARITHMETIC.DSP.DSP48E2 |
    | mul_24s_17s_41_1_1_U2/tmp_product/DSP_M_DATA_INST        | ARITHMETIC.DSP.DSP48E2 |
    | mul_24s_17s_41_1_1_U2/tmp_product/DSP_ALU_INST           | ARITHMETIC.DSP.DSP48E2 |
    | mul_24s_17s_41_1_1_U2/tmp_product/DSP_OUTPUT_INST        | ARITHMETIC.DSP.DSP48E2 |
    | mul_24s_17s_41_1_1_U2/select_ln42_3_reg_1199[7]_i_3      | CLB.LUT.LUT2           |
    | mul_24s_17s_41_1_1_U2/select_ln42_3_reg_1199_reg[7]_i_2  | CLB.CARRY.CARRY8       |
    | mul_24s_17s_41_1_1_U2/select_ln42_3_reg_1199_reg[15]_i_2 | CLB.CARRY.CARRY8       |
    | mul_24s_17s_41_1_1_U2/select_ln42_3_reg_1199_reg[23]_i_3 | CLB.CARRY.CARRY8       |
    | mul_24s_17s_41_1_1_U2/select_ln42_3_reg_1199[23]_i_1     | CLB.LUT.LUT6           |
    | select_ln42_3_reg_1199_reg[0]                            | REGISTER.SDR.FDSE      |
    | tmp_U/ram_reg_bram_0                                     | BLOCKRAM.BRAM.RAMB36E2 |
    | tmp_U/ram_reg_bram_1                                     | BLOCKRAM.BRAM.RAMB36E2 |
    | tmp_U/ram_reg_bram_2                                     | BLOCKRAM.BRAM.RAMB36E2 |
    | tmp_U/ram_reg_bram_3                                     | BLOCKRAM.BRAM.RAMB36E2 |
    | tmp_U/ram_reg_bram_4                                     | BLOCKRAM.BRAM.RAMB36E2 |
    | tmp_U/ram_reg_bram_5                                     | BLOCKRAM.BRAM.RAMB36E2 |
    | tmp_U/ram_reg_bram_6                                     | BLOCKRAM.BRAM.RAMB36E2 |
    | tmp_U/ram_reg_bram_7                                     | BLOCKRAM.BRAM.RAMB36E2 |
    | mul_24s_17s_41_1_1_U2/tmp_product/DSP_A_B_DATA_INST      | ARITHMETIC.DSP.DSP48E2 |
    | mul_24s_17s_41_1_1_U2/tmp_product/DSP_PREADD_DATA_INST   | ARITHMETIC.DSP.DSP48E2 |
    | mul_24s_17s_41_1_1_U2/tmp_product/DSP_MULTIPLIER_INST    | ARITHMETIC.DSP.DSP48E2 |
    | mul_24s_17s_41_1_1_U2/tmp_product/DSP_M_DATA_INST        | ARITHMETIC.DSP.DSP48E2 |
    | mul_24s_17s_41_1_1_U2/tmp_product/DSP_ALU_INST           | ARITHMETIC.DSP.DSP48E2 |
    | mul_24s_17s_41_1_1_U2/tmp_product/DSP_OUTPUT_INST        | ARITHMETIC.DSP.DSP48E2 |
    | mul_24s_17s_41_1_1_U2/select_ln42_3_reg_1199[7]_i_3      | CLB.LUT.LUT2           |
    | mul_24s_17s_41_1_1_U2/select_ln42_3_reg_1199_reg[7]_i_2  | CLB.CARRY.CARRY8       |
    | mul_24s_17s_41_1_1_U2/select_ln42_3_reg_1199_reg[15]_i_2 | CLB.CARRY.CARRY8       |
    | mul_24s_17s_41_1_1_U2/select_ln42_3_reg_1199_reg[23]_i_3 | CLB.CARRY.CARRY8       |
    | mul_24s_17s_41_1_1_U2/select_ln42_3_reg_1199[23]_i_1     | CLB.LUT.LUT6           |
    | select_ln42_3_reg_1199_reg[1]                            | REGISTER.SDR.FDSE      |
    | tmp_U/ram_reg_bram_0                                     | BLOCKRAM.BRAM.RAMB36E2 |
    | tmp_U/ram_reg_bram_1                                     | BLOCKRAM.BRAM.RAMB36E2 |
    | tmp_U/ram_reg_bram_2                                     | BLOCKRAM.BRAM.RAMB36E2 |
    | tmp_U/ram_reg_bram_3                                     | BLOCKRAM.BRAM.RAMB36E2 |
    | tmp_U/ram_reg_bram_4                                     | BLOCKRAM.BRAM.RAMB36E2 |
    | tmp_U/ram_reg_bram_5                                     | BLOCKRAM.BRAM.RAMB36E2 |
    | tmp_U/ram_reg_bram_6                                     | BLOCKRAM.BRAM.RAMB36E2 |
    | tmp_U/ram_reg_bram_7                                     | BLOCKRAM.BRAM.RAMB36E2 |
    | mul_24s_17s_41_1_1_U2/tmp_product/DSP_A_B_DATA_INST      | ARITHMETIC.DSP.DSP48E2 |
    | mul_24s_17s_41_1_1_U2/tmp_product/DSP_PREADD_DATA_INST   | ARITHMETIC.DSP.DSP48E2 |
    | mul_24s_17s_41_1_1_U2/tmp_product/DSP_MULTIPLIER_INST    | ARITHMETIC.DSP.DSP48E2 |
    | mul_24s_17s_41_1_1_U2/tmp_product/DSP_M_DATA_INST        | ARITHMETIC.DSP.DSP48E2 |
    | mul_24s_17s_41_1_1_U2/tmp_product/DSP_ALU_INST           | ARITHMETIC.DSP.DSP48E2 |
    | mul_24s_17s_41_1_1_U2/tmp_product/DSP_OUTPUT_INST        | ARITHMETIC.DSP.DSP48E2 |
    | mul_24s_17s_41_1_1_U2/select_ln42_3_reg_1199[7]_i_3      | CLB.LUT.LUT2           |
    | mul_24s_17s_41_1_1_U2/select_ln42_3_reg_1199_reg[7]_i_2  | CLB.CARRY.CARRY8       |
    | mul_24s_17s_41_1_1_U2/select_ln42_3_reg_1199_reg[15]_i_2 | CLB.CARRY.CARRY8       |
    | mul_24s_17s_41_1_1_U2/select_ln42_3_reg_1199_reg[23]_i_3 | CLB.CARRY.CARRY8       |
    | mul_24s_17s_41_1_1_U2/select_ln42_3_reg_1199[23]_i_1     | CLB.LUT.LUT6           |
    | select_ln42_3_reg_1199_reg[6]                            | REGISTER.SDR.FDSE      |
    | tmp_U/ram_reg_bram_0                                     | BLOCKRAM.BRAM.RAMB36E2 |
    | tmp_U/ram_reg_bram_1                                     | BLOCKRAM.BRAM.RAMB36E2 |
    | tmp_U/ram_reg_bram_2                                     | BLOCKRAM.BRAM.RAMB36E2 |
    | tmp_U/ram_reg_bram_3                                     | BLOCKRAM.BRAM.RAMB36E2 |
    | tmp_U/ram_reg_bram_4                                     | BLOCKRAM.BRAM.RAMB36E2 |
    | tmp_U/ram_reg_bram_5                                     | BLOCKRAM.BRAM.RAMB36E2 |
    | tmp_U/ram_reg_bram_6                                     | BLOCKRAM.BRAM.RAMB36E2 |
    | tmp_U/ram_reg_bram_7                                     | BLOCKRAM.BRAM.RAMB36E2 |
    | mul_24s_17s_41_1_1_U2/tmp_product/DSP_A_B_DATA_INST      | ARITHMETIC.DSP.DSP48E2 |
    | mul_24s_17s_41_1_1_U2/tmp_product/DSP_PREADD_DATA_INST   | ARITHMETIC.DSP.DSP48E2 |
    | mul_24s_17s_41_1_1_U2/tmp_product/DSP_MULTIPLIER_INST    | ARITHMETIC.DSP.DSP48E2 |
    | mul_24s_17s_41_1_1_U2/tmp_product/DSP_M_DATA_INST        | ARITHMETIC.DSP.DSP48E2 |
    | mul_24s_17s_41_1_1_U2/tmp_product/DSP_ALU_INST           | ARITHMETIC.DSP.DSP48E2 |
    | mul_24s_17s_41_1_1_U2/tmp_product/DSP_OUTPUT_INST        | ARITHMETIC.DSP.DSP48E2 |
    | mul_24s_17s_41_1_1_U2/select_ln42_3_reg_1199[7]_i_3      | CLB.LUT.LUT2           |
    | mul_24s_17s_41_1_1_U2/select_ln42_3_reg_1199_reg[7]_i_2  | CLB.CARRY.CARRY8       |
    | mul_24s_17s_41_1_1_U2/select_ln42_3_reg_1199_reg[15]_i_2 | CLB.CARRY.CARRY8       |
    | mul_24s_17s_41_1_1_U2/select_ln42_3_reg_1199_reg[23]_i_3 | CLB.CARRY.CARRY8       |
    | mul_24s_17s_41_1_1_U2/select_ln42_3_reg_1199[23]_i_1     | CLB.LUT.LUT6           |
    | select_ln42_3_reg_1199_reg[7]                            | REGISTER.SDR.FDSE      |
    | tmp_U/ram_reg_bram_0                                     | BLOCKRAM.BRAM.RAMB36E2 |
    | tmp_U/ram_reg_bram_1                                     | BLOCKRAM.BRAM.RAMB36E2 |
    | tmp_U/ram_reg_bram_2                                     | BLOCKRAM.BRAM.RAMB36E2 |
    | tmp_U/ram_reg_bram_3                                     | BLOCKRAM.BRAM.RAMB36E2 |
    | tmp_U/ram_reg_bram_4                                     | BLOCKRAM.BRAM.RAMB36E2 |
    | tmp_U/ram_reg_bram_5                                     | BLOCKRAM.BRAM.RAMB36E2 |
    | tmp_U/ram_reg_bram_6                                     | BLOCKRAM.BRAM.RAMB36E2 |
    | tmp_U/ram_reg_bram_7                                     | BLOCKRAM.BRAM.RAMB36E2 |
    | mul_24s_17s_41_1_1_U2/tmp_product/DSP_A_B_DATA_INST      | ARITHMETIC.DSP.DSP48E2 |
    | mul_24s_17s_41_1_1_U2/tmp_product/DSP_PREADD_DATA_INST   | ARITHMETIC.DSP.DSP48E2 |
    | mul_24s_17s_41_1_1_U2/tmp_product/DSP_MULTIPLIER_INST    | ARITHMETIC.DSP.DSP48E2 |
    | mul_24s_17s_41_1_1_U2/tmp_product/DSP_M_DATA_INST        | ARITHMETIC.DSP.DSP48E2 |
    | mul_24s_17s_41_1_1_U2/tmp_product/DSP_ALU_INST           | ARITHMETIC.DSP.DSP48E2 |
    | mul_24s_17s_41_1_1_U2/tmp_product/DSP_OUTPUT_INST        | ARITHMETIC.DSP.DSP48E2 |
    | mul_24s_17s_41_1_1_U2/select_ln42_3_reg_1199[7]_i_3      | CLB.LUT.LUT2           |
    | mul_24s_17s_41_1_1_U2/select_ln42_3_reg_1199_reg[7]_i_2  | CLB.CARRY.CARRY8       |
    | mul_24s_17s_41_1_1_U2/select_ln42_3_reg_1199_reg[15]_i_2 | CLB.CARRY.CARRY8       |
    | mul_24s_17s_41_1_1_U2/select_ln42_3_reg_1199_reg[23]_i_3 | CLB.CARRY.CARRY8       |
    | mul_24s_17s_41_1_1_U2/select_ln42_3_reg_1199[23]_i_1     | CLB.LUT.LUT6           |
    | select_ln42_3_reg_1199_reg[2]                            | REGISTER.SDR.FDSE      |
    +----------------------------------------------------------+------------------------+

    +----------------------------------------------------------+------------------------+
    | Path5 Cells                                              | Primitive Type         |
    +----------------------------------------------------------+------------------------+
    | tmp_U/ram_reg_bram_0                                     | BLOCKRAM.BRAM.RAMB36E2 |
    | tmp_U/ram_reg_bram_1                                     | BLOCKRAM.BRAM.RAMB36E2 |
    | tmp_U/ram_reg_bram_2                                     | BLOCKRAM.BRAM.RAMB36E2 |
    | tmp_U/ram_reg_bram_3                                     | BLOCKRAM.BRAM.RAMB36E2 |
    | tmp_U/ram_reg_bram_4                                     | BLOCKRAM.BRAM.RAMB36E2 |
    | tmp_U/ram_reg_bram_5                                     | BLOCKRAM.BRAM.RAMB36E2 |
    | tmp_U/ram_reg_bram_6                                     | BLOCKRAM.BRAM.RAMB36E2 |
    | tmp_U/ram_reg_bram_7                                     | BLOCKRAM.BRAM.RAMB36E2 |
    | mul_24s_17s_41_1_1_U2/tmp_product/DSP_A_B_DATA_INST      | ARITHMETIC.DSP.DSP48E2 |
    | mul_24s_17s_41_1_1_U2/tmp_product/DSP_PREADD_DATA_INST   | ARITHMETIC.DSP.DSP48E2 |
    | mul_24s_17s_41_1_1_U2/tmp_product/DSP_MULTIPLIER_INST    | ARITHMETIC.DSP.DSP48E2 |
    | mul_24s_17s_41_1_1_U2/tmp_product/DSP_M_DATA_INST        | ARITHMETIC.DSP.DSP48E2 |
    | mul_24s_17s_41_1_1_U2/tmp_product/DSP_ALU_INST           | ARITHMETIC.DSP.DSP48E2 |
    | mul_24s_17s_41_1_1_U2/tmp_product/DSP_OUTPUT_INST        | ARITHMETIC.DSP.DSP48E2 |
    | mul_24s_17s_41_1_1_U2/select_ln42_3_reg_1199[7]_i_3      | CLB.LUT.LUT2           |
    | mul_24s_17s_41_1_1_U2/select_ln42_3_reg_1199_reg[7]_i_2  | CLB.CARRY.CARRY8       |
    | mul_24s_17s_41_1_1_U2/select_ln42_3_reg_1199_reg[15]_i_2 | CLB.CARRY.CARRY8       |
    | mul_24s_17s_41_1_1_U2/select_ln42_3_reg_1199_reg[23]_i_3 | CLB.CARRY.CARRY8       |
    | mul_24s_17s_41_1_1_U2/select_ln42_3_reg_1199[23]_i_1     | CLB.LUT.LUT6           |
    | select_ln42_3_reg_1199_reg[0]                            | REGISTER.SDR.FDSE      |
    | tmp_U/ram_reg_bram_0                                     | BLOCKRAM.BRAM.RAMB36E2 |
    | tmp_U/ram_reg_bram_1                                     | BLOCKRAM.BRAM.RAMB36E2 |
    | tmp_U/ram_reg_bram_2                                     | BLOCKRAM.BRAM.RAMB36E2 |
    | tmp_U/ram_reg_bram_3                                     | BLOCKRAM.BRAM.RAMB36E2 |
    | tmp_U/ram_reg_bram_4                                     | BLOCKRAM.BRAM.RAMB36E2 |
    | tmp_U/ram_reg_bram_5                                     | BLOCKRAM.BRAM.RAMB36E2 |
    | tmp_U/ram_reg_bram_6                                     | BLOCKRAM.BRAM.RAMB36E2 |
    | tmp_U/ram_reg_bram_7                                     | BLOCKRAM.BRAM.RAMB36E2 |
    | mul_24s_17s_41_1_1_U2/tmp_product/DSP_A_B_DATA_INST      | ARITHMETIC.DSP.DSP48E2 |
    | mul_24s_17s_41_1_1_U2/tmp_product/DSP_PREADD_DATA_INST   | ARITHMETIC.DSP.DSP48E2 |
    | mul_24s_17s_41_1_1_U2/tmp_product/DSP_MULTIPLIER_INST    | ARITHMETIC.DSP.DSP48E2 |
    | mul_24s_17s_41_1_1_U2/tmp_product/DSP_M_DATA_INST        | ARITHMETIC.DSP.DSP48E2 |
    | mul_24s_17s_41_1_1_U2/tmp_product/DSP_ALU_INST           | ARITHMETIC.DSP.DSP48E2 |
    | mul_24s_17s_41_1_1_U2/tmp_product/DSP_OUTPUT_INST        | ARITHMETIC.DSP.DSP48E2 |
    | mul_24s_17s_41_1_1_U2/select_ln42_3_reg_1199[7]_i_3      | CLB.LUT.LUT2           |
    | mul_24s_17s_41_1_1_U2/select_ln42_3_reg_1199_reg[7]_i_2  | CLB.CARRY.CARRY8       |
    | mul_24s_17s_41_1_1_U2/select_ln42_3_reg_1199_reg[15]_i_2 | CLB.CARRY.CARRY8       |
    | mul_24s_17s_41_1_1_U2/select_ln42_3_reg_1199_reg[23]_i_3 | CLB.CARRY.CARRY8       |
    | mul_24s_17s_41_1_1_U2/select_ln42_3_reg_1199[23]_i_1     | CLB.LUT.LUT6           |
    | select_ln42_3_reg_1199_reg[1]                            | REGISTER.SDR.FDSE      |
    | tmp_U/ram_reg_bram_0                                     | BLOCKRAM.BRAM.RAMB36E2 |
    | tmp_U/ram_reg_bram_1                                     | BLOCKRAM.BRAM.RAMB36E2 |
    | tmp_U/ram_reg_bram_2                                     | BLOCKRAM.BRAM.RAMB36E2 |
    | tmp_U/ram_reg_bram_3                                     | BLOCKRAM.BRAM.RAMB36E2 |
    | tmp_U/ram_reg_bram_4                                     | BLOCKRAM.BRAM.RAMB36E2 |
    | tmp_U/ram_reg_bram_5                                     | BLOCKRAM.BRAM.RAMB36E2 |
    | tmp_U/ram_reg_bram_6                                     | BLOCKRAM.BRAM.RAMB36E2 |
    | tmp_U/ram_reg_bram_7                                     | BLOCKRAM.BRAM.RAMB36E2 |
    | mul_24s_17s_41_1_1_U2/tmp_product/DSP_A_B_DATA_INST      | ARITHMETIC.DSP.DSP48E2 |
    | mul_24s_17s_41_1_1_U2/tmp_product/DSP_PREADD_DATA_INST   | ARITHMETIC.DSP.DSP48E2 |
    | mul_24s_17s_41_1_1_U2/tmp_product/DSP_MULTIPLIER_INST    | ARITHMETIC.DSP.DSP48E2 |
    | mul_24s_17s_41_1_1_U2/tmp_product/DSP_M_DATA_INST        | ARITHMETIC.DSP.DSP48E2 |
    | mul_24s_17s_41_1_1_U2/tmp_product/DSP_ALU_INST           | ARITHMETIC.DSP.DSP48E2 |
    | mul_24s_17s_41_1_1_U2/tmp_product/DSP_OUTPUT_INST        | ARITHMETIC.DSP.DSP48E2 |
    | mul_24s_17s_41_1_1_U2/select_ln42_3_reg_1199[7]_i_3      | CLB.LUT.LUT2           |
    | mul_24s_17s_41_1_1_U2/select_ln42_3_reg_1199_reg[7]_i_2  | CLB.CARRY.CARRY8       |
    | mul_24s_17s_41_1_1_U2/select_ln42_3_reg_1199_reg[15]_i_2 | CLB.CARRY.CARRY8       |
    | mul_24s_17s_41_1_1_U2/select_ln42_3_reg_1199_reg[23]_i_3 | CLB.CARRY.CARRY8       |
    | mul_24s_17s_41_1_1_U2/select_ln42_3_reg_1199[23]_i_1     | CLB.LUT.LUT6           |
    | select_ln42_3_reg_1199_reg[6]                            | REGISTER.SDR.FDSE      |
    | tmp_U/ram_reg_bram_0                                     | BLOCKRAM.BRAM.RAMB36E2 |
    | tmp_U/ram_reg_bram_1                                     | BLOCKRAM.BRAM.RAMB36E2 |
    | tmp_U/ram_reg_bram_2                                     | BLOCKRAM.BRAM.RAMB36E2 |
    | tmp_U/ram_reg_bram_3                                     | BLOCKRAM.BRAM.RAMB36E2 |
    | tmp_U/ram_reg_bram_4                                     | BLOCKRAM.BRAM.RAMB36E2 |
    | tmp_U/ram_reg_bram_5                                     | BLOCKRAM.BRAM.RAMB36E2 |
    | tmp_U/ram_reg_bram_6                                     | BLOCKRAM.BRAM.RAMB36E2 |
    | tmp_U/ram_reg_bram_7                                     | BLOCKRAM.BRAM.RAMB36E2 |
    | mul_24s_17s_41_1_1_U2/tmp_product/DSP_A_B_DATA_INST      | ARITHMETIC.DSP.DSP48E2 |
    | mul_24s_17s_41_1_1_U2/tmp_product/DSP_PREADD_DATA_INST   | ARITHMETIC.DSP.DSP48E2 |
    | mul_24s_17s_41_1_1_U2/tmp_product/DSP_MULTIPLIER_INST    | ARITHMETIC.DSP.DSP48E2 |
    | mul_24s_17s_41_1_1_U2/tmp_product/DSP_M_DATA_INST        | ARITHMETIC.DSP.DSP48E2 |
    | mul_24s_17s_41_1_1_U2/tmp_product/DSP_ALU_INST           | ARITHMETIC.DSP.DSP48E2 |
    | mul_24s_17s_41_1_1_U2/tmp_product/DSP_OUTPUT_INST        | ARITHMETIC.DSP.DSP48E2 |
    | mul_24s_17s_41_1_1_U2/select_ln42_3_reg_1199[7]_i_3      | CLB.LUT.LUT2           |
    | mul_24s_17s_41_1_1_U2/select_ln42_3_reg_1199_reg[7]_i_2  | CLB.CARRY.CARRY8       |
    | mul_24s_17s_41_1_1_U2/select_ln42_3_reg_1199_reg[15]_i_2 | CLB.CARRY.CARRY8       |
    | mul_24s_17s_41_1_1_U2/select_ln42_3_reg_1199_reg[23]_i_3 | CLB.CARRY.CARRY8       |
    | mul_24s_17s_41_1_1_U2/select_ln42_3_reg_1199[23]_i_1     | CLB.LUT.LUT6           |
    | select_ln42_3_reg_1199_reg[7]                            | REGISTER.SDR.FDSE      |
    | tmp_U/ram_reg_bram_0                                     | BLOCKRAM.BRAM.RAMB36E2 |
    | tmp_U/ram_reg_bram_1                                     | BLOCKRAM.BRAM.RAMB36E2 |
    | tmp_U/ram_reg_bram_2                                     | BLOCKRAM.BRAM.RAMB36E2 |
    | tmp_U/ram_reg_bram_3                                     | BLOCKRAM.BRAM.RAMB36E2 |
    | tmp_U/ram_reg_bram_4                                     | BLOCKRAM.BRAM.RAMB36E2 |
    | tmp_U/ram_reg_bram_5                                     | BLOCKRAM.BRAM.RAMB36E2 |
    | tmp_U/ram_reg_bram_6                                     | BLOCKRAM.BRAM.RAMB36E2 |
    | tmp_U/ram_reg_bram_7                                     | BLOCKRAM.BRAM.RAMB36E2 |
    | mul_24s_17s_41_1_1_U2/tmp_product/DSP_A_B_DATA_INST      | ARITHMETIC.DSP.DSP48E2 |
    | mul_24s_17s_41_1_1_U2/tmp_product/DSP_PREADD_DATA_INST   | ARITHMETIC.DSP.DSP48E2 |
    | mul_24s_17s_41_1_1_U2/tmp_product/DSP_MULTIPLIER_INST    | ARITHMETIC.DSP.DSP48E2 |
    | mul_24s_17s_41_1_1_U2/tmp_product/DSP_M_DATA_INST        | ARITHMETIC.DSP.DSP48E2 |
    | mul_24s_17s_41_1_1_U2/tmp_product/DSP_ALU_INST           | ARITHMETIC.DSP.DSP48E2 |
    | mul_24s_17s_41_1_1_U2/tmp_product/DSP_OUTPUT_INST        | ARITHMETIC.DSP.DSP48E2 |
    | mul_24s_17s_41_1_1_U2/select_ln42_3_reg_1199[7]_i_3      | CLB.LUT.LUT2           |
    | mul_24s_17s_41_1_1_U2/select_ln42_3_reg_1199_reg[7]_i_2  | CLB.CARRY.CARRY8       |
    | mul_24s_17s_41_1_1_U2/select_ln42_3_reg_1199_reg[15]_i_2 | CLB.CARRY.CARRY8       |
    | mul_24s_17s_41_1_1_U2/select_ln42_3_reg_1199_reg[23]_i_3 | CLB.CARRY.CARRY8       |
    | mul_24s_17s_41_1_1_U2/select_ln42_3_reg_1199[23]_i_1     | CLB.LUT.LUT6           |
    | select_ln42_3_reg_1199_reg[2]                            | REGISTER.SDR.FDSE      |
    +----------------------------------------------------------+------------------------+


================================================================
== Place & Route Vivado Reports
================================================================
+--------------------------+--------------------------------------------------------------------+
| Report Type              | Report Location                                                    |
+--------------------------+--------------------------------------------------------------------+
| design_analysis          | impl/verilog/report/top_kernel_design_analysis_routed.rpt          |
| failfast                 | impl/verilog/report/top_kernel_failfast_routed.rpt                 |
| power                    | impl/verilog/report/top_kernel_power_routed.rpt                    |
| status                   | impl/verilog/report/top_kernel_status_routed.rpt                   |
| timing                   | impl/verilog/report/top_kernel_timing_routed.rpt                   |
| timing_paths             | impl/verilog/report/top_kernel_timing_paths_routed.rpt             |
| utilization              | impl/verilog/report/top_kernel_utilization_routed.rpt              |
| utilization_hierarchical | impl/verilog/report/top_kernel_utilization_hierarchical_routed.rpt |
+--------------------------+--------------------------------------------------------------------+


