

================================================================
== Synthesis Summary Report of 'top_kernel'
================================================================
+ General Information: 
    * Date:           Wed Jan 28 22:49:46 2026
    * Version:        2025.1.1 (Build 6214317 on Sep 11 2025)
    * Project:        project_1
    * Solution:       hls (Vivado IP Flow Target)
    * Product family: zynquplus
    * Target device:  xczu3eg-sbva484-1-e
    

+ Performance & Resource Estimates: 
    
    PS: '+' for module; 'o' for loop; '*' for dataflow
    +--------------------------------------------------------+------+------+---------+-----------+----------+---------+-------+----------+---------+---------+-----------+------------+-----+
    |                         Modules                        | Issue|      |       Latency       | Iteration|         |  Trip |          |         |         |           |            |     |
    |                         & Loops                        | Type | Slack| (cycles)|    (ns)   |  Latency | Interval| Count | Pipelined|  BRAM   |   DSP   |     FF    |     LUT    | URAM|
    +--------------------------------------------------------+------+------+---------+-----------+----------+---------+-------+----------+---------+---------+-----------+------------+-----+
    |+ top_kernel                                            |     -|  0.02|    62213|  6.221e+05|         -|    62214|      -|        no|  25 (5%)|  1 (~0%)|  5513 (3%)|  7196 (10%)|    -|
    | + top_kernel_Pipeline_Loop_Scale_Rows_Loop_Scale_Cols  |     -|  0.02|    16387|  1.639e+05|         -|    16385|      -|    rewind|        -|  1 (~0%)|  125 (~0%)|    781 (1%)|    -|
    |  o Loop_Scale_Rows_Loop_Scale_Cols                     |     -|  7.30|    16385|  1.638e+05|         3|        1|  16384|       yes|        -|        -|          -|           -|    -|
    | o Loop_Row_Processing                                  |     -|  7.30|    45824|  4.582e+05|       179|        -|    256|        no|        -|        -|          -|           -|    -|
    |  + top_kernel_Pipeline_Loop_Read_Sum                   |     -|  3.91|       66|    660.000|         -|       65|      -|    rewind|        -|        -|   41 (~0%)|   214 (~0%)|    -|
    |   o Loop_Read_Sum                                      |     -|  7.30|       64|    640.000|         2|        1|     64|       yes|        -|        -|          -|           -|    -|
    |  + top_kernel_Pipeline_Loop_Norm_Accum                 |     -|  1.60|      109|  1.090e+03|         -|       65|      -|    rewind|        -|        -|  3753 (2%)|   5127 (7%)|    -|
    |   o Loop_Norm_Accum                                    |     -|  7.30|      107|  1.070e+03|        45|        1|     64|       yes|        -|        -|          -|           -|    -|
    +--------------------------------------------------------+------+------+---------+-----------+----------+---------+-------+----------+---------+---------+-----------+------------+-----+


================================================================
== HW Interfaces
================================================================
* AP_MEMORY
+------------+-----------+----------+
| Port       | Direction | Bitwidth |
+------------+-----------+----------+
| A_address0 | out       | 14       |
| A_q0       | in        | 24       |
| C_address0 | out       | 14       |
| C_d0       | out       | 24       |
+------------+-----------+----------+

* TOP LEVEL CONTROL
+-----------+------------+-----------------------------------+
| Interface | Type       | Ports                             |
+-----------+------------+-----------------------------------+
| ap_clk    | clock      | ap_clk                            |
| ap_rst    | reset      | ap_rst                            |
| ap_ctrl   | ap_ctrl_hs | ap_done ap_idle ap_ready ap_start |
+-----------+------------+-----------------------------------+


================================================================
== SW I/O Information
================================================================
* Top Function Arguments
+----------+-----------+--------------------------------------+
| Argument | Direction | Datatype                             |
+----------+-----------+--------------------------------------+
| A        | in        | ap_fixed<24, 10, AP_RND, AP_SAT, 0>* |
| C        | out       | ap_fixed<24, 10, AP_RND, AP_SAT, 0>* |
+----------+-----------+--------------------------------------+

* SW-to-HW Mapping
+----------+--------------+---------+----------+
| Argument | HW Interface | HW Type | HW Usage |
+----------+--------------+---------+----------+
| A        | A_address0   | port    | offset   |
| A        | A_ce0        | port    |          |
| A        | A_q0         | port    |          |
| C        | C_address0   | port    | offset   |
| C        | C_ce0        | port    |          |
| C        | C_we0        | port    |          |
| C        | C_d0         | port    |          |
+----------+--------------+---------+----------+


================================================================
== Bind Op Report
================================================================
+--------------------------------------------------------+-----+--------+---------------+-----------+--------------------------+---------+
| Name                                                   | DSP | Pragma | Variable      | Op        | Impl                     | Latency |
+--------------------------------------------------------+-----+--------+---------------+-----------+--------------------------+---------+
| + top_kernel                                           | 1   |        |               |           |                          |         |
|   icmp_ln42_fu_858_p2                                  |     |        | icmp_ln42     | seteq     | auto                     | 0       |
|   add_ln42_fu_864_p2                                   |     |        | add_ln42      | add       | fabric                   | 0       |
|   add_ln57_fu_1151_p2                                  |     |        | add_ln57      | add       | fabric                   | 0       |
|   xor_ln57_fu_1177_p2                                  |     |        | xor_ln57      | xor       | auto                     | 0       |
|   and_ln57_fu_1183_p2                                  |     |        | and_ln57      | and       | auto                     | 0       |
|   xor_ln57_1_fu_1189_p2                                |     |        | xor_ln57_1    | xor       | auto                     | 0       |
|   select_ln57_fu_1195_p3                               |     |        | select_ln57   | select    | auto_sel                 | 0       |
|   denom_1_fu_1203_p3                                   |     |        | denom_1       | select    | auto_sel                 | 0       |
|  + top_kernel_Pipeline_Loop_Read_Sum                   | 0   |        |               |           |                          |         |
|    icmp_ln50_fu_119_p2                                 |     |        | icmp_ln50     | seteq     | auto                     | 0       |
|    add_ln50_fu_125_p2                                  |     |        | add_ln50      | add       | fabric                   | 0       |
|    add_ln52_fu_135_p2                                  |     |        | add_ln52      | add       | fabric                   | 0       |
|    add_ln54_fu_166_p2                                  |     |        | add_ln54      | add       | fabric                   | 0       |
|    add_ln54_1_fu_172_p2                                |     |        | add_ln54_1    | add       | fabric                   | 0       |
|    xor_ln54_fu_194_p2                                  |     |        | xor_ln54      | xor       | auto                     | 0       |
|    and_ln54_fu_200_p2                                  |     |        | and_ln54      | and       | auto                     | 0       |
|    xor_ln54_1_fu_206_p2                                |     |        | xor_ln54_1    | xor       | auto                     | 0       |
|    select_ln54_fu_212_p3                               |     |        | select_ln54   | select    | auto_sel                 | 0       |
|    select_ln54_1_fu_220_p3                             |     |        | select_ln54_1 | select    | auto_sel                 | 0       |
|  + top_kernel_Pipeline_Loop_Scale_Rows_Loop_Scale_Cols | 1   |        |               |           |                          |         |
|    icmp_ln77_fu_929_p2                                 |     |        | icmp_ln77     | seteq     | auto                     | 0       |
|    add_ln77_1_fu_935_p2                                |     |        | add_ln77_1    | add       | fabric                   | 0       |
|    add_ln77_fu_947_p2                                  |     |        | add_ln77      | add       | fabric                   | 0       |
|    icmp_ln78_fu_953_p2                                 |     |        | icmp_ln78     | seteq     | auto                     | 0       |
|    select_ln77_fu_959_p3                               |     |        | select_ln77   | select    | auto_sel                 | 0       |
|    select_ln77_1_fu_967_p3                             |     |        | select_ln77_1 | select    | auto_sel                 | 0       |
|    add_ln83_1_fu_991_p2                                |     |        | add_ln83_1    | add       | fabric                   | 0       |
|    sparsemux_129_6_24_1_1_U84                          |     |        | tmp_4         | sparsemux | compactencoding_dontcare | 0       |
|    sub_ln82_fu_1315_p2                                 |     |        | sub_ln82      | sub       | fabric                   | 0       |
|    sub_ln82_1_fu_1335_p2                               |     |        | sub_ln82_1    | sub       | fabric                   | 0       |
|    scale_fu_1355_p3                                    |     |        | scale         | select    | auto_sel                 | 0       |
|    sparsemux_17_3_24_1_1_U85                           |     |        | tmp_8         | sparsemux | compactencoding_dontcare | 0       |
|    mul_24s_17s_41_1_1_U86                              | 1   |        | mul_ln83      | mul       | auto                     | 0       |
|    add_ln83_fu_1481_p2                                 |     |        | add_ln83      | add       | fabric                   | 0       |
|    xor_ln83_fu_1495_p2                                 |     |        | xor_ln83      | xor       | auto                     | 0       |
|    and_ln83_fu_1501_p2                                 |     |        | and_ln83      | and       | auto                     | 0       |
|    icmp_ln83_fu_1525_p2                                |     |        | icmp_ln83     | seteq     | auto                     | 0       |
|    icmp_ln83_1_fu_1541_p2                              |     |        | icmp_ln83_1   | seteq     | auto                     | 0       |
|    icmp_ln83_2_fu_1547_p2                              |     |        | icmp_ln83_2   | seteq     | auto                     | 0       |
|    select_ln83_fu_1553_p3                              |     |        | select_ln83   | select    | auto_sel                 | 0       |
|    xor_ln83_1_fu_1561_p2                               |     |        | xor_ln83_1    | xor       | auto                     | 0       |
|    and_ln83_1_fu_1567_p2                               |     |        | and_ln83_1    | and       | auto                     | 0       |
|    select_ln83_1_fu_1573_p3                            |     |        | select_ln83_1 | select    | auto_sel                 | 0       |
|    and_ln83_2_fu_1581_p2                               |     |        | and_ln83_2    | and       | auto                     | 0       |
|    xor_ln83_2_fu_1587_p2                               |     |        | xor_ln83_2    | xor       | auto                     | 0       |
|    or_ln83_fu_1593_p2                                  |     |        | or_ln83       | or        | auto                     | 0       |
|    xor_ln83_3_fu_1599_p2                               |     |        | xor_ln83_3    | xor       | auto                     | 0       |
|    and_ln83_3_fu_1605_p2                               |     |        | and_ln83_3    | and       | auto                     | 0       |
|    and_ln83_4_fu_1611_p2                               |     |        | and_ln83_4    | and       | auto                     | 0       |
|    or_ln83_2_fu_1617_p2                                |     |        | or_ln83_2     | or        | auto                     | 0       |
|    xor_ln83_4_fu_1623_p2                               |     |        | xor_ln83_4    | xor       | auto                     | 0       |
|    and_ln83_5_fu_1629_p2                               |     |        | and_ln83_5    | and       | auto                     | 0       |
|    select_ln83_2_fu_1635_p3                            |     |        | select_ln83_2 | select    | auto_sel                 | 0       |
|    or_ln83_1_fu_1643_p2                                |     |        | or_ln83_1     | or        | auto                     | 0       |
|    select_ln83_3_fu_1649_p3                            |     |        | select_ln83_3 | select    | auto_sel                 | 0       |
|    add_ln78_fu_1363_p2                                 |     |        | add_ln78      | add       | fabric                   | 0       |
|  + top_kernel_Pipeline_Loop_Norm_Accum                 | 0   |        |               |           |                          |         |
|    icmp_ln61_fu_1664_p2                                |     |        | icmp_ln61     | seteq     | auto                     | 0       |
|    add_ln61_fu_1670_p2                                 |     |        | add_ln61      | add       | fabric                   | 0       |
|    sdiv_38ns_24s_38_42_1_U5                            |     |        | sdiv_ln64     | sdiv      | auto                     | 41      |
|    icmp_ln64_fu_1781_p2                                |     |        | icmp_ln64     | setne     | auto                     | 0       |
|    icmp_ln64_1_fu_1787_p2                              |     |        | icmp_ln64_1   | setne     | auto                     | 0       |
|    or_ln64_fu_1793_p2                                  |     |        | or_ln64       | or        | auto                     | 0       |
|    xor_ln64_fu_1799_p2                                 |     |        | xor_ln64      | xor       | auto                     | 0       |
|    and_ln64_fu_1805_p2                                 |     |        | and_ln64      | and       | auto                     | 0       |
|    xor_ln64_1_fu_1811_p2                               |     |        | xor_ln64_1    | xor       | auto                     | 0       |
|    or_ln64_1_fu_1817_p2                                |     |        | or_ln64_1     | or        | auto                     | 0       |
|    and_ln64_1_fu_1823_p2                               |     |        | and_ln64_1    | and       | auto                     | 0       |
|    select_ln64_fu_1829_p3                              |     |        | select_ln64   | select    | auto_sel                 | 0       |
|    or_ln64_2_fu_1837_p2                                |     |        | or_ln64_2     | or        | auto                     | 0       |
|    val_1_fu_1843_p3                                    |     |        | val_1         | select    | auto_sel                 | 0       |
|    sparsemux_129_6_24_1_1_U6                           |     |        | tmp_3         | sparsemux | compactencoding_dontcare | 0       |
|    col_sums_64_fu_2130_p2                              |     |        | col_sums_64   | add       | fabric                   | 0       |
|    add_ln67_1_fu_2136_p2                               |     |        | add_ln67_1    | add       | fabric                   | 0       |
|    icmp_ln67_fu_2142_p2                                |     |        | icmp_ln67     | seteq     | auto                     | 0       |
|    xor_ln67_fu_2293_p2                                 |     |        | xor_ln67      | xor       | auto                     | 0       |
|    and_ln67_fu_2299_p2                                 |     |        | and_ln67      | and       | auto                     | 0       |
|    xor_ln67_1_fu_2305_p2                               |     |        | xor_ln67_1    | xor       | auto                     | 0       |
|    and_ln67_1_fu_2311_p2                               |     |        | and_ln67_1    | and       | auto                     | 0       |
|    xor_ln67_2_fu_2317_p2                               |     |        | xor_ln67_2    | xor       | auto                     | 0       |
+--------------------------------------------------------+-----+--------+---------------+-----------+--------------------------+---------+


================================================================
== Storage Report
================================================================
+----------------------------------------------------------+--------------+------+------+------+--------+------------------------------------------------------+------+---------+------------------+
| Name                                                     | Usage        | Type | BRAM | URAM | Pragma | Variable                                             | Impl | Latency | Bitwidth, Depth, |
|                                                          |              |      |      |      |        |                                                      |      |         | Banks            |
+----------------------------------------------------------+--------------+------+------+------+--------+------------------------------------------------------+------+---------+------------------+
| + top_kernel                                             |              |      | 25   | 0    |        |                                                      |      |         |                  |
|   row_buf_U                                              | ram_1p array |      | 2    |      |        | row_buf                                              | auto | 1       | 24, 64, 1        |
|   top_kernel_ap_fixed_64_ap_fixed_24_10_0_0_0_64_tmp_7_U | ram_1p       |      | 3    |      |        | top_kernel_ap_fixed_64_ap_fixed_24_10_0_0_0_64_tmp_7 | auto | 1       | 24, 2048, 1      |
|   top_kernel_ap_fixed_64_ap_fixed_24_10_0_0_0_64_tmp_6_U | ram_1p       |      | 3    |      |        | top_kernel_ap_fixed_64_ap_fixed_24_10_0_0_0_64_tmp_6 | auto | 1       | 24, 2048, 1      |
|   top_kernel_ap_fixed_64_ap_fixed_24_10_0_0_0_64_tmp_5_U | ram_1p       |      | 3    |      |        | top_kernel_ap_fixed_64_ap_fixed_24_10_0_0_0_64_tmp_5 | auto | 1       | 24, 2048, 1      |
|   top_kernel_ap_fixed_64_ap_fixed_24_10_0_0_0_64_tmp_4_U | ram_1p       |      | 3    |      |        | top_kernel_ap_fixed_64_ap_fixed_24_10_0_0_0_64_tmp_4 | auto | 1       | 24, 2048, 1      |
|   top_kernel_ap_fixed_64_ap_fixed_24_10_0_0_0_64_tmp_3_U | ram_1p       |      | 3    |      |        | top_kernel_ap_fixed_64_ap_fixed_24_10_0_0_0_64_tmp_3 | auto | 1       | 24, 2048, 1      |
|   top_kernel_ap_fixed_64_ap_fixed_24_10_0_0_0_64_tmp_2_U | ram_1p       |      | 3    |      |        | top_kernel_ap_fixed_64_ap_fixed_24_10_0_0_0_64_tmp_2 | auto | 1       | 24, 2048, 1      |
|   top_kernel_ap_fixed_64_ap_fixed_24_10_0_0_0_64_tmp_1_U | ram_1p       |      | 3    |      |        | top_kernel_ap_fixed_64_ap_fixed_24_10_0_0_0_64_tmp_1 | auto | 1       | 24, 2048, 1      |
|   top_kernel_ap_fixed_64_ap_fixed_24_10_0_0_0_64_tmp_U   | ram_1p       |      | 3    |      |        | top_kernel_ap_fixed_64_ap_fixed_24_10_0_0_0_64_tmp   | auto | 1       | 24, 2048, 1      |
+----------------------------------------------------------+--------------+------+------+------+--------+------------------------------------------------------+------+---------+------------------+


================================================================
== Pragma Report
================================================================
* Valid Pragma Syntax
+-----------------+-----------------------------------------+------------------------------------+
| Type            | Options                                 | Location                           |
+-----------------+-----------------------------------------+------------------------------------+
| ARRAY_PARTITION | variable=tmp dim=2 type=cyclic factor=8 | top.cpp:21 in top_kernel, tmp      |
| ARRAY_PARTITION | variable=col_sums type=complete         | top.cpp:26 in top_kernel, col_sums |
| PIPELINE        | ii=1                                    | top.cpp:32 in top_kernel           |
| PIPELINE        | ii=1                                    | top.cpp:51 in top_kernel           |
| PIPELINE        | ii=1                                    | top.cpp:62 in top_kernel           |
| PIPELINE        | ii=1                                    | top.cpp:79 in top_kernel           |
+-----------------+-----------------------------------------+------------------------------------+


