================================================================
== Vivado Place & Route Results
================================================================
+ General Information:
    * Date:            Wed Jan 28 23:02:46 EST 2026
    * Version:         2025.1 (Build 6214317 on Sep 11 2025)
    * Project:         project_1
    * Solution:        hls (Vivado IP Flow Target)
    * Product family:  zynquplus
    * Target device:   xczu3eg-sbva484-1-e


================================================================
== Run Constraints & Options
================================================================
+ Design Constraints & Options:
    * Place & Route target clock:  10 ns
    * C-Synthesis target clock:    10 ns
    * C-Synthesis uncertainty:     27%

+ RTL Synthesis Options:
    * config_export -vivado_synth_strategy:     default
    * config_export -vivado_synth_design_args:  -directive sdx_optimization_effort_high

+ Place & Route Options:
    * config_export -vivado_impl_strategy:  default
    * config_export -vivado_phys_opt:       auto

+ Reporting Options:
    * config_export -vivado_report_level:      2
    * config_export -vivado_max_timing_paths:  10


================================================================
== Place & Route Resource Summary
================================================================
LUT:              5243
FF:               4401
DSP:              1
BRAM:             24
URAM:             0
SRL:              78


================================================================
== Place & Route Timing Summary
================================================================
* Timing was met
+----------------+-------------+
| Timing         | Period (ns) |
+----------------+-------------+
| Target         | 10.000      |
| Post-Synthesis | 4.042       |
| Post-Route     | 6.287       |
+----------------+-------------+


================================================================
== Place & Route Resources
================================================================
+----------------------------------------------------------------------+------+------+-----+------+------+-----+--------+------+---------+----------+--------+
| Name                                                                 | LUT  | FF   | DSP | BRAM | URAM | SRL | Pragma | Impl | Latency | Variable | Source |
+----------------------------------------------------------------------+------+------+-----+------+------+-----+--------+------+---------+----------+--------+
| inst                                                                 | 5243 | 4401 | 1   | 24   |      |     |        |      |         |          |        |
|   (inst)                                                             | 9    | 1586 |     |      |      |     |        |      |         |          |        |
|   grp_top_kernel_Pipeline_Loop_Norm_Accum_fu_443                     | 4495 | 2688 |     |      |      |     |        |      |         |          |        |
|     (grp_top_kernel_Pipeline_Loop_Norm_Accum_fu_443)                 | 575  | 323  |     |      |      |     |        |      |         |          |        |
|     flow_control_loop_pipe_sequential_init_U                         |      |      |     |      |      |     |        |      |         |          |        |
|     sdiv_38ns_24s_38_42_1_U5                                         | 3904 | 2363 |     |      |      |     |        |      |         |          |        |
|   grp_top_kernel_Pipeline_Loop_Read_Sum_fu_348                       | 94   | 40   |     |      |      |     |        |      |         |          |        |
|     (grp_top_kernel_Pipeline_Loop_Read_Sum_fu_348)                   | 75   | 38   |     |      |      |     |        |      |         |          |        |
|     flow_control_loop_pipe_sequential_init_U                         |      |      |     |      |      |     |        |      |         |          |        |
|   grp_top_kernel_Pipeline_Loop_Scale_Rows_Loop_Scale_Cols_fu_357     | 621  | 63   | 1   |      |      |     |        |      |         |          |        |
|     (grp_top_kernel_Pipeline_Loop_Scale_Rows_Loop_Scale_Cols_fu_357) | 72   | 61   |     |      |      |     |        |      |         |          |        |
|     flow_control_loop_pipe_sequential_init_U                         | 546  | 2    |     |      |      |     |        |      |         |          |        |
|     mul_24s_17s_41_1_1_U86                                           |      |      |     |      |      |     |        |      |         |          |        |
|   row_buf_U                                                          |      |      |     |      |      |     |        |      |         |          |        |
|   top_kernel_ap_fixed_64_ap_fixed_24_10_0_0_0_64_tmp_1_U             |      |      |     |      |      |     |        |      |         |          |        |
|   top_kernel_ap_fixed_64_ap_fixed_24_10_0_0_0_64_tmp_2_U             |      |      |     |      |      |     |        |      |         |          |        |
|   top_kernel_ap_fixed_64_ap_fixed_24_10_0_0_0_64_tmp_3_U             |      |      |     |      |      |     |        |      |         |          |        |
|   top_kernel_ap_fixed_64_ap_fixed_24_10_0_0_0_64_tmp_4_U             |      |      |     |      |      |     |        |      |         |          |        |
|   top_kernel_ap_fixed_64_ap_fixed_24_10_0_0_0_64_tmp_5_U             |      |      |     |      |      |     |        |      |         |          |        |
|   top_kernel_ap_fixed_64_ap_fixed_24_10_0_0_0_64_tmp_6_U             |      |      |     |      |      |     |        |      |         |          |        |
|   top_kernel_ap_fixed_64_ap_fixed_24_10_0_0_0_64_tmp_7_U             |      |      |     |      |      |     |        |      |         |          |        |
|   top_kernel_ap_fixed_64_ap_fixed_24_10_0_0_0_64_tmp_U               |      |      |     |      |      |     |        |      |         |          |        |
+----------------------------------------------------------------------+------+------+-----+------+------+-----+--------+------+---------+----------+--------+


================================================================
== Place & Route Fail Fast
================================================================
+-----------------------------------------------------------+-----------+--------+--------+
| Criteria                                                  | Guideline | Actual | Status |
+-----------------------------------------------------------+-----------+--------+--------+
| LUT                                                       | 70%       | 7.43%  | OK     |
| FD                                                        | 50%       | 3.12%  | OK     |
| LUTRAM+SRL                                                | 25%       | 0.35%  | OK     |
| CARRY8                                                    | 25%       | 2.48%  | OK     |
| MUXF7                                                     | 15%       | 0.98%  | OK     |
| DSP                                                       | 80%       | 0.28%  | OK     |
| RAMB/FIFO                                                 | 80%       | 5.56%  | OK     |
| DSP+RAMB+URAM (Avg)                                       | 70%       | 2.92%  | OK     |
| BUFGCE* + BUFGCTRL                                        | 24        | 0      | OK     |
| DONT_TOUCH (cells/nets)                                   | 0         | 0      | OK     |
| MARK_DEBUG (nets)                                         | 0         | 0      | OK     |
| Control Sets                                              | 1323      | 101    | OK     |
| Average Fanout for modules > 100k cells                   | 4         | 2.63   | OK     |
| Max Average Fanout for modules > 100k cells               | 4         | 0      | OK     |
| Non-FD high fanout nets > 10k loads                       | 0         | 0      | OK     |
+-----------------------------------------------------------+-----------+--------+--------+
| TIMING-6 (No common primary clock between related clocks) | 0         | 0      | OK     |
| TIMING-7 (No common node between related clocks)          | 0         | 0      | OK     |
| TIMING-8 (No common period between related clocks)        | 0         | 0      | OK     |
| TIMING-14 (LUT on the clock tree)                         | 0         | 0      | OK     |
| TIMING-35 (No common node in paths with the same clock)   | 0         | 0      | OK     |
+-----------------------------------------------------------+-----------+--------+--------+
| Number of paths above max LUT budgeting (0.350ns)         | 0         | 0      | OK     |
| Number of paths above max Net budgeting (0.239ns)         | 0         | 0      | OK     |
+-----------------------------------------------------------+-----------+--------+--------+


================================================================
== Place & Route Timing Paths
================================================================
* Timing was met
+-------+-------+-------------------------------------------------------------------------------------------------+-------------------------------+--------------+------------+----------------+----------------+--------------+
| Path  | SLACK | STARTPOINT PIN                                                                                  | ENDPOINT PIN                  | LOGIC LEVELS | MAX FANOUT | DATAPATH DELAY | DATAPATH LOGIC | DATAPATH NET |
|       |       |                                                                                                 |                               |              |            |                |          DELAY |        DELAY |
+-------+-------+-------------------------------------------------------------------------------------------------+-------------------------------+--------------+------------+----------------+----------------+--------------+
| Path1 | 3.713 | grp_top_kernel_Pipeline_Loop_Norm_Accum_fu_443/trunc_ln61_1_reg_2479_pp0_iter41_reg_reg[0]__0/C | col_sums_55_fu_308_reg[9]/CE  |           11 |        521 |          6.198 |          1.349 |        4.849 |
| Path2 | 3.713 | grp_top_kernel_Pipeline_Loop_Norm_Accum_fu_443/trunc_ln61_1_reg_2479_pp0_iter41_reg_reg[0]__0/C | col_sums_62_fu_336_reg[7]/CE  |           11 |        521 |          6.197 |          1.408 |        4.789 |
| Path3 | 3.714 | grp_top_kernel_Pipeline_Loop_Norm_Accum_fu_443/trunc_ln61_1_reg_2479_pp0_iter41_reg_reg[0]__0/C | col_sums_62_fu_336_reg[0]/CE  |           11 |        521 |          6.196 |          1.408 |        4.788 |
| Path4 | 3.726 | grp_top_kernel_Pipeline_Loop_Norm_Accum_fu_443/trunc_ln61_1_reg_2479_pp0_iter41_reg_reg[0]__0/C | col_sums_57_fu_316_reg[11]/CE |           11 |        521 |          6.185 |          1.485 |        4.700 |
| Path5 | 3.726 | grp_top_kernel_Pipeline_Loop_Norm_Accum_fu_443/trunc_ln61_1_reg_2479_pp0_iter41_reg_reg[0]__0/C | col_sums_57_fu_316_reg[12]/CE |           11 |        521 |          6.185 |          1.485 |        4.700 |
+-------+-------+-------------------------------------------------------------------------------------------------+-------------------------------+--------------+------------+----------------+----------------+--------------+

    +------------------------------------------------------------------------------------------------------+-------------------+
    | Path1 Cells                                                                                          | Primitive Type    |
    +------------------------------------------------------------------------------------------------------+-------------------+
    | grp_top_kernel_Pipeline_Loop_Norm_Accum_fu_443/trunc_ln61_1_reg_2479_pp0_iter41_reg_reg[0]__0        | REGISTER.SDR.FDRE |
    | grp_top_kernel_Pipeline_Loop_Norm_Accum_fu_443/col_sums_64_reg_2506[15]_i_229                        | CLB.LUT.LUT6      |
    | grp_top_kernel_Pipeline_Loop_Norm_Accum_fu_443/col_sums_64_reg_2506_reg[15]_i_107                    | CLB.MUXF.MUXF7    |
    | grp_top_kernel_Pipeline_Loop_Norm_Accum_fu_443/col_sums_64_reg_2506_reg[15]_i_46                     | CLB.MUXF.MUXF8    |
    | grp_top_kernel_Pipeline_Loop_Norm_Accum_fu_443/col_sums_64_reg_2506[15]_i_9                          | CLB.LUT.LUT6      |
    | grp_top_kernel_Pipeline_Loop_Norm_Accum_fu_443/sdiv_38ns_24s_38_42_1_U5/and_ln67_reg_2578[0]_i_21    | CLB.LUT.LUT6      |
    | grp_top_kernel_Pipeline_Loop_Norm_Accum_fu_443/sdiv_38ns_24s_38_42_1_U5/and_ln67_reg_2578_reg[0]_i_4 | CLB.CARRY.CARRY8  |
    | grp_top_kernel_Pipeline_Loop_Norm_Accum_fu_443/sdiv_38ns_24s_38_42_1_U5/and_ln67_reg_2578_reg[0]_i_3 | CLB.CARRY.CARRY8  |
    | grp_top_kernel_Pipeline_Loop_Norm_Accum_fu_443/sdiv_38ns_24s_38_42_1_U5/col_sums_fu_88[23]_i_11      | CLB.LUT.LUT4      |
    | grp_top_kernel_Pipeline_Loop_Norm_Accum_fu_443/sdiv_38ns_24s_38_42_1_U5/col_sums_fu_88[23]_i_8       | CLB.LUT.LUT6      |
    | grp_top_kernel_Pipeline_Loop_Norm_Accum_fu_443/sdiv_38ns_24s_38_42_1_U5/col_sums_55_fu_308[23]_i_3   | CLB.LUT.LUT6      |
    | grp_top_kernel_Pipeline_Loop_Norm_Accum_fu_443/sdiv_38ns_24s_38_42_1_U5/col_sums_55_fu_308[23]_i_1   | CLB.LUT.LUT6      |
    | col_sums_55_fu_308_reg[9]                                                                            | REGISTER.SDR.FDRE |
    | grp_top_kernel_Pipeline_Loop_Norm_Accum_fu_443/trunc_ln61_1_reg_2479_pp0_iter41_reg_reg[0]__0        | REGISTER.SDR.FDRE |
    | grp_top_kernel_Pipeline_Loop_Norm_Accum_fu_443/col_sums_64_reg_2506[15]_i_229                        | CLB.LUT.LUT6      |
    | grp_top_kernel_Pipeline_Loop_Norm_Accum_fu_443/col_sums_64_reg_2506_reg[15]_i_107                    | CLB.MUXF.MUXF7    |
    | grp_top_kernel_Pipeline_Loop_Norm_Accum_fu_443/col_sums_64_reg_2506_reg[15]_i_46                     | CLB.MUXF.MUXF8    |
    | grp_top_kernel_Pipeline_Loop_Norm_Accum_fu_443/col_sums_64_reg_2506[15]_i_9                          | CLB.LUT.LUT6      |
    | grp_top_kernel_Pipeline_Loop_Norm_Accum_fu_443/sdiv_38ns_24s_38_42_1_U5/and_ln67_reg_2578[0]_i_21    | CLB.LUT.LUT6      |
    | grp_top_kernel_Pipeline_Loop_Norm_Accum_fu_443/sdiv_38ns_24s_38_42_1_U5/and_ln67_reg_2578_reg[0]_i_4 | CLB.CARRY.CARRY8  |
    | grp_top_kernel_Pipeline_Loop_Norm_Accum_fu_443/sdiv_38ns_24s_38_42_1_U5/and_ln67_reg_2578_reg[0]_i_3 | CLB.CARRY.CARRY8  |
    | grp_top_kernel_Pipeline_Loop_Norm_Accum_fu_443/sdiv_38ns_24s_38_42_1_U5/col_sums_fu_88[23]_i_11      | CLB.LUT.LUT4      |
    | grp_top_kernel_Pipeline_Loop_Norm_Accum_fu_443/sdiv_38ns_24s_38_42_1_U5/col_sums_fu_88[23]_i_8       | CLB.LUT.LUT6      |
    | grp_top_kernel_Pipeline_Loop_Norm_Accum_fu_443/sdiv_38ns_24s_38_42_1_U5/col_sums_62_fu_336[23]_i_4   | CLB.LUT.LUT6      |
    | grp_top_kernel_Pipeline_Loop_Norm_Accum_fu_443/sdiv_38ns_24s_38_42_1_U5/col_sums_62_fu_336[23]_i_1   | CLB.LUT.LUT6      |
    | col_sums_62_fu_336_reg[7]                                                                            | REGISTER.SDR.FDRE |
    | grp_top_kernel_Pipeline_Loop_Norm_Accum_fu_443/trunc_ln61_1_reg_2479_pp0_iter41_reg_reg[0]__0        | REGISTER.SDR.FDRE |
    | grp_top_kernel_Pipeline_Loop_Norm_Accum_fu_443/col_sums_64_reg_2506[15]_i_229                        | CLB.LUT.LUT6      |
    | grp_top_kernel_Pipeline_Loop_Norm_Accum_fu_443/col_sums_64_reg_2506_reg[15]_i_107                    | CLB.MUXF.MUXF7    |
    | grp_top_kernel_Pipeline_Loop_Norm_Accum_fu_443/col_sums_64_reg_2506_reg[15]_i_46                     | CLB.MUXF.MUXF8    |
    | grp_top_kernel_Pipeline_Loop_Norm_Accum_fu_443/col_sums_64_reg_2506[15]_i_9                          | CLB.LUT.LUT6      |
    | grp_top_kernel_Pipeline_Loop_Norm_Accum_fu_443/sdiv_38ns_24s_38_42_1_U5/and_ln67_reg_2578[0]_i_21    | CLB.LUT.LUT6      |
    | grp_top_kernel_Pipeline_Loop_Norm_Accum_fu_443/sdiv_38ns_24s_38_42_1_U5/and_ln67_reg_2578_reg[0]_i_4 | CLB.CARRY.CARRY8  |
    | grp_top_kernel_Pipeline_Loop_Norm_Accum_fu_443/sdiv_38ns_24s_38_42_1_U5/and_ln67_reg_2578_reg[0]_i_3 | CLB.CARRY.CARRY8  |
    | grp_top_kernel_Pipeline_Loop_Norm_Accum_fu_443/sdiv_38ns_24s_38_42_1_U5/col_sums_fu_88[23]_i_11      | CLB.LUT.LUT4      |
    | grp_top_kernel_Pipeline_Loop_Norm_Accum_fu_443/sdiv_38ns_24s_38_42_1_U5/col_sums_fu_88[23]_i_8       | CLB.LUT.LUT6      |
    | grp_top_kernel_Pipeline_Loop_Norm_Accum_fu_443/sdiv_38ns_24s_38_42_1_U5/col_sums_62_fu_336[23]_i_4   | CLB.LUT.LUT6      |
    | grp_top_kernel_Pipeline_Loop_Norm_Accum_fu_443/sdiv_38ns_24s_38_42_1_U5/col_sums_62_fu_336[23]_i_1   | CLB.LUT.LUT6      |
    | col_sums_62_fu_336_reg[0]                                                                            | REGISTER.SDR.FDRE |
    | grp_top_kernel_Pipeline_Loop_Norm_Accum_fu_443/trunc_ln61_1_reg_2479_pp0_iter41_reg_reg[0]__0        | REGISTER.SDR.FDRE |
    | grp_top_kernel_Pipeline_Loop_Norm_Accum_fu_443/col_sums_64_reg_2506[15]_i_229                        | CLB.LUT.LUT6      |
    | grp_top_kernel_Pipeline_Loop_Norm_Accum_fu_443/col_sums_64_reg_2506_reg[15]_i_107                    | CLB.MUXF.MUXF7    |
    | grp_top_kernel_Pipeline_Loop_Norm_Accum_fu_443/col_sums_64_reg_2506_reg[15]_i_46                     | CLB.MUXF.MUXF8    |
    | grp_top_kernel_Pipeline_Loop_Norm_Accum_fu_443/col_sums_64_reg_2506[15]_i_9                          | CLB.LUT.LUT6      |
    | grp_top_kernel_Pipeline_Loop_Norm_Accum_fu_443/sdiv_38ns_24s_38_42_1_U5/and_ln67_reg_2578[0]_i_21    | CLB.LUT.LUT6      |
    | grp_top_kernel_Pipeline_Loop_Norm_Accum_fu_443/sdiv_38ns_24s_38_42_1_U5/and_ln67_reg_2578_reg[0]_i_4 | CLB.CARRY.CARRY8  |
    | grp_top_kernel_Pipeline_Loop_Norm_Accum_fu_443/sdiv_38ns_24s_38_42_1_U5/and_ln67_reg_2578_reg[0]_i_3 | CLB.CARRY.CARRY8  |
    | grp_top_kernel_Pipeline_Loop_Norm_Accum_fu_443/sdiv_38ns_24s_38_42_1_U5/col_sums_fu_88[23]_i_11      | CLB.LUT.LUT4      |
    | grp_top_kernel_Pipeline_Loop_Norm_Accum_fu_443/sdiv_38ns_24s_38_42_1_U5/col_sums_fu_88[23]_i_8       | CLB.LUT.LUT6      |
    | grp_top_kernel_Pipeline_Loop_Norm_Accum_fu_443/sdiv_38ns_24s_38_42_1_U5/col_sums_57_fu_316[23]_i_4   | CLB.LUT.LUT6      |
    | grp_top_kernel_Pipeline_Loop_Norm_Accum_fu_443/sdiv_38ns_24s_38_42_1_U5/col_sums_57_fu_316[23]_i_1   | CLB.LUT.LUT6      |
    | col_sums_57_fu_316_reg[11]                                                                           | REGISTER.SDR.FDRE |
    | grp_top_kernel_Pipeline_Loop_Norm_Accum_fu_443/trunc_ln61_1_reg_2479_pp0_iter41_reg_reg[0]__0        | REGISTER.SDR.FDRE |
    | grp_top_kernel_Pipeline_Loop_Norm_Accum_fu_443/col_sums_64_reg_2506[15]_i_229                        | CLB.LUT.LUT6      |
    | grp_top_kernel_Pipeline_Loop_Norm_Accum_fu_443/col_sums_64_reg_2506_reg[15]_i_107                    | CLB.MUXF.MUXF7    |
    | grp_top_kernel_Pipeline_Loop_Norm_Accum_fu_443/col_sums_64_reg_2506_reg[15]_i_46                     | CLB.MUXF.MUXF8    |
    | grp_top_kernel_Pipeline_Loop_Norm_Accum_fu_443/col_sums_64_reg_2506[15]_i_9                          | CLB.LUT.LUT6      |
    | grp_top_kernel_Pipeline_Loop_Norm_Accum_fu_443/sdiv_38ns_24s_38_42_1_U5/and_ln67_reg_2578[0]_i_21    | CLB.LUT.LUT6      |
    | grp_top_kernel_Pipeline_Loop_Norm_Accum_fu_443/sdiv_38ns_24s_38_42_1_U5/and_ln67_reg_2578_reg[0]_i_4 | CLB.CARRY.CARRY8  |
    | grp_top_kernel_Pipeline_Loop_Norm_Accum_fu_443/sdiv_38ns_24s_38_42_1_U5/and_ln67_reg_2578_reg[0]_i_3 | CLB.CARRY.CARRY8  |
    | grp_top_kernel_Pipeline_Loop_Norm_Accum_fu_443/sdiv_38ns_24s_38_42_1_U5/col_sums_fu_88[23]_i_11      | CLB.LUT.LUT4      |
    | grp_top_kernel_Pipeline_Loop_Norm_Accum_fu_443/sdiv_38ns_24s_38_42_1_U5/col_sums_fu_88[23]_i_8       | CLB.LUT.LUT6      |
    | grp_top_kernel_Pipeline_Loop_Norm_Accum_fu_443/sdiv_38ns_24s_38_42_1_U5/col_sums_57_fu_316[23]_i_4   | CLB.LUT.LUT6      |
    | grp_top_kernel_Pipeline_Loop_Norm_Accum_fu_443/sdiv_38ns_24s_38_42_1_U5/col_sums_57_fu_316[23]_i_1   | CLB.LUT.LUT6      |
    | col_sums_57_fu_316_reg[12]                                                                           | REGISTER.SDR.FDRE |
    +------------------------------------------------------------------------------------------------------+-------------------+

    +------------------------------------------------------------------------------------------------------+-------------------+
    | Path2 Cells                                                                                          | Primitive Type    |
    +------------------------------------------------------------------------------------------------------+-------------------+
    | grp_top_kernel_Pipeline_Loop_Norm_Accum_fu_443/trunc_ln61_1_reg_2479_pp0_iter41_reg_reg[0]__0        | REGISTER.SDR.FDRE |
    | grp_top_kernel_Pipeline_Loop_Norm_Accum_fu_443/col_sums_64_reg_2506[15]_i_229                        | CLB.LUT.LUT6      |
    | grp_top_kernel_Pipeline_Loop_Norm_Accum_fu_443/col_sums_64_reg_2506_reg[15]_i_107                    | CLB.MUXF.MUXF7    |
    | grp_top_kernel_Pipeline_Loop_Norm_Accum_fu_443/col_sums_64_reg_2506_reg[15]_i_46                     | CLB.MUXF.MUXF8    |
    | grp_top_kernel_Pipeline_Loop_Norm_Accum_fu_443/col_sums_64_reg_2506[15]_i_9                          | CLB.LUT.LUT6      |
    | grp_top_kernel_Pipeline_Loop_Norm_Accum_fu_443/sdiv_38ns_24s_38_42_1_U5/and_ln67_reg_2578[0]_i_21    | CLB.LUT.LUT6      |
    | grp_top_kernel_Pipeline_Loop_Norm_Accum_fu_443/sdiv_38ns_24s_38_42_1_U5/and_ln67_reg_2578_reg[0]_i_4 | CLB.CARRY.CARRY8  |
    | grp_top_kernel_Pipeline_Loop_Norm_Accum_fu_443/sdiv_38ns_24s_38_42_1_U5/and_ln67_reg_2578_reg[0]_i_3 | CLB.CARRY.CARRY8  |
    | grp_top_kernel_Pipeline_Loop_Norm_Accum_fu_443/sdiv_38ns_24s_38_42_1_U5/col_sums_fu_88[23]_i_11      | CLB.LUT.LUT4      |
    | grp_top_kernel_Pipeline_Loop_Norm_Accum_fu_443/sdiv_38ns_24s_38_42_1_U5/col_sums_fu_88[23]_i_8       | CLB.LUT.LUT6      |
    | grp_top_kernel_Pipeline_Loop_Norm_Accum_fu_443/sdiv_38ns_24s_38_42_1_U5/col_sums_55_fu_308[23]_i_3   | CLB.LUT.LUT6      |
    | grp_top_kernel_Pipeline_Loop_Norm_Accum_fu_443/sdiv_38ns_24s_38_42_1_U5/col_sums_55_fu_308[23]_i_1   | CLB.LUT.LUT6      |
    | col_sums_55_fu_308_reg[9]                                                                            | REGISTER.SDR.FDRE |
    | grp_top_kernel_Pipeline_Loop_Norm_Accum_fu_443/trunc_ln61_1_reg_2479_pp0_iter41_reg_reg[0]__0        | REGISTER.SDR.FDRE |
    | grp_top_kernel_Pipeline_Loop_Norm_Accum_fu_443/col_sums_64_reg_2506[15]_i_229                        | CLB.LUT.LUT6      |
    | grp_top_kernel_Pipeline_Loop_Norm_Accum_fu_443/col_sums_64_reg_2506_reg[15]_i_107                    | CLB.MUXF.MUXF7    |
    | grp_top_kernel_Pipeline_Loop_Norm_Accum_fu_443/col_sums_64_reg_2506_reg[15]_i_46                     | CLB.MUXF.MUXF8    |
    | grp_top_kernel_Pipeline_Loop_Norm_Accum_fu_443/col_sums_64_reg_2506[15]_i_9                          | CLB.LUT.LUT6      |
    | grp_top_kernel_Pipeline_Loop_Norm_Accum_fu_443/sdiv_38ns_24s_38_42_1_U5/and_ln67_reg_2578[0]_i_21    | CLB.LUT.LUT6      |
    | grp_top_kernel_Pipeline_Loop_Norm_Accum_fu_443/sdiv_38ns_24s_38_42_1_U5/and_ln67_reg_2578_reg[0]_i_4 | CLB.CARRY.CARRY8  |
    | grp_top_kernel_Pipeline_Loop_Norm_Accum_fu_443/sdiv_38ns_24s_38_42_1_U5/and_ln67_reg_2578_reg[0]_i_3 | CLB.CARRY.CARRY8  |
    | grp_top_kernel_Pipeline_Loop_Norm_Accum_fu_443/sdiv_38ns_24s_38_42_1_U5/col_sums_fu_88[23]_i_11      | CLB.LUT.LUT4      |
    | grp_top_kernel_Pipeline_Loop_Norm_Accum_fu_443/sdiv_38ns_24s_38_42_1_U5/col_sums_fu_88[23]_i_8       | CLB.LUT.LUT6      |
    | grp_top_kernel_Pipeline_Loop_Norm_Accum_fu_443/sdiv_38ns_24s_38_42_1_U5/col_sums_62_fu_336[23]_i_4   | CLB.LUT.LUT6      |
    | grp_top_kernel_Pipeline_Loop_Norm_Accum_fu_443/sdiv_38ns_24s_38_42_1_U5/col_sums_62_fu_336[23]_i_1   | CLB.LUT.LUT6      |
    | col_sums_62_fu_336_reg[7]                                                                            | REGISTER.SDR.FDRE |
    | grp_top_kernel_Pipeline_Loop_Norm_Accum_fu_443/trunc_ln61_1_reg_2479_pp0_iter41_reg_reg[0]__0        | REGISTER.SDR.FDRE |
    | grp_top_kernel_Pipeline_Loop_Norm_Accum_fu_443/col_sums_64_reg_2506[15]_i_229                        | CLB.LUT.LUT6      |
    | grp_top_kernel_Pipeline_Loop_Norm_Accum_fu_443/col_sums_64_reg_2506_reg[15]_i_107                    | CLB.MUXF.MUXF7    |
    | grp_top_kernel_Pipeline_Loop_Norm_Accum_fu_443/col_sums_64_reg_2506_reg[15]_i_46                     | CLB.MUXF.MUXF8    |
    | grp_top_kernel_Pipeline_Loop_Norm_Accum_fu_443/col_sums_64_reg_2506[15]_i_9                          | CLB.LUT.LUT6      |
    | grp_top_kernel_Pipeline_Loop_Norm_Accum_fu_443/sdiv_38ns_24s_38_42_1_U5/and_ln67_reg_2578[0]_i_21    | CLB.LUT.LUT6      |
    | grp_top_kernel_Pipeline_Loop_Norm_Accum_fu_443/sdiv_38ns_24s_38_42_1_U5/and_ln67_reg_2578_reg[0]_i_4 | CLB.CARRY.CARRY8  |
    | grp_top_kernel_Pipeline_Loop_Norm_Accum_fu_443/sdiv_38ns_24s_38_42_1_U5/and_ln67_reg_2578_reg[0]_i_3 | CLB.CARRY.CARRY8  |
    | grp_top_kernel_Pipeline_Loop_Norm_Accum_fu_443/sdiv_38ns_24s_38_42_1_U5/col_sums_fu_88[23]_i_11      | CLB.LUT.LUT4      |
    | grp_top_kernel_Pipeline_Loop_Norm_Accum_fu_443/sdiv_38ns_24s_38_42_1_U5/col_sums_fu_88[23]_i_8       | CLB.LUT.LUT6      |
    | grp_top_kernel_Pipeline_Loop_Norm_Accum_fu_443/sdiv_38ns_24s_38_42_1_U5/col_sums_62_fu_336[23]_i_4   | CLB.LUT.LUT6      |
    | grp_top_kernel_Pipeline_Loop_Norm_Accum_fu_443/sdiv_38ns_24s_38_42_1_U5/col_sums_62_fu_336[23]_i_1   | CLB.LUT.LUT6      |
    | col_sums_62_fu_336_reg[0]                                                                            | REGISTER.SDR.FDRE |
    | grp_top_kernel_Pipeline_Loop_Norm_Accum_fu_443/trunc_ln61_1_reg_2479_pp0_iter41_reg_reg[0]__0        | REGISTER.SDR.FDRE |
    | grp_top_kernel_Pipeline_Loop_Norm_Accum_fu_443/col_sums_64_reg_2506[15]_i_229                        | CLB.LUT.LUT6      |
    | grp_top_kernel_Pipeline_Loop_Norm_Accum_fu_443/col_sums_64_reg_2506_reg[15]_i_107                    | CLB.MUXF.MUXF7    |
    | grp_top_kernel_Pipeline_Loop_Norm_Accum_fu_443/col_sums_64_reg_2506_reg[15]_i_46                     | CLB.MUXF.MUXF8    |
    | grp_top_kernel_Pipeline_Loop_Norm_Accum_fu_443/col_sums_64_reg_2506[15]_i_9                          | CLB.LUT.LUT6      |
    | grp_top_kernel_Pipeline_Loop_Norm_Accum_fu_443/sdiv_38ns_24s_38_42_1_U5/and_ln67_reg_2578[0]_i_21    | CLB.LUT.LUT6      |
    | grp_top_kernel_Pipeline_Loop_Norm_Accum_fu_443/sdiv_38ns_24s_38_42_1_U5/and_ln67_reg_2578_reg[0]_i_4 | CLB.CARRY.CARRY8  |
    | grp_top_kernel_Pipeline_Loop_Norm_Accum_fu_443/sdiv_38ns_24s_38_42_1_U5/and_ln67_reg_2578_reg[0]_i_3 | CLB.CARRY.CARRY8  |
    | grp_top_kernel_Pipeline_Loop_Norm_Accum_fu_443/sdiv_38ns_24s_38_42_1_U5/col_sums_fu_88[23]_i_11      | CLB.LUT.LUT4      |
    | grp_top_kernel_Pipeline_Loop_Norm_Accum_fu_443/sdiv_38ns_24s_38_42_1_U5/col_sums_fu_88[23]_i_8       | CLB.LUT.LUT6      |
    | grp_top_kernel_Pipeline_Loop_Norm_Accum_fu_443/sdiv_38ns_24s_38_42_1_U5/col_sums_57_fu_316[23]_i_4   | CLB.LUT.LUT6      |
    | grp_top_kernel_Pipeline_Loop_Norm_Accum_fu_443/sdiv_38ns_24s_38_42_1_U5/col_sums_57_fu_316[23]_i_1   | CLB.LUT.LUT6      |
    | col_sums_57_fu_316_reg[11]                                                                           | REGISTER.SDR.FDRE |
    | grp_top_kernel_Pipeline_Loop_Norm_Accum_fu_443/trunc_ln61_1_reg_2479_pp0_iter41_reg_reg[0]__0        | REGISTER.SDR.FDRE |
    | grp_top_kernel_Pipeline_Loop_Norm_Accum_fu_443/col_sums_64_reg_2506[15]_i_229                        | CLB.LUT.LUT6      |
    | grp_top_kernel_Pipeline_Loop_Norm_Accum_fu_443/col_sums_64_reg_2506_reg[15]_i_107                    | CLB.MUXF.MUXF7    |
    | grp_top_kernel_Pipeline_Loop_Norm_Accum_fu_443/col_sums_64_reg_2506_reg[15]_i_46                     | CLB.MUXF.MUXF8    |
    | grp_top_kernel_Pipeline_Loop_Norm_Accum_fu_443/col_sums_64_reg_2506[15]_i_9                          | CLB.LUT.LUT6      |
    | grp_top_kernel_Pipeline_Loop_Norm_Accum_fu_443/sdiv_38ns_24s_38_42_1_U5/and_ln67_reg_2578[0]_i_21    | CLB.LUT.LUT6      |
    | grp_top_kernel_Pipeline_Loop_Norm_Accum_fu_443/sdiv_38ns_24s_38_42_1_U5/and_ln67_reg_2578_reg[0]_i_4 | CLB.CARRY.CARRY8  |
    | grp_top_kernel_Pipeline_Loop_Norm_Accum_fu_443/sdiv_38ns_24s_38_42_1_U5/and_ln67_reg_2578_reg[0]_i_3 | CLB.CARRY.CARRY8  |
    | grp_top_kernel_Pipeline_Loop_Norm_Accum_fu_443/sdiv_38ns_24s_38_42_1_U5/col_sums_fu_88[23]_i_11      | CLB.LUT.LUT4      |
    | grp_top_kernel_Pipeline_Loop_Norm_Accum_fu_443/sdiv_38ns_24s_38_42_1_U5/col_sums_fu_88[23]_i_8       | CLB.LUT.LUT6      |
    | grp_top_kernel_Pipeline_Loop_Norm_Accum_fu_443/sdiv_38ns_24s_38_42_1_U5/col_sums_57_fu_316[23]_i_4   | CLB.LUT.LUT6      |
    | grp_top_kernel_Pipeline_Loop_Norm_Accum_fu_443/sdiv_38ns_24s_38_42_1_U5/col_sums_57_fu_316[23]_i_1   | CLB.LUT.LUT6      |
    | col_sums_57_fu_316_reg[12]                                                                           | REGISTER.SDR.FDRE |
    +------------------------------------------------------------------------------------------------------+-------------------+

    +------------------------------------------------------------------------------------------------------+-------------------+
    | Path3 Cells                                                                                          | Primitive Type    |
    +------------------------------------------------------------------------------------------------------+-------------------+
    | grp_top_kernel_Pipeline_Loop_Norm_Accum_fu_443/trunc_ln61_1_reg_2479_pp0_iter41_reg_reg[0]__0        | REGISTER.SDR.FDRE |
    | grp_top_kernel_Pipeline_Loop_Norm_Accum_fu_443/col_sums_64_reg_2506[15]_i_229                        | CLB.LUT.LUT6      |
    | grp_top_kernel_Pipeline_Loop_Norm_Accum_fu_443/col_sums_64_reg_2506_reg[15]_i_107                    | CLB.MUXF.MUXF7    |
    | grp_top_kernel_Pipeline_Loop_Norm_Accum_fu_443/col_sums_64_reg_2506_reg[15]_i_46                     | CLB.MUXF.MUXF8    |
    | grp_top_kernel_Pipeline_Loop_Norm_Accum_fu_443/col_sums_64_reg_2506[15]_i_9                          | CLB.LUT.LUT6      |
    | grp_top_kernel_Pipeline_Loop_Norm_Accum_fu_443/sdiv_38ns_24s_38_42_1_U5/and_ln67_reg_2578[0]_i_21    | CLB.LUT.LUT6      |
    | grp_top_kernel_Pipeline_Loop_Norm_Accum_fu_443/sdiv_38ns_24s_38_42_1_U5/and_ln67_reg_2578_reg[0]_i_4 | CLB.CARRY.CARRY8  |
    | grp_top_kernel_Pipeline_Loop_Norm_Accum_fu_443/sdiv_38ns_24s_38_42_1_U5/and_ln67_reg_2578_reg[0]_i_3 | CLB.CARRY.CARRY8  |
    | grp_top_kernel_Pipeline_Loop_Norm_Accum_fu_443/sdiv_38ns_24s_38_42_1_U5/col_sums_fu_88[23]_i_11      | CLB.LUT.LUT4      |
    | grp_top_kernel_Pipeline_Loop_Norm_Accum_fu_443/sdiv_38ns_24s_38_42_1_U5/col_sums_fu_88[23]_i_8       | CLB.LUT.LUT6      |
    | grp_top_kernel_Pipeline_Loop_Norm_Accum_fu_443/sdiv_38ns_24s_38_42_1_U5/col_sums_55_fu_308[23]_i_3   | CLB.LUT.LUT6      |
    | grp_top_kernel_Pipeline_Loop_Norm_Accum_fu_443/sdiv_38ns_24s_38_42_1_U5/col_sums_55_fu_308[23]_i_1   | CLB.LUT.LUT6      |
    | col_sums_55_fu_308_reg[9]                                                                            | REGISTER.SDR.FDRE |
    | grp_top_kernel_Pipeline_Loop_Norm_Accum_fu_443/trunc_ln61_1_reg_2479_pp0_iter41_reg_reg[0]__0        | REGISTER.SDR.FDRE |
    | grp_top_kernel_Pipeline_Loop_Norm_Accum_fu_443/col_sums_64_reg_2506[15]_i_229                        | CLB.LUT.LUT6      |
    | grp_top_kernel_Pipeline_Loop_Norm_Accum_fu_443/col_sums_64_reg_2506_reg[15]_i_107                    | CLB.MUXF.MUXF7    |
    | grp_top_kernel_Pipeline_Loop_Norm_Accum_fu_443/col_sums_64_reg_2506_reg[15]_i_46                     | CLB.MUXF.MUXF8    |
    | grp_top_kernel_Pipeline_Loop_Norm_Accum_fu_443/col_sums_64_reg_2506[15]_i_9                          | CLB.LUT.LUT6      |
    | grp_top_kernel_Pipeline_Loop_Norm_Accum_fu_443/sdiv_38ns_24s_38_42_1_U5/and_ln67_reg_2578[0]_i_21    | CLB.LUT.LUT6      |
    | grp_top_kernel_Pipeline_Loop_Norm_Accum_fu_443/sdiv_38ns_24s_38_42_1_U5/and_ln67_reg_2578_reg[0]_i_4 | CLB.CARRY.CARRY8  |
    | grp_top_kernel_Pipeline_Loop_Norm_Accum_fu_443/sdiv_38ns_24s_38_42_1_U5/and_ln67_reg_2578_reg[0]_i_3 | CLB.CARRY.CARRY8  |
    | grp_top_kernel_Pipeline_Loop_Norm_Accum_fu_443/sdiv_38ns_24s_38_42_1_U5/col_sums_fu_88[23]_i_11      | CLB.LUT.LUT4      |
    | grp_top_kernel_Pipeline_Loop_Norm_Accum_fu_443/sdiv_38ns_24s_38_42_1_U5/col_sums_fu_88[23]_i_8       | CLB.LUT.LUT6      |
    | grp_top_kernel_Pipeline_Loop_Norm_Accum_fu_443/sdiv_38ns_24s_38_42_1_U5/col_sums_62_fu_336[23]_i_4   | CLB.LUT.LUT6      |
    | grp_top_kernel_Pipeline_Loop_Norm_Accum_fu_443/sdiv_38ns_24s_38_42_1_U5/col_sums_62_fu_336[23]_i_1   | CLB.LUT.LUT6      |
    | col_sums_62_fu_336_reg[7]                                                                            | REGISTER.SDR.FDRE |
    | grp_top_kernel_Pipeline_Loop_Norm_Accum_fu_443/trunc_ln61_1_reg_2479_pp0_iter41_reg_reg[0]__0        | REGISTER.SDR.FDRE |
    | grp_top_kernel_Pipeline_Loop_Norm_Accum_fu_443/col_sums_64_reg_2506[15]_i_229                        | CLB.LUT.LUT6      |
    | grp_top_kernel_Pipeline_Loop_Norm_Accum_fu_443/col_sums_64_reg_2506_reg[15]_i_107                    | CLB.MUXF.MUXF7    |
    | grp_top_kernel_Pipeline_Loop_Norm_Accum_fu_443/col_sums_64_reg_2506_reg[15]_i_46                     | CLB.MUXF.MUXF8    |
    | grp_top_kernel_Pipeline_Loop_Norm_Accum_fu_443/col_sums_64_reg_2506[15]_i_9                          | CLB.LUT.LUT6      |
    | grp_top_kernel_Pipeline_Loop_Norm_Accum_fu_443/sdiv_38ns_24s_38_42_1_U5/and_ln67_reg_2578[0]_i_21    | CLB.LUT.LUT6      |
    | grp_top_kernel_Pipeline_Loop_Norm_Accum_fu_443/sdiv_38ns_24s_38_42_1_U5/and_ln67_reg_2578_reg[0]_i_4 | CLB.CARRY.CARRY8  |
    | grp_top_kernel_Pipeline_Loop_Norm_Accum_fu_443/sdiv_38ns_24s_38_42_1_U5/and_ln67_reg_2578_reg[0]_i_3 | CLB.CARRY.CARRY8  |
    | grp_top_kernel_Pipeline_Loop_Norm_Accum_fu_443/sdiv_38ns_24s_38_42_1_U5/col_sums_fu_88[23]_i_11      | CLB.LUT.LUT4      |
    | grp_top_kernel_Pipeline_Loop_Norm_Accum_fu_443/sdiv_38ns_24s_38_42_1_U5/col_sums_fu_88[23]_i_8       | CLB.LUT.LUT6      |
    | grp_top_kernel_Pipeline_Loop_Norm_Accum_fu_443/sdiv_38ns_24s_38_42_1_U5/col_sums_62_fu_336[23]_i_4   | CLB.LUT.LUT6      |
    | grp_top_kernel_Pipeline_Loop_Norm_Accum_fu_443/sdiv_38ns_24s_38_42_1_U5/col_sums_62_fu_336[23]_i_1   | CLB.LUT.LUT6      |
    | col_sums_62_fu_336_reg[0]                                                                            | REGISTER.SDR.FDRE |
    | grp_top_kernel_Pipeline_Loop_Norm_Accum_fu_443/trunc_ln61_1_reg_2479_pp0_iter41_reg_reg[0]__0        | REGISTER.SDR.FDRE |
    | grp_top_kernel_Pipeline_Loop_Norm_Accum_fu_443/col_sums_64_reg_2506[15]_i_229                        | CLB.LUT.LUT6      |
    | grp_top_kernel_Pipeline_Loop_Norm_Accum_fu_443/col_sums_64_reg_2506_reg[15]_i_107                    | CLB.MUXF.MUXF7    |
    | grp_top_kernel_Pipeline_Loop_Norm_Accum_fu_443/col_sums_64_reg_2506_reg[15]_i_46                     | CLB.MUXF.MUXF8    |
    | grp_top_kernel_Pipeline_Loop_Norm_Accum_fu_443/col_sums_64_reg_2506[15]_i_9                          | CLB.LUT.LUT6      |
    | grp_top_kernel_Pipeline_Loop_Norm_Accum_fu_443/sdiv_38ns_24s_38_42_1_U5/and_ln67_reg_2578[0]_i_21    | CLB.LUT.LUT6      |
    | grp_top_kernel_Pipeline_Loop_Norm_Accum_fu_443/sdiv_38ns_24s_38_42_1_U5/and_ln67_reg_2578_reg[0]_i_4 | CLB.CARRY.CARRY8  |
    | grp_top_kernel_Pipeline_Loop_Norm_Accum_fu_443/sdiv_38ns_24s_38_42_1_U5/and_ln67_reg_2578_reg[0]_i_3 | CLB.CARRY.CARRY8  |
    | grp_top_kernel_Pipeline_Loop_Norm_Accum_fu_443/sdiv_38ns_24s_38_42_1_U5/col_sums_fu_88[23]_i_11      | CLB.LUT.LUT4      |
    | grp_top_kernel_Pipeline_Loop_Norm_Accum_fu_443/sdiv_38ns_24s_38_42_1_U5/col_sums_fu_88[23]_i_8       | CLB.LUT.LUT6      |
    | grp_top_kernel_Pipeline_Loop_Norm_Accum_fu_443/sdiv_38ns_24s_38_42_1_U5/col_sums_57_fu_316[23]_i_4   | CLB.LUT.LUT6      |
    | grp_top_kernel_Pipeline_Loop_Norm_Accum_fu_443/sdiv_38ns_24s_38_42_1_U5/col_sums_57_fu_316[23]_i_1   | CLB.LUT.LUT6      |
    | col_sums_57_fu_316_reg[11]                                                                           | REGISTER.SDR.FDRE |
    | grp_top_kernel_Pipeline_Loop_Norm_Accum_fu_443/trunc_ln61_1_reg_2479_pp0_iter41_reg_reg[0]__0        | REGISTER.SDR.FDRE |
    | grp_top_kernel_Pipeline_Loop_Norm_Accum_fu_443/col_sums_64_reg_2506[15]_i_229                        | CLB.LUT.LUT6      |
    | grp_top_kernel_Pipeline_Loop_Norm_Accum_fu_443/col_sums_64_reg_2506_reg[15]_i_107                    | CLB.MUXF.MUXF7    |
    | grp_top_kernel_Pipeline_Loop_Norm_Accum_fu_443/col_sums_64_reg_2506_reg[15]_i_46                     | CLB.MUXF.MUXF8    |
    | grp_top_kernel_Pipeline_Loop_Norm_Accum_fu_443/col_sums_64_reg_2506[15]_i_9                          | CLB.LUT.LUT6      |
    | grp_top_kernel_Pipeline_Loop_Norm_Accum_fu_443/sdiv_38ns_24s_38_42_1_U5/and_ln67_reg_2578[0]_i_21    | CLB.LUT.LUT6      |
    | grp_top_kernel_Pipeline_Loop_Norm_Accum_fu_443/sdiv_38ns_24s_38_42_1_U5/and_ln67_reg_2578_reg[0]_i_4 | CLB.CARRY.CARRY8  |
    | grp_top_kernel_Pipeline_Loop_Norm_Accum_fu_443/sdiv_38ns_24s_38_42_1_U5/and_ln67_reg_2578_reg[0]_i_3 | CLB.CARRY.CARRY8  |
    | grp_top_kernel_Pipeline_Loop_Norm_Accum_fu_443/sdiv_38ns_24s_38_42_1_U5/col_sums_fu_88[23]_i_11      | CLB.LUT.LUT4      |
    | grp_top_kernel_Pipeline_Loop_Norm_Accum_fu_443/sdiv_38ns_24s_38_42_1_U5/col_sums_fu_88[23]_i_8       | CLB.LUT.LUT6      |
    | grp_top_kernel_Pipeline_Loop_Norm_Accum_fu_443/sdiv_38ns_24s_38_42_1_U5/col_sums_57_fu_316[23]_i_4   | CLB.LUT.LUT6      |
    | grp_top_kernel_Pipeline_Loop_Norm_Accum_fu_443/sdiv_38ns_24s_38_42_1_U5/col_sums_57_fu_316[23]_i_1   | CLB.LUT.LUT6      |
    | col_sums_57_fu_316_reg[12]                                                                           | REGISTER.SDR.FDRE |
    +------------------------------------------------------------------------------------------------------+-------------------+

    +------------------------------------------------------------------------------------------------------+-------------------+
    | Path4 Cells                                                                                          | Primitive Type    |
    +------------------------------------------------------------------------------------------------------+-------------------+
    | grp_top_kernel_Pipeline_Loop_Norm_Accum_fu_443/trunc_ln61_1_reg_2479_pp0_iter41_reg_reg[0]__0        | REGISTER.SDR.FDRE |
    | grp_top_kernel_Pipeline_Loop_Norm_Accum_fu_443/col_sums_64_reg_2506[15]_i_229                        | CLB.LUT.LUT6      |
    | grp_top_kernel_Pipeline_Loop_Norm_Accum_fu_443/col_sums_64_reg_2506_reg[15]_i_107                    | CLB.MUXF.MUXF7    |
    | grp_top_kernel_Pipeline_Loop_Norm_Accum_fu_443/col_sums_64_reg_2506_reg[15]_i_46                     | CLB.MUXF.MUXF8    |
    | grp_top_kernel_Pipeline_Loop_Norm_Accum_fu_443/col_sums_64_reg_2506[15]_i_9                          | CLB.LUT.LUT6      |
    | grp_top_kernel_Pipeline_Loop_Norm_Accum_fu_443/sdiv_38ns_24s_38_42_1_U5/and_ln67_reg_2578[0]_i_21    | CLB.LUT.LUT6      |
    | grp_top_kernel_Pipeline_Loop_Norm_Accum_fu_443/sdiv_38ns_24s_38_42_1_U5/and_ln67_reg_2578_reg[0]_i_4 | CLB.CARRY.CARRY8  |
    | grp_top_kernel_Pipeline_Loop_Norm_Accum_fu_443/sdiv_38ns_24s_38_42_1_U5/and_ln67_reg_2578_reg[0]_i_3 | CLB.CARRY.CARRY8  |
    | grp_top_kernel_Pipeline_Loop_Norm_Accum_fu_443/sdiv_38ns_24s_38_42_1_U5/col_sums_fu_88[23]_i_11      | CLB.LUT.LUT4      |
    | grp_top_kernel_Pipeline_Loop_Norm_Accum_fu_443/sdiv_38ns_24s_38_42_1_U5/col_sums_fu_88[23]_i_8       | CLB.LUT.LUT6      |
    | grp_top_kernel_Pipeline_Loop_Norm_Accum_fu_443/sdiv_38ns_24s_38_42_1_U5/col_sums_55_fu_308[23]_i_3   | CLB.LUT.LUT6      |
    | grp_top_kernel_Pipeline_Loop_Norm_Accum_fu_443/sdiv_38ns_24s_38_42_1_U5/col_sums_55_fu_308[23]_i_1   | CLB.LUT.LUT6      |
    | col_sums_55_fu_308_reg[9]                                                                            | REGISTER.SDR.FDRE |
    | grp_top_kernel_Pipeline_Loop_Norm_Accum_fu_443/trunc_ln61_1_reg_2479_pp0_iter41_reg_reg[0]__0        | REGISTER.SDR.FDRE |
    | grp_top_kernel_Pipeline_Loop_Norm_Accum_fu_443/col_sums_64_reg_2506[15]_i_229                        | CLB.LUT.LUT6      |
    | grp_top_kernel_Pipeline_Loop_Norm_Accum_fu_443/col_sums_64_reg_2506_reg[15]_i_107                    | CLB.MUXF.MUXF7    |
    | grp_top_kernel_Pipeline_Loop_Norm_Accum_fu_443/col_sums_64_reg_2506_reg[15]_i_46                     | CLB.MUXF.MUXF8    |
    | grp_top_kernel_Pipeline_Loop_Norm_Accum_fu_443/col_sums_64_reg_2506[15]_i_9                          | CLB.LUT.LUT6      |
    | grp_top_kernel_Pipeline_Loop_Norm_Accum_fu_443/sdiv_38ns_24s_38_42_1_U5/and_ln67_reg_2578[0]_i_21    | CLB.LUT.LUT6      |
    | grp_top_kernel_Pipeline_Loop_Norm_Accum_fu_443/sdiv_38ns_24s_38_42_1_U5/and_ln67_reg_2578_reg[0]_i_4 | CLB.CARRY.CARRY8  |
    | grp_top_kernel_Pipeline_Loop_Norm_Accum_fu_443/sdiv_38ns_24s_38_42_1_U5/and_ln67_reg_2578_reg[0]_i_3 | CLB.CARRY.CARRY8  |
    | grp_top_kernel_Pipeline_Loop_Norm_Accum_fu_443/sdiv_38ns_24s_38_42_1_U5/col_sums_fu_88[23]_i_11      | CLB.LUT.LUT4      |
    | grp_top_kernel_Pipeline_Loop_Norm_Accum_fu_443/sdiv_38ns_24s_38_42_1_U5/col_sums_fu_88[23]_i_8       | CLB.LUT.LUT6      |
    | grp_top_kernel_Pipeline_Loop_Norm_Accum_fu_443/sdiv_38ns_24s_38_42_1_U5/col_sums_62_fu_336[23]_i_4   | CLB.LUT.LUT6      |
    | grp_top_kernel_Pipeline_Loop_Norm_Accum_fu_443/sdiv_38ns_24s_38_42_1_U5/col_sums_62_fu_336[23]_i_1   | CLB.LUT.LUT6      |
    | col_sums_62_fu_336_reg[7]                                                                            | REGISTER.SDR.FDRE |
    | grp_top_kernel_Pipeline_Loop_Norm_Accum_fu_443/trunc_ln61_1_reg_2479_pp0_iter41_reg_reg[0]__0        | REGISTER.SDR.FDRE |
    | grp_top_kernel_Pipeline_Loop_Norm_Accum_fu_443/col_sums_64_reg_2506[15]_i_229                        | CLB.LUT.LUT6      |
    | grp_top_kernel_Pipeline_Loop_Norm_Accum_fu_443/col_sums_64_reg_2506_reg[15]_i_107                    | CLB.MUXF.MUXF7    |
    | grp_top_kernel_Pipeline_Loop_Norm_Accum_fu_443/col_sums_64_reg_2506_reg[15]_i_46                     | CLB.MUXF.MUXF8    |
    | grp_top_kernel_Pipeline_Loop_Norm_Accum_fu_443/col_sums_64_reg_2506[15]_i_9                          | CLB.LUT.LUT6      |
    | grp_top_kernel_Pipeline_Loop_Norm_Accum_fu_443/sdiv_38ns_24s_38_42_1_U5/and_ln67_reg_2578[0]_i_21    | CLB.LUT.LUT6      |
    | grp_top_kernel_Pipeline_Loop_Norm_Accum_fu_443/sdiv_38ns_24s_38_42_1_U5/and_ln67_reg_2578_reg[0]_i_4 | CLB.CARRY.CARRY8  |
    | grp_top_kernel_Pipeline_Loop_Norm_Accum_fu_443/sdiv_38ns_24s_38_42_1_U5/and_ln67_reg_2578_reg[0]_i_3 | CLB.CARRY.CARRY8  |
    | grp_top_kernel_Pipeline_Loop_Norm_Accum_fu_443/sdiv_38ns_24s_38_42_1_U5/col_sums_fu_88[23]_i_11      | CLB.LUT.LUT4      |
    | grp_top_kernel_Pipeline_Loop_Norm_Accum_fu_443/sdiv_38ns_24s_38_42_1_U5/col_sums_fu_88[23]_i_8       | CLB.LUT.LUT6      |
    | grp_top_kernel_Pipeline_Loop_Norm_Accum_fu_443/sdiv_38ns_24s_38_42_1_U5/col_sums_62_fu_336[23]_i_4   | CLB.LUT.LUT6      |
    | grp_top_kernel_Pipeline_Loop_Norm_Accum_fu_443/sdiv_38ns_24s_38_42_1_U5/col_sums_62_fu_336[23]_i_1   | CLB.LUT.LUT6      |
    | col_sums_62_fu_336_reg[0]                                                                            | REGISTER.SDR.FDRE |
    | grp_top_kernel_Pipeline_Loop_Norm_Accum_fu_443/trunc_ln61_1_reg_2479_pp0_iter41_reg_reg[0]__0        | REGISTER.SDR.FDRE |
    | grp_top_kernel_Pipeline_Loop_Norm_Accum_fu_443/col_sums_64_reg_2506[15]_i_229                        | CLB.LUT.LUT6      |
    | grp_top_kernel_Pipeline_Loop_Norm_Accum_fu_443/col_sums_64_reg_2506_reg[15]_i_107                    | CLB.MUXF.MUXF7    |
    | grp_top_kernel_Pipeline_Loop_Norm_Accum_fu_443/col_sums_64_reg_2506_reg[15]_i_46                     | CLB.MUXF.MUXF8    |
    | grp_top_kernel_Pipeline_Loop_Norm_Accum_fu_443/col_sums_64_reg_2506[15]_i_9                          | CLB.LUT.LUT6      |
    | grp_top_kernel_Pipeline_Loop_Norm_Accum_fu_443/sdiv_38ns_24s_38_42_1_U5/and_ln67_reg_2578[0]_i_21    | CLB.LUT.LUT6      |
    | grp_top_kernel_Pipeline_Loop_Norm_Accum_fu_443/sdiv_38ns_24s_38_42_1_U5/and_ln67_reg_2578_reg[0]_i_4 | CLB.CARRY.CARRY8  |
    | grp_top_kernel_Pipeline_Loop_Norm_Accum_fu_443/sdiv_38ns_24s_38_42_1_U5/and_ln67_reg_2578_reg[0]_i_3 | CLB.CARRY.CARRY8  |
    | grp_top_kernel_Pipeline_Loop_Norm_Accum_fu_443/sdiv_38ns_24s_38_42_1_U5/col_sums_fu_88[23]_i_11      | CLB.LUT.LUT4      |
    | grp_top_kernel_Pipeline_Loop_Norm_Accum_fu_443/sdiv_38ns_24s_38_42_1_U5/col_sums_fu_88[23]_i_8       | CLB.LUT.LUT6      |
    | grp_top_kernel_Pipeline_Loop_Norm_Accum_fu_443/sdiv_38ns_24s_38_42_1_U5/col_sums_57_fu_316[23]_i_4   | CLB.LUT.LUT6      |
    | grp_top_kernel_Pipeline_Loop_Norm_Accum_fu_443/sdiv_38ns_24s_38_42_1_U5/col_sums_57_fu_316[23]_i_1   | CLB.LUT.LUT6      |
    | col_sums_57_fu_316_reg[11]                                                                           | REGISTER.SDR.FDRE |
    | grp_top_kernel_Pipeline_Loop_Norm_Accum_fu_443/trunc_ln61_1_reg_2479_pp0_iter41_reg_reg[0]__0        | REGISTER.SDR.FDRE |
    | grp_top_kernel_Pipeline_Loop_Norm_Accum_fu_443/col_sums_64_reg_2506[15]_i_229                        | CLB.LUT.LUT6      |
    | grp_top_kernel_Pipeline_Loop_Norm_Accum_fu_443/col_sums_64_reg_2506_reg[15]_i_107                    | CLB.MUXF.MUXF7    |
    | grp_top_kernel_Pipeline_Loop_Norm_Accum_fu_443/col_sums_64_reg_2506_reg[15]_i_46                     | CLB.MUXF.MUXF8    |
    | grp_top_kernel_Pipeline_Loop_Norm_Accum_fu_443/col_sums_64_reg_2506[15]_i_9                          | CLB.LUT.LUT6      |
    | grp_top_kernel_Pipeline_Loop_Norm_Accum_fu_443/sdiv_38ns_24s_38_42_1_U5/and_ln67_reg_2578[0]_i_21    | CLB.LUT.LUT6      |
    | grp_top_kernel_Pipeline_Loop_Norm_Accum_fu_443/sdiv_38ns_24s_38_42_1_U5/and_ln67_reg_2578_reg[0]_i_4 | CLB.CARRY.CARRY8  |
    | grp_top_kernel_Pipeline_Loop_Norm_Accum_fu_443/sdiv_38ns_24s_38_42_1_U5/and_ln67_reg_2578_reg[0]_i_3 | CLB.CARRY.CARRY8  |
    | grp_top_kernel_Pipeline_Loop_Norm_Accum_fu_443/sdiv_38ns_24s_38_42_1_U5/col_sums_fu_88[23]_i_11      | CLB.LUT.LUT4      |
    | grp_top_kernel_Pipeline_Loop_Norm_Accum_fu_443/sdiv_38ns_24s_38_42_1_U5/col_sums_fu_88[23]_i_8       | CLB.LUT.LUT6      |
    | grp_top_kernel_Pipeline_Loop_Norm_Accum_fu_443/sdiv_38ns_24s_38_42_1_U5/col_sums_57_fu_316[23]_i_4   | CLB.LUT.LUT6      |
    | grp_top_kernel_Pipeline_Loop_Norm_Accum_fu_443/sdiv_38ns_24s_38_42_1_U5/col_sums_57_fu_316[23]_i_1   | CLB.LUT.LUT6      |
    | col_sums_57_fu_316_reg[12]                                                                           | REGISTER.SDR.FDRE |
    +------------------------------------------------------------------------------------------------------+-------------------+

    +------------------------------------------------------------------------------------------------------+-------------------+
    | Path5 Cells                                                                                          | Primitive Type    |
    +------------------------------------------------------------------------------------------------------+-------------------+
    | grp_top_kernel_Pipeline_Loop_Norm_Accum_fu_443/trunc_ln61_1_reg_2479_pp0_iter41_reg_reg[0]__0        | REGISTER.SDR.FDRE |
    | grp_top_kernel_Pipeline_Loop_Norm_Accum_fu_443/col_sums_64_reg_2506[15]_i_229                        | CLB.LUT.LUT6      |
    | grp_top_kernel_Pipeline_Loop_Norm_Accum_fu_443/col_sums_64_reg_2506_reg[15]_i_107                    | CLB.MUXF.MUXF7    |
    | grp_top_kernel_Pipeline_Loop_Norm_Accum_fu_443/col_sums_64_reg_2506_reg[15]_i_46                     | CLB.MUXF.MUXF8    |
    | grp_top_kernel_Pipeline_Loop_Norm_Accum_fu_443/col_sums_64_reg_2506[15]_i_9                          | CLB.LUT.LUT6      |
    | grp_top_kernel_Pipeline_Loop_Norm_Accum_fu_443/sdiv_38ns_24s_38_42_1_U5/and_ln67_reg_2578[0]_i_21    | CLB.LUT.LUT6      |
    | grp_top_kernel_Pipeline_Loop_Norm_Accum_fu_443/sdiv_38ns_24s_38_42_1_U5/and_ln67_reg_2578_reg[0]_i_4 | CLB.CARRY.CARRY8  |
    | grp_top_kernel_Pipeline_Loop_Norm_Accum_fu_443/sdiv_38ns_24s_38_42_1_U5/and_ln67_reg_2578_reg[0]_i_3 | CLB.CARRY.CARRY8  |
    | grp_top_kernel_Pipeline_Loop_Norm_Accum_fu_443/sdiv_38ns_24s_38_42_1_U5/col_sums_fu_88[23]_i_11      | CLB.LUT.LUT4      |
    | grp_top_kernel_Pipeline_Loop_Norm_Accum_fu_443/sdiv_38ns_24s_38_42_1_U5/col_sums_fu_88[23]_i_8       | CLB.LUT.LUT6      |
    | grp_top_kernel_Pipeline_Loop_Norm_Accum_fu_443/sdiv_38ns_24s_38_42_1_U5/col_sums_55_fu_308[23]_i_3   | CLB.LUT.LUT6      |
    | grp_top_kernel_Pipeline_Loop_Norm_Accum_fu_443/sdiv_38ns_24s_38_42_1_U5/col_sums_55_fu_308[23]_i_1   | CLB.LUT.LUT6      |
    | col_sums_55_fu_308_reg[9]                                                                            | REGISTER.SDR.FDRE |
    | grp_top_kernel_Pipeline_Loop_Norm_Accum_fu_443/trunc_ln61_1_reg_2479_pp0_iter41_reg_reg[0]__0        | REGISTER.SDR.FDRE |
    | grp_top_kernel_Pipeline_Loop_Norm_Accum_fu_443/col_sums_64_reg_2506[15]_i_229                        | CLB.LUT.LUT6      |
    | grp_top_kernel_Pipeline_Loop_Norm_Accum_fu_443/col_sums_64_reg_2506_reg[15]_i_107                    | CLB.MUXF.MUXF7    |
    | grp_top_kernel_Pipeline_Loop_Norm_Accum_fu_443/col_sums_64_reg_2506_reg[15]_i_46                     | CLB.MUXF.MUXF8    |
    | grp_top_kernel_Pipeline_Loop_Norm_Accum_fu_443/col_sums_64_reg_2506[15]_i_9                          | CLB.LUT.LUT6      |
    | grp_top_kernel_Pipeline_Loop_Norm_Accum_fu_443/sdiv_38ns_24s_38_42_1_U5/and_ln67_reg_2578[0]_i_21    | CLB.LUT.LUT6      |
    | grp_top_kernel_Pipeline_Loop_Norm_Accum_fu_443/sdiv_38ns_24s_38_42_1_U5/and_ln67_reg_2578_reg[0]_i_4 | CLB.CARRY.CARRY8  |
    | grp_top_kernel_Pipeline_Loop_Norm_Accum_fu_443/sdiv_38ns_24s_38_42_1_U5/and_ln67_reg_2578_reg[0]_i_3 | CLB.CARRY.CARRY8  |
    | grp_top_kernel_Pipeline_Loop_Norm_Accum_fu_443/sdiv_38ns_24s_38_42_1_U5/col_sums_fu_88[23]_i_11      | CLB.LUT.LUT4      |
    | grp_top_kernel_Pipeline_Loop_Norm_Accum_fu_443/sdiv_38ns_24s_38_42_1_U5/col_sums_fu_88[23]_i_8       | CLB.LUT.LUT6      |
    | grp_top_kernel_Pipeline_Loop_Norm_Accum_fu_443/sdiv_38ns_24s_38_42_1_U5/col_sums_62_fu_336[23]_i_4   | CLB.LUT.LUT6      |
    | grp_top_kernel_Pipeline_Loop_Norm_Accum_fu_443/sdiv_38ns_24s_38_42_1_U5/col_sums_62_fu_336[23]_i_1   | CLB.LUT.LUT6      |
    | col_sums_62_fu_336_reg[7]                                                                            | REGISTER.SDR.FDRE |
    | grp_top_kernel_Pipeline_Loop_Norm_Accum_fu_443/trunc_ln61_1_reg_2479_pp0_iter41_reg_reg[0]__0        | REGISTER.SDR.FDRE |
    | grp_top_kernel_Pipeline_Loop_Norm_Accum_fu_443/col_sums_64_reg_2506[15]_i_229                        | CLB.LUT.LUT6      |
    | grp_top_kernel_Pipeline_Loop_Norm_Accum_fu_443/col_sums_64_reg_2506_reg[15]_i_107                    | CLB.MUXF.MUXF7    |
    | grp_top_kernel_Pipeline_Loop_Norm_Accum_fu_443/col_sums_64_reg_2506_reg[15]_i_46                     | CLB.MUXF.MUXF8    |
    | grp_top_kernel_Pipeline_Loop_Norm_Accum_fu_443/col_sums_64_reg_2506[15]_i_9                          | CLB.LUT.LUT6      |
    | grp_top_kernel_Pipeline_Loop_Norm_Accum_fu_443/sdiv_38ns_24s_38_42_1_U5/and_ln67_reg_2578[0]_i_21    | CLB.LUT.LUT6      |
    | grp_top_kernel_Pipeline_Loop_Norm_Accum_fu_443/sdiv_38ns_24s_38_42_1_U5/and_ln67_reg_2578_reg[0]_i_4 | CLB.CARRY.CARRY8  |
    | grp_top_kernel_Pipeline_Loop_Norm_Accum_fu_443/sdiv_38ns_24s_38_42_1_U5/and_ln67_reg_2578_reg[0]_i_3 | CLB.CARRY.CARRY8  |
    | grp_top_kernel_Pipeline_Loop_Norm_Accum_fu_443/sdiv_38ns_24s_38_42_1_U5/col_sums_fu_88[23]_i_11      | CLB.LUT.LUT4      |
    | grp_top_kernel_Pipeline_Loop_Norm_Accum_fu_443/sdiv_38ns_24s_38_42_1_U5/col_sums_fu_88[23]_i_8       | CLB.LUT.LUT6      |
    | grp_top_kernel_Pipeline_Loop_Norm_Accum_fu_443/sdiv_38ns_24s_38_42_1_U5/col_sums_62_fu_336[23]_i_4   | CLB.LUT.LUT6      |
    | grp_top_kernel_Pipeline_Loop_Norm_Accum_fu_443/sdiv_38ns_24s_38_42_1_U5/col_sums_62_fu_336[23]_i_1   | CLB.LUT.LUT6      |
    | col_sums_62_fu_336_reg[0]                                                                            | REGISTER.SDR.FDRE |
    | grp_top_kernel_Pipeline_Loop_Norm_Accum_fu_443/trunc_ln61_1_reg_2479_pp0_iter41_reg_reg[0]__0        | REGISTER.SDR.FDRE |
    | grp_top_kernel_Pipeline_Loop_Norm_Accum_fu_443/col_sums_64_reg_2506[15]_i_229                        | CLB.LUT.LUT6      |
    | grp_top_kernel_Pipeline_Loop_Norm_Accum_fu_443/col_sums_64_reg_2506_reg[15]_i_107                    | CLB.MUXF.MUXF7    |
    | grp_top_kernel_Pipeline_Loop_Norm_Accum_fu_443/col_sums_64_reg_2506_reg[15]_i_46                     | CLB.MUXF.MUXF8    |
    | grp_top_kernel_Pipeline_Loop_Norm_Accum_fu_443/col_sums_64_reg_2506[15]_i_9                          | CLB.LUT.LUT6      |
    | grp_top_kernel_Pipeline_Loop_Norm_Accum_fu_443/sdiv_38ns_24s_38_42_1_U5/and_ln67_reg_2578[0]_i_21    | CLB.LUT.LUT6      |
    | grp_top_kernel_Pipeline_Loop_Norm_Accum_fu_443/sdiv_38ns_24s_38_42_1_U5/and_ln67_reg_2578_reg[0]_i_4 | CLB.CARRY.CARRY8  |
    | grp_top_kernel_Pipeline_Loop_Norm_Accum_fu_443/sdiv_38ns_24s_38_42_1_U5/and_ln67_reg_2578_reg[0]_i_3 | CLB.CARRY.CARRY8  |
    | grp_top_kernel_Pipeline_Loop_Norm_Accum_fu_443/sdiv_38ns_24s_38_42_1_U5/col_sums_fu_88[23]_i_11      | CLB.LUT.LUT4      |
    | grp_top_kernel_Pipeline_Loop_Norm_Accum_fu_443/sdiv_38ns_24s_38_42_1_U5/col_sums_fu_88[23]_i_8       | CLB.LUT.LUT6      |
    | grp_top_kernel_Pipeline_Loop_Norm_Accum_fu_443/sdiv_38ns_24s_38_42_1_U5/col_sums_57_fu_316[23]_i_4   | CLB.LUT.LUT6      |
    | grp_top_kernel_Pipeline_Loop_Norm_Accum_fu_443/sdiv_38ns_24s_38_42_1_U5/col_sums_57_fu_316[23]_i_1   | CLB.LUT.LUT6      |
    | col_sums_57_fu_316_reg[11]                                                                           | REGISTER.SDR.FDRE |
    | grp_top_kernel_Pipeline_Loop_Norm_Accum_fu_443/trunc_ln61_1_reg_2479_pp0_iter41_reg_reg[0]__0        | REGISTER.SDR.FDRE |
    | grp_top_kernel_Pipeline_Loop_Norm_Accum_fu_443/col_sums_64_reg_2506[15]_i_229                        | CLB.LUT.LUT6      |
    | grp_top_kernel_Pipeline_Loop_Norm_Accum_fu_443/col_sums_64_reg_2506_reg[15]_i_107                    | CLB.MUXF.MUXF7    |
    | grp_top_kernel_Pipeline_Loop_Norm_Accum_fu_443/col_sums_64_reg_2506_reg[15]_i_46                     | CLB.MUXF.MUXF8    |
    | grp_top_kernel_Pipeline_Loop_Norm_Accum_fu_443/col_sums_64_reg_2506[15]_i_9                          | CLB.LUT.LUT6      |
    | grp_top_kernel_Pipeline_Loop_Norm_Accum_fu_443/sdiv_38ns_24s_38_42_1_U5/and_ln67_reg_2578[0]_i_21    | CLB.LUT.LUT6      |
    | grp_top_kernel_Pipeline_Loop_Norm_Accum_fu_443/sdiv_38ns_24s_38_42_1_U5/and_ln67_reg_2578_reg[0]_i_4 | CLB.CARRY.CARRY8  |
    | grp_top_kernel_Pipeline_Loop_Norm_Accum_fu_443/sdiv_38ns_24s_38_42_1_U5/and_ln67_reg_2578_reg[0]_i_3 | CLB.CARRY.CARRY8  |
    | grp_top_kernel_Pipeline_Loop_Norm_Accum_fu_443/sdiv_38ns_24s_38_42_1_U5/col_sums_fu_88[23]_i_11      | CLB.LUT.LUT4      |
    | grp_top_kernel_Pipeline_Loop_Norm_Accum_fu_443/sdiv_38ns_24s_38_42_1_U5/col_sums_fu_88[23]_i_8       | CLB.LUT.LUT6      |
    | grp_top_kernel_Pipeline_Loop_Norm_Accum_fu_443/sdiv_38ns_24s_38_42_1_U5/col_sums_57_fu_316[23]_i_4   | CLB.LUT.LUT6      |
    | grp_top_kernel_Pipeline_Loop_Norm_Accum_fu_443/sdiv_38ns_24s_38_42_1_U5/col_sums_57_fu_316[23]_i_1   | CLB.LUT.LUT6      |
    | col_sums_57_fu_316_reg[12]                                                                           | REGISTER.SDR.FDRE |
    +------------------------------------------------------------------------------------------------------+-------------------+


================================================================
== Place & Route Vivado Reports
================================================================
+--------------------------+--------------------------------------------------------------------+
| Report Type              | Report Location                                                    |
+--------------------------+--------------------------------------------------------------------+
| design_analysis          | impl/verilog/report/top_kernel_design_analysis_routed.rpt          |
| failfast                 | impl/verilog/report/top_kernel_failfast_routed.rpt                 |
| power                    | impl/verilog/report/top_kernel_power_routed.rpt                    |
| status                   | impl/verilog/report/top_kernel_status_routed.rpt                   |
| timing                   | impl/verilog/report/top_kernel_timing_routed.rpt                   |
| timing_paths             | impl/verilog/report/top_kernel_timing_paths_routed.rpt             |
| utilization              | impl/verilog/report/top_kernel_utilization_routed.rpt              |
| utilization_hierarchical | impl/verilog/report/top_kernel_utilization_hierarchical_routed.rpt |
+--------------------------+--------------------------------------------------------------------+


