

Implementation tool: Xilinx Vivado v.2025.1.1
Project:             project_1
Solution:            hls
Device target:       xczu3eg-sbva484-1-e
Report date:         Thu Jan 29 00:26:34 EST 2026

#=== Post-Implementation Resource usage ===
SLICE:            0
LUT:           5162
FF:            4386
DSP:              1
BRAM:            24
URAM:             0
LATCH:            0
SRL:             78
CLB:           1055

#=== Final timing ===
CP required:                     10.000
CP achieved post-synthesis:      3.465
CP achieved post-implementation: 6.220
Timing met
